00:00 +0: loading C:/dev/SAGENAPP/test/core/result_test.dart
00:00 +0: C:/dev/SAGENAPP/test/core/result_test.dart: AppResult.ok stores value
00:00 +1: C:/dev/SAGENAPP/test/core/result_test.dart: AppResult.ok isOk returns true
00:00 +2: C:/dev/SAGENAPP/test/core/result_test.dart: AppResult.ok value returns value
00:00 +3: C:/dev/SAGENAPP/test/core/result_test.dart: AppResult.ok error returns null
00:00 +4: C:/dev/SAGENAPP/test/core/result_test.dart: AppResult.error stores error
00:00 +5: C:/dev/SAGENAPP/test/core/result_test.dart: AppResult.error isError returns true
00:00 +6: C:/dev/SAGENAPP/test/core/result_test.dart: AppResult.error value returns null
00:00 +7: C:/dev/SAGENAPP/test/core/result_test.dart: orElse returns value for Ok
00:00 +8: C:/dev/SAGENAPP/test/core/result_test.dart: orElse returns fallback for Error
00:00 +9: C:/dev/SAGENAPP/test/core/result_test.dart: orElseGet returns value for Ok
00:00 +10: C:/dev/SAGENAPP/test/core/result_test.dart: orElseGet calls function for Error
00:00 +11: C:/dev/SAGENAPP/test/core/result_test.dart: map transforms Ok value
00:00 +12: C:/dev/SAGENAPP/test/core/result_test.dart: map returns Error unchanged
00:00 +13: C:/dev/SAGENAPP/test/core/result_test.dart: resultOf wraps success
00:00 +14: C:/dev/SAGENAPP/test/core/result_test.dart: resultOf wraps exception
00:00 +15: C:/dev/SAGENAPP/test/core/result_test.dart: resultOfSync wraps success
00:00 +16: C:/dev/SAGENAPP/test/core/result_test.dart: resultOfSync wraps exception
00:00 +17: C:/dev/SAGENAPP/test/core/result_test.dart: toString AppOk.toString
00:00 +18: C:/dev/SAGENAPP/test/core/result_test.dart: toString AppError.toString
00:00 +19: C:/dev/SAGENAPP/test/core/result_test.dart: pattern matching with switch matches AppOk
00:00 +20: C:/dev/SAGENAPP/test/core/result_test.dart: pattern matching with switch matches AppError
00:00 +21: C:/dev/SAGENAPP/test/core/theme/app_colors_test.dart: AppColorsX isDark returns true for dark theme
00:02 +22: C:/dev/SAGENAPP/test/core/theme/app_colors_test.dart: AppColorsX isDark returns true for dark theme
00:02 +23: C:/dev/SAGENAPP/test/core/theme/app_colors_test.dart: AppColorsX isDark returns true for dark theme
00:02 +24: C:/dev/SAGENAPP/test/core/theme/app_colors_test.dart: AppColorsX isDark returns true for dark theme
00:02 +25: C:/dev/SAGENAPP/test/core/theme/app_colors_test.dart: AppColorsX isDark returns true for dark theme
00:02 +26: C:/dev/SAGENAPP/test/core/theme/app_colors_test.dart: AppColorsX isDark returns true for dark theme
00:02 +27: C:/dev/SAGENAPP/test/core/theme/app_colors_test.dart: AppColorsX isDark returns true for dark theme
00:02 +28: C:/dev/SAGENAPP/test/core/theme/app_colors_test.dart: AppColorsX isDark returns false for light theme
00:02 +29: C:/dev/SAGENAPP/test/core/theme/app_colors_test.dart: AppColorsX textPrimary returns white for dark
00:02 +30: C:/dev/SAGENAPP/test/core/theme/app_colors_test.dart: AppColorsX textPrimary returns textDark for light
00:02 +31: C:/dev/SAGENAPP/test/core/theme/app_colors_test.dart: AppColorsX surfaceCard returns white for light
00:02 +32: C:/dev/SAGENAPP/test/core/theme/app_colors_test.dart: AppColorsX surfaceCard returns darkCard for dark
00:02 +33: C:/dev/SAGENAPP/test/core/theme/app_colors_test.dart: AppColorsX textSecondary returns white70 for dark
00:02 +34: C:/dev/SAGENAPP/test/core/theme/app_colors_test.dart: AppColorsX textTertiary returns white60 for dark
00:03 +35: C:/dev/SAGENAPP/test/core/theme/app_colors_test.dart: AppColorsX subtle returns white12 for dark
00:03 +36: C:/dev/SAGENAPP/test/integration/learning_flow_test.dart: Integration - Learning Flow: complete lesson ÔåÆ earn xp completing a lesson increments xp and lessonsCompleted
00:03 +37: C:/dev/SAGENAPP/test/integration/learning_flow_test.dart: Integration - Learning Flow: complete lesson ÔåÆ earn xp completing the same lesson twice is a no-op
00:03 +38: C:/dev/SAGENAPP/test/integration/learning_flow_test.dart: Integration - Learning Flow: complete lesson ÔåÆ earn xp completing non-existent stage is a no-op
00:03 +39: C:/dev/SAGENAPP/test/integration/learning_flow_test.dart: Integration - Learning Flow: complete lesson ÔåÆ earn xp completing non-existent lesson is a no-op
00:04 +40: C:/dev/SAGENAPP/test/integration/learning_flow_test.dart: Integration - Learning Flow: complete lesson ÔåÆ earn xp xp accumulates across multiple lessons
00:04 +41: C:/dev/SAGENAPP/test/integration/learning_flow_test.dart: Integration - Learning Flow: complete lesson ÔåÆ earn xp level up resets xp to 0 and increments level
00:04 +42: C:/dev/SAGENAPP/test/models/chest_reward_test.dart: ChestSystem.shouldUnlockChest returns false for 0 lessons
00:04 +43: C:/dev/SAGENAPP/test/models/chest_reward_test.dart: ChestSystem.shouldUnlockChest returns false for negative lessons
00:04 +44: C:/dev/SAGENAPP/test/models/chest_reward_test.dart: ChestSystem.shouldUnlockChest returns true for 3 lessons
00:04 +45: C:/dev/SAGENAPP/test/models/chest_reward_test.dart: ChestSystem.shouldUnlockChest returns true for 5 lessons
00:04 +46: C:/dev/SAGENAPP/test/models/chest_reward_test.dart: ChestSystem.shouldUnlockChest returns true for 6 lessons
00:04 +47: C:/dev/SAGENAPP/test/models/chest_reward_test.dart: ChestSystem.shouldUnlockChest returns true for 9 lessons
00:04 +48: C:/dev/SAGENAPP/test/models/chest_reward_test.dart: ChestSystem.shouldUnlockChest returns true for 10 lessons
00:04 +49: C:/dev/SAGENAPP/test/models/chest_reward_test.dart: ChestSystem.shouldUnlockChest returns false for 1 lesson
00:04 +50: C:/dev/SAGENAPP/test/models/chest_reward_test.dart: ChestSystem.shouldUnlockChest returns false for 2 lessons
00:04 +51: C:/dev/SAGENAPP/test/models/chest_reward_test.dart: ChestSystem.shouldUnlockChest returns false for 4 lessons
00:05 +52: C:/dev/SAGENAPP/test/models/chest_reward_test.dart: ChestSystem.isPremiumChest returns true for multiples of 5
00:05 +53: C:/dev/SAGENAPP/test/models/chest_reward_test.dart: ChestSystem.isPremiumChest returns false for non-multiples of 5
00:05 +54: C:/dev/SAGENAPP/test/models/chest_reward_test.dart: ChestSystem.isPremiumChest returns false for 0 or negative
00:05 +55: C:/dev/SAGENAPP/test/models/chest_reward_test.dart: ChestRewardRoller.roll returns ChestReward for bronze type
00:05 +56: C:/dev/SAGENAPP/test/models/chest_reward_test.dart: ChestRewardRoller.roll returns ChestReward for silver type
00:05 +57: C:/dev/SAGENAPP/test/models/chest_reward_test.dart: ChestRewardRoller.roll returns ChestReward for gold type
00:05 +58: C:/dev/SAGENAPP/test/models/chest_reward_test.dart: ChestRewardRoller.roll returns ChestReward for legendary type
00:05 +59: C:/dev/SAGENAPP/test/models/chest_reward_test.dart: ChestRewardRoller.roll overrideXp replaces rolled XP
00:05 +60: C:/dev/SAGENAPP/test/models/chest_reward_test.dart: ChestRewardRoller.roll legendary chest can have streakShields
00:05 +61: C:/dev/SAGENAPP/test/models/chest_reward_test.dart: ChestRewardRoller.roll bronze chest never has streakShields
00:05 +62: C:/dev/SAGENAPP/test/models/chest_reward_test.dart: ChestRewardRoller.roll bronze chest never has xpBoost
00:05 +63: C:/dev/SAGENAPP/test/models/chest_type_extra_test.dart: ChestType.glowColor silver has correct glow color
00:05 +64: C:/dev/SAGENAPP/test/models/chest_type_extra_test.dart: ChestType.glowColor gold has correct glow color
00:05 +65: C:/dev/SAGENAPP/test/models/chest_type_extra_test.dart: ChestType.glowColor legendary has correct glow color
00:05 +66: C:/dev/SAGENAPP/test/models/chest_type_extra_test.dart: ChestType.color all types have non-null color
00:05 +67: C:/dev/SAGENAPP/test/models/chest_type_extra_test.dart: ChestType.label all types have non-empty label
00:05 +68: C:/dev/SAGENAPP/test/models/chest_type_extra_test.dart: ChestType.label labels are unique
00:05 +69: C:/dev/SAGENAPP/test/models/chest_type_extra_test.dart: ChestType enum has 4 values
00:05 +70: C:/dev/SAGENAPP/test/models/chest_type_extra_test.dart: ChestType enum bronze comes first
00:05 +71: C:/dev/SAGENAPP/test/models/chest_type_extra_test.dart: ChestType enum legendary comes last
00:06 +72: C:/dev/SAGENAPP/test/models/chest_type_test.dart: ChestType color bronze returns brown
00:06 +73: C:/dev/SAGENAPP/test/models/chest_type_test.dart: ChestType color silver returns gray
00:06 +74: C:/dev/SAGENAPP/test/models/chest_type_test.dart: ChestType color gold returns amber
00:06 +75: C:/dev/SAGENAPP/test/models/chest_type_test.dart: ChestType color legendary returns purple
00:06 +76: C:/dev/SAGENAPP/test/models/chest_type_test.dart: ChestType glowColor bronze returns brown
00:06 +77: C:/dev/SAGENAPP/test/models/chest_type_test.dart: ChestType label bronze returns Bronce
00:06 +78: C:/dev/SAGENAPP/test/models/chest_type_test.dart: ChestType label silver returns Plata
00:06 +79: C:/dev/SAGENAPP/test/models/chest_type_test.dart: ChestType label gold returns Oro
00:06 +80: C:/dev/SAGENAPP/test/models/chest_type_test.dart: ChestType label legendary returns Legendario
00:07 +81: C:/dev/SAGENAPP/test/models/product_test.dart: Product.isBundle returns false for donation-only products
00:07 +82: C:/dev/SAGENAPP/test/models/product_test.dart: Product.isBundle returns true for bundle products
00:07 +83: C:/dev/SAGENAPP/test/models/product_test.dart: Product.hasStreakProtector returns false for donation products
00:07 +84: C:/dev/SAGENAPP/test/models/product_test.dart: Product.hasStreakProtector returns true for bundle_protector
00:07 +85: C:/dev/SAGENAPP/test/models/product_test.dart: testProducts has 9 products
00:07 +86: C:/dev/SAGENAPP/test/models/product_test.dart: testProducts all have valid IDs
00:07 +87: C:/dev/SAGENAPP/test/models/product_test.dart: testProducts all have positive prices
00:07 +88: C:/dev/SAGENAPP/test/models/product_test.dart: testProducts discounted products have badge
00:08 +89: C:/dev/SAGENAPP/test/models/protection_level_test.dart: protectionLevelForScore returns 1 for score 0
00:08 +90: C:/dev/SAGENAPP/test/models/protection_level_test.dart: protectionLevelForScore returns 5 for score 200
00:08 +91: C:/dev/SAGENAPP/test/models/protection_level_test.dart: protectionLevelForScore returns 10 for score 500
00:08 +92: C:/dev/SAGENAPP/test/models/protection_level_test.dart: protectionLevelForScore returns 20 for score 1200
00:08 +93: C:/dev/SAGENAPP/test/models/protection_level_test.dart: protectionLevelForScore returns 35 for score 2500
00:08 +94: C:/dev/SAGENAPP/test/models/protection_level_test.dart: protectionLevelForScore returns 50 for score 5000
00:08 +95: C:/dev/SAGENAPP/test/models/protection_level_test.dart: protectionLevelForScore returns max tier for score above 5000
00:08 +96: C:/dev/SAGENAPP/test/models/protection_level_test.dart: protectionLevelForScore returns previous tier for score between tiers
00:08 +97: C:/dev/SAGENAPP/test/models/protection_level_test.dart: protectionNameForLevel returns Basic for level 1
00:08 +98: C:/dev/SAGENAPP/test/models/protection_level_test.dart: protectionNameForLevel returns Protected for level 5
00:08 +99: C:/dev/SAGENAPP/test/models/protection_level_test.dart: protectionNameForLevel returns Guardian for level 10
00:08 +100: C:/dev/SAGENAPP/test/models/protection_level_test.dart: protectionNameForLevel returns Cyber Shield for level 20
00:08 +101: C:/dev/SAGENAPP/test/models/protection_level_test.dart: protectionNameForLevel returns Secure Mind for level 35
00:08 +102: C:/dev/SAGENAPP/test/models/protection_level_test.dart: protectionNameForLevel returns Elite Protection for level 50
00:08 +103: C:/dev/SAGENAPP/test/models/protection_level_test.dart: protectionProgress returns 0.0 at tier start
00:08 +104: C:/dev/SAGENAPP/test/models/protection_level_test.dart: protectionProgress returns 1.0 at max tier
00:08 +105: C:/dev/SAGENAPP/test/models/protection_level_test.dart: protectionProgress returns fractional progress between tiers
00:08 +106: C:/dev/SAGENAPP/test/models/protection_level_test.dart: kProtectionTiers has 6 tiers
00:08 +107: C:/dev/SAGENAPP/test/models/protection_level_test.dart: kProtectionTiers tiers are in ascending order
00:09 +108: C:/dev/SAGENAPP/test/models/quiz_score_test.dart: QuizScoreCalculator xp = correct * 15 when no time budget and not perfect
00:09 +109: C:/dev/SAGENAPP/test/models/quiz_score_test.dart: QuizScoreCalculator xp includes time bonus when time budget set
00:09 +110: C:/dev/SAGENAPP/test/models/quiz_score_test.dart: QuizScoreCalculator xp gives full time bonus + perfect bonus when perfect and no time spent
00:09 +111: C:/dev/SAGENAPP/test/models/quiz_score_test.dart: QuizScoreCalculator xp gives perfect bonus but zero time bonus when all time used
00:09 +112: C:/dev/SAGENAPP/test/models/quiz_score_test.dart: QuizScoreCalculator xp handles time spent exceeding budget without perfect bonus
00:09 +113: C:/dev/SAGENAPP/test/models/quiz_score_test.dart: QuizScoreCalculator accuracyPercent returns 0 for zero total
00:09 +114: C:/dev/SAGENAPP/test/models/quiz_score_test.dart: QuizScoreCalculator accuracyPercent returns 100 for all correct
00:09 +115: C:/dev/SAGENAPP/test/models/quiz_score_test.dart: QuizScoreCalculator accuracyPercent returns correct percentage
00:09 +116: C:/dev/SAGENAPP/test/models/quiz_score_test.dart: QuizScoreCalculator avgTimePerQuestion returns 0 for zero total
00:09 +117: C:/dev/SAGENAPP/test/models/quiz_score_test.dart: QuizScoreCalculator avgTimePerQuestion calculates correctly
00:09 +118: C:/dev/SAGENAPP/test/models/quiz_score_test.dart: QuizScoreCalculator isPerfect returns true when all correct
00:09 +119: C:/dev/SAGENAPP/test/models/quiz_score_test.dart: QuizScoreCalculator isPerfect returns false when not all correct
00:10 +120: C:/dev/SAGENAPP/test/models/sagen_pass_test.dart: SagenPass.spForNextLevel returns 50 at level 1
00:10 +121: C:/dev/SAGENAPP/test/models/sagen_pass_test.dart: SagenPass.spForNextLevel returns 60 at level 2
00:10 +122: C:/dev/SAGENAPP/test/models/sagen_pass_test.dart: SagenPass.spForNextLevel returns 0 at maxLevel
00:10 +123: C:/dev/SAGENAPP/test/models/sagen_pass_test.dart: SagenPass.progressFraction returns 0 when sp is 0
00:10 +124: C:/dev/SAGENAPP/test/models/sagen_pass_test.dart: SagenPass.progressFraction returns 0.5 at half progress
00:10 +125: C:/dev/SAGENAPP/test/models/sagen_pass_test.dart: SagenPass.progressFraction clamps at 1.0 when sp exceeds requirement
00:10 +126: C:/dev/SAGENAPP/test/models/sagen_pass_test.dart: SagenPass.progressFraction returns 1.0 at maxLevel
00:10 +127: C:/dev/SAGENAPP/test/models/sagen_pass_test.dart: SagenPass.isMaxLevel returns false below maxLevel
00:10 +128: C:/dev/SAGENAPP/test/models/sagen_pass_test.dart: SagenPass.isMaxLevel returns true at maxLevel
00:10 +129: C:/dev/SAGENAPP/test/models/sagen_pass_test.dart: SagenPass.isLevelClaimed returns false for unclaimed level
00:10 +130: C:/dev/SAGENAPP/test/models/sagen_pass_test.dart: SagenPass.isLevelClaimed returns true for claimed level
00:10 +131: C:/dev/SAGENAPP/test/models/sagen_pass_test.dart: SagenPass.allLevels has exactly 50 entries
00:10 +132: C:/dev/SAGENAPP/test/models/sagen_pass_test.dart: SagenPass.allLevels level 10 has avatarFrame reward
00:10 +133: C:/dev/SAGENAPP/test/models/sagen_pass_test.dart: SagenPass.allLevels level 25 has chest reward
00:10 +134: C:/dev/SAGENAPP/test/models/sagen_pass_test.dart: SagenPass.allLevels level 50 has cosmetic reward
00:10 +135: C:/dev/SAGENAPP/test/models/sagen_pass_test.dart: SagenPass.allLevels level 5 has xp reward
00:10 +136: C:/dev/SAGENAPP/test/models/sagen_pass_test.dart: SagenPass.allLevels level 3 has item reward
00:10 +137: C:/dev/SAGENAPP/test/models/sagen_pass_test.dart: SagenPass.copyWith preserves all fields when none changed
00:10 +138: C:/dev/SAGENAPP/test/models/sagen_pass_test.dart: SagenPass.copyWith updates specific fields
00:11 +139: C:/dev/SAGENAPP/test/performance/rendering_benchmark_test.dart: Performance ÔÇö Rendering Benchmarks WelcomeScreen renders within 500ms
00:14 +140: C:/dev/SAGENAPP/test/performance/rendering_benchmark_test.dart: Performance ÔÇö Rendering Benchmarks WelcomeScreen renders within 500ms
00:14 +141: C:/dev/SAGENAPP/test/performance/rendering_benchmark_test.dart: Performance ÔÇö Rendering Benchmarks WelcomeScreen renders within 500ms
00:14 +142: C:/dev/SAGENAPP/test/performance/rendering_benchmark_test.dart: Performance ÔÇö Rendering Benchmarks WelcomeScreen renders within 500ms
00:14 +143: C:/dev/SAGENAPP/test/performance/rendering_benchmark_test.dart: Performance ÔÇö Rendering Benchmarks WelcomeScreen renders within 500ms
00:14 +144: C:/dev/SAGENAPP/test/performance/rendering_benchmark_test.dart: Performance ÔÇö Rendering Benchmarks WelcomeScreen renders within 500ms
00:14 +145: C:/dev/SAGENAPP/test/performance/rendering_benchmark_test.dart: Performance ÔÇö Rendering Benchmarks WelcomeScreen renders within 500ms
00:14 +145: C:/dev/SAGENAPP/test/providers/achievement_provider_test.dart: AchievementNotifier unlockAchievement returns false for unknown id
[SAGEN] [WARN] AchievementService: getById failed for id: nonexistent
00:14 +146: C:/dev/SAGENAPP/test/performance/rendering_benchmark_test.dart: Performance ÔÇö Rendering Benchmarks WelcomeScreen renders within 500ms
00:14 +147: C:/dev/SAGENAPP/test/performance/rendering_benchmark_test.dart: Performance ÔÇö Rendering Benchmarks WelcomeScreen renders within 500ms
00:14 +148: C:/dev/SAGENAPP/test/performance/rendering_benchmark_test.dart: Performance ÔÇö Rendering Benchmarks WelcomeScreen renders within 500ms
00:15 +149: C:/dev/SAGENAPP/test/performance/rendering_benchmark_test.dart: Performance ÔÇö Rendering Benchmarks WelcomeScreen renders within 500ms
00:15 +150: C:/dev/SAGENAPP/test/performance/rendering_benchmark_test.dart: Performance ÔÇö Rendering Benchmarks WelcomeScreen renders within 500ms
00:15 +151: C:/dev/SAGENAPP/test/performance/rendering_benchmark_test.dart: Performance ÔÇö Rendering Benchmarks WelcomeScreen renders within 500ms
00:16 +152: C:/dev/SAGENAPP/test/performance/rendering_benchmark_test.dart: Performance ÔÇö Rendering Benchmarks WelcomeScreen renders within 500ms
00:16 +153: C:/dev/SAGENAPP/test/performance/rendering_benchmark_test.dart: Performance ÔÇö Rendering Benchmarks WelcomeScreen renders within 500ms
00:16 +154: C:/dev/SAGENAPP/test/performance/rendering_benchmark_test.dart: Performance ÔÇö Rendering Benchmarks WelcomeScreen renders within 500ms
00:16 +155: C:/dev/SAGENAPP/test/performance/rendering_benchmark_test.dart: Performance ÔÇö Rendering Benchmarks WelcomeScreen renders within 500ms
00:16 +156: C:/dev/SAGENAPP/test/performance/rendering_benchmark_test.dart: Performance ÔÇö Rendering Benchmarks WelcomeScreen renders within 500ms
00:16 +157: C:/dev/SAGENAPP/test/performance/rendering_benchmark_test.dart: Performance ÔÇö Rendering Benchmarks WelcomeScreen renders within 500ms
00:16 +158: C:/dev/SAGENAPP/test/performance/rendering_benchmark_test.dart: Performance ÔÇö Rendering Benchmarks WelcomeScreen renders within 500ms
00:16 +159: C:/dev/SAGENAPP/test/performance/rendering_benchmark_test.dart: Performance ÔÇö Rendering Benchmarks WelcomeScreen renders within 500ms
00:16 +160: C:/dev/SAGENAPP/test/performance/rendering_benchmark_test.dart: Performance ÔÇö Rendering Benchmarks WelcomeScreen renders within 500ms
00:16 +161: C:/dev/SAGENAPP/test/performance/rendering_benchmark_test.dart: Performance ÔÇö Rendering Benchmarks WelcomeScreen renders within 500ms
00:16 +161: C:/dev/SAGENAPP/test/providers/auth_provider_test.dart: AuthNotifier signInWithGoogle sets error state on generic exception
[SAGEN] [WARN] Auth: signInWithGoogle failed
00:16 +162: C:/dev/SAGENAPP/test/performance/rendering_benchmark_test.dart: Performance ÔÇö Rendering Benchmarks WelcomeScreen renders within 500ms
00:16 +163: C:/dev/SAGENAPP/test/performance/rendering_benchmark_test.dart: Performance ÔÇö Rendering Benchmarks WelcomeScreen renders within 500ms
00:16 +164: C:/dev/SAGENAPP/test/performance/rendering_benchmark_test.dart: Performance ÔÇö Rendering Benchmarks WelcomeScreen renders within 500ms
00:16 +165: C:/dev/SAGENAPP/test/performance/rendering_benchmark_test.dart: Performance ÔÇö Rendering Benchmarks WelcomeScreen renders within 500ms
00:16 +166: C:/dev/SAGENAPP/test/performance/rendering_benchmark_test.dart: Performance ÔÇö Rendering Benchmarks WelcomeScreen renders within 500ms
00:16 +167: C:/dev/SAGENAPP/test/performance/rendering_benchmark_test.dart: Performance ÔÇö Rendering Benchmarks WelcomeScreen renders within 500ms
00:16 +168: C:/dev/SAGENAPP/test/performance/rendering_benchmark_test.dart: Performance ÔÇö Rendering Benchmarks WelcomeScreen renders within 500ms
00:16 +168: C:/dev/SAGENAPP/test/providers/auth_provider_test.dart: AuthNotifier signOut signs out even if service throws
[SAGEN] [ERROR] Cloud sync during sign-out failed
  Exception: Exception: network error
00:16 +169: C:/dev/SAGENAPP/test/performance/rendering_benchmark_test.dart: Performance ÔÇö Rendering Benchmarks WelcomeScreen renders within 500ms
00:16 +170: C:/dev/SAGENAPP/test/performance/rendering_benchmark_test.dart: Performance ÔÇö Rendering Benchmarks WelcomeScreen renders within 500ms
00:16 +171: C:/dev/SAGENAPP/test/performance/rendering_benchmark_test.dart: Performance ÔÇö Rendering Benchmarks WelcomeScreen renders within 500ms
00:16 +172: C:/dev/SAGENAPP/test/performance/rendering_benchmark_test.dart: Performance ÔÇö Rendering Benchmarks WelcomeScreen renders within 500ms
ÔòÉÔòÉÔòí EXCEPTION CAUGHT BY FLUTTER TEST FRAMEWORK Ôò×ÔòÉÔòÉÔòÉÔòÉÔòÉÔòÉÔòÉÔòÉÔòÉÔòÉÔòÉÔòÉÔòÉÔòÉÔòÉÔòÉÔòÉÔòÉÔòÉÔòÉÔòÉÔòÉÔòÉÔòÉÔòÉÔòÉÔòÉÔòÉÔòÉÔòÉÔòÉÔòÉÔòÉÔòÉÔòÉÔòÉÔòÉÔòÉÔòÉÔòÉÔòÉÔòÉÔòÉÔòÉÔòÉÔòÉÔòÉÔòÉÔòÉÔòÉÔòÉÔòÉ
The following TestFailure was thrown running a test:
Expected: a value less than <2000>
  Actual: <3670>
   Which: is not a value less than <2000>
WelcomeScreen initial render should complete within 2000ms

When the exception was thrown, this was the stack:
#4      main.<anonymous closure>.<anonymous closure> (file:///C:/dev/SAGENAPP/test/performance/rendering_benchmark_test.dart:30:7)
<asynchronous suspension>
#5      testWidgets.<anonymous closure>.<anonymous closure> (package:flutter_test/src/widget_tester.dart:192:15)
<asynchronous suspension>
#6      TestWidgetsFlutterBinding._runTestBody (package:flutter_test/src/binding.dart:1682:5)
<asynchronous suspension>
<asynchronous suspension>
(elided one frame from package:stack_trace)

This was caught by the test expectation on the following line:
  file:///C:/dev/SAGENAPP/test/performance/rendering_benchmark_test.dart line 30
The test description was:
  WelcomeScreen renders within 500ms
ÔòÉÔòÉÔòÉÔòÉÔòÉÔòÉÔòÉÔòÉÔòÉÔòÉÔòÉÔòÉÔòÉÔòÉÔòÉÔòÉÔòÉÔòÉÔòÉÔòÉÔòÉÔòÉÔòÉÔòÉÔòÉÔòÉÔòÉÔòÉÔòÉÔòÉÔòÉÔòÉÔòÉÔòÉÔòÉÔòÉÔòÉÔòÉÔòÉÔòÉÔòÉÔòÉÔòÉÔòÉÔòÉÔòÉÔòÉÔòÉÔòÉÔòÉÔòÉÔòÉÔòÉÔòÉÔòÉÔòÉÔòÉÔòÉÔòÉÔòÉÔòÉÔòÉÔòÉÔòÉÔòÉÔòÉÔòÉÔòÉÔòÉÔòÉÔòÉÔòÉÔòÉÔòÉÔòÉÔòÉÔòÉÔòÉÔòÉÔòÉÔòÉÔòÉÔòÉÔòÉÔòÉÔòÉÔòÉÔòÉÔòÉÔòÉÔòÉÔòÉÔòÉÔòÉÔòÉÔòÉÔòÉÔòÉÔòÉÔòÉ
00:16 +173: C:/dev/SAGENAPP/test/performance/rendering_benchmark_test.dart: Performance ÔÇö Rendering Benchmarks WelcomeScreen renders within 500ms
00:16 +173 -1: C:/dev/SAGENAPP/test/providers/auth_provider_test.dart: AuthNotifier getIdToken returns null on failure
00:16 +173 -1: C:/dev/SAGENAPP/test/performance/rendering_benchmark_test.dart: Performance ÔÇö Rendering Benchmarks WelcomeScreen renders within 500ms [E]
  Test failed. See exception logs above.
  The test description was: WelcomeScreen renders within 500ms
  
00:16 +173 -1: C:/dev/SAGENAPP/test/providers/auth_provider_test.dart: AuthNotifier getIdToken returns null on failure
[SAGEN] [WARN] Auth: getIdToken failed: Exception: error
00:16 +174 -1: C:/dev/SAGENAPP/test/providers/auth_provider_test.dart: AuthNotifier checkEmailVerified sets authenticated when verified
00:16 +175 -1: C:/dev/SAGENAPP/test/providers/auth_provider_test.dart: AuthNotifier checkEmailVerified sets unauthenticated when not verified
00:16 +176 -1: C:/dev/SAGENAPP/test/performance/rendering_benchmark_test.dart: Performance ÔÇö Rendering Benchmarks GlassCard renders within 50ms
00:17 +176 -1: C:/dev/SAGENAPP/test/providers/auth_provider_test.dart: AuthNotifier authStateChanges stream updates state when stream emits authenticated user
[SAGEN] [WARN] AuthSyncManager: loadOnboardingStatus failed: [core/no-app] No Firebase App '[DEFAULT]' has been created - call Firebase.initializeApp()
00:17 +177 -1: C:/dev/SAGENAPP/test/performance/rendering_benchmark_test.dart: Performance ÔÇö Rendering Benchmarks GlassCard renders within 50ms
00:17 +178 -1: C:/dev/SAGENAPP/test/performance/rendering_benchmark_test.dart: Performance ÔÇö Rendering Benchmarks GlassCard renders within 50ms
00:17 +179 -1: C:/dev/SAGENAPP/test/performance/rendering_benchmark_test.dart: Performance ÔÇö Rendering Benchmarks Animation startup does not block frame
00:17 +180 -1: C:/dev/SAGENAPP/test/performance/rendering_benchmark_test.dart: Performance ÔÇö Rendering Benchmarks Widget tree depth does not exceed 200
00:17 +181 -1: C:/dev/SAGENAPP/test/performance/rendering_benchmark_test.dart: Performance ÔÇö Build Benchmarks Multiple rebuilds do not accumulate state
00:18 +182 -1: C:/dev/SAGENAPP/test/performance/rendering_benchmark_test.dart: Performance ÔÇö Build Benchmarks State management does not leak
00:19 +183 -1: C:/dev/SAGENAPP/test/performance/rendering_benchmark_test.dart: Performance ÔÇö Build Benchmarks State management does not leak
00:19 +184 -1: C:/dev/SAGENAPP/test/performance/rendering_benchmark_test.dart: Performance ÔÇö Build Benchmarks State management does not leak
00:19 +185 -1: C:/dev/SAGENAPP/test/performance/rendering_benchmark_test.dart: Performance ÔÇö Build Benchmarks State management does not leak
00:19 +186 -1: C:/dev/SAGENAPP/test/performance/rendering_benchmark_test.dart: Performance ÔÇö Build Benchmarks State management does not leak
00:19 +187 -1: C:/dev/SAGENAPP/test/performance/rendering_benchmark_test.dart: Performance ÔÇö Build Benchmarks State management does not leak
00:19 +188 -1: C:/dev/SAGENAPP/test/performance/rendering_benchmark_test.dart: Performance ÔÇö Build Benchmarks State management does not leak
00:19 +189 -1: C:/dev/SAGENAPP/test/performance/rendering_benchmark_test.dart: Performance ÔÇö Build Benchmarks State management does not leak
00:19 +190 -1: C:/dev/SAGENAPP/test/performance/rendering_benchmark_test.dart: Performance ÔÇö Build Benchmarks State management does not leak
00:19 +191 -1: C:/dev/SAGENAPP/test/performance/rendering_benchmark_test.dart: Performance ÔÇö Build Benchmarks State management does not leak
00:19 +192 -1: C:/dev/SAGENAPP/test/performance/rendering_benchmark_test.dart: Performance ÔÇö Build Benchmarks State management does not leak
00:19 +193 -1: C:/dev/SAGENAPP/test/performance/rendering_benchmark_test.dart: Performance ÔÇö Build Benchmarks State management does not leak
00:21 +194 -1: C:/dev/SAGENAPP/test/performance/rendering_benchmark_test.dart: Performance ÔÇö Layout Benchmarks Layout calculation completes within frame budget
00:21 +195 -1: C:/dev/SAGENAPP/test/performance/rendering_benchmark_test.dart: Performance ÔÇö Layout Benchmarks Layout calculation completes within frame budget
00:21 +196 -1: C:/dev/SAGENAPP/test/performance/rendering_benchmark_test.dart: Performance ÔÇö Layout Benchmarks Layout calculation completes within frame budget
00:21 +197 -1: C:/dev/SAGENAPP/test/performance/rendering_benchmark_test.dart: Performance ÔÇö Layout Benchmarks Layout calculation completes within frame budget
00:21 +198 -1: C:/dev/SAGENAPP/test/performance/rendering_benchmark_test.dart: Performance ÔÇö Layout Benchmarks Layout calculation completes within frame budget
00:21 +199 -1: C:/dev/SAGENAPP/test/providers/first_lesson_provider_test.dart: FirstLessonNotifier build returns default state
00:21 +200 -1: C:/dev/SAGENAPP/test/performance/rendering_benchmark_test.dart: Performance ÔÇö Layout Benchmarks Multiple screen sizes do not cause layout overflow
00:21 +201 -1: C:/dev/SAGENAPP/test/performance/rendering_benchmark_test.dart: Performance ÔÇö Layout Benchmarks Multiple screen sizes do not cause layout overflow
00:21 +202 -1: C:/dev/SAGENAPP/test/performance/rendering_benchmark_test.dart: Performance ÔÇö Layout Benchmarks Multiple screen sizes do not cause layout overflow
00:21 +203 -1: C:/dev/SAGENAPP/test/performance/rendering_benchmark_test.dart: Performance ÔÇö Layout Benchmarks Multiple screen sizes do not cause layout overflow
00:22 +204 -1: C:/dev/SAGENAPP/test/providers/gamification_provider_test.dart: GamificationState initial state has correct defaults
00:22 +205 -1: C:/dev/SAGENAPP/test/providers/gamification_provider_test.dart: GamificationState copyWith updates only specified fields
00:22 +206 -1: C:/dev/SAGENAPP/test/providers/gamification_provider_test.dart: GamificationNotifier build returns default state
00:22 +207 -1: C:/dev/SAGENAPP/test/providers/gamification_provider_test.dart: GamificationNotifier claimDailyChest returns xp and updates state
00:22 +208 -1: C:/dev/SAGENAPP/test/providers/gamification_provider_test.dart: GamificationNotifier incrementMission increments mission completed count
00:22 +209 -1: C:/dev/SAGENAPP/test/providers/gamification_provider_test.dart: GamificationNotifier incrementMission stacks multiple calls
00:23 +210 -1: C:/dev/SAGENAPP/test/providers/inventory_provider_test.dart: InventoryState initial state has correct defaults
00:23 +211 -1: C:/dev/SAGENAPP/test/providers/inventory_provider_test.dart: InventoryState copyWith updates only specified fields
00:23 +212 -1: C:/dev/SAGENAPP/test/providers/inventory_provider_test.dart: InventoryNotifier build returns default state
00:23 +213 -1: C:/dev/SAGENAPP/test/providers/inventory_provider_test.dart: InventoryNotifier totalChestsAllTime is 0 initially
00:23 +214 -1: C:/dev/SAGENAPP/test/providers/inventory_provider_test.dart: InventoryNotifier recordChestOpened increments counters
00:23 +215 -1: C:/dev/SAGENAPP/test/providers/inventory_provider_test.dart: InventoryNotifier recordChestOpened tracks multiple chest types
00:23 +216 -1: C:/dev/SAGENAPP/test/providers/inventory_provider_test.dart: InventoryNotifier recordChestOpened tracks xp boosts
00:23 +217 -1: C:/dev/SAGENAPP/test/providers/inventory_provider_test.dart: InventoryNotifier recordChestOpened persists across rebuilds
00:24 +218 -1: C:/dev/SAGENAPP/test/providers/language_provider_test.dart: LanguageState initial state defaults to Spanish
00:24 +219 -1: C:/dev/SAGENAPP/test/providers/language_provider_test.dart: LanguageState locale returns es for Spanish
00:24 +220 -1: C:/dev/SAGENAPP/test/providers/language_provider_test.dart: LanguageState locale returns en for English
00:24 +221 -1: C:/dev/SAGENAPP/test/providers/language_provider_test.dart: LanguageState copyWith updates language
00:24 +222 -1: C:/dev/SAGENAPP/test/providers/language_provider_test.dart: LanguageNotifier build defaults to Spanish when no saved preference
00:24 +223 -1: C:/dev/SAGENAPP/test/providers/language_provider_test.dart: LanguageNotifier setLanguage changes language and marks as user chosen
00:24 +224 -1: C:/dev/SAGENAPP/test/providers/language_provider_test.dart: LanguageNotifier setLanguage persists to storage
00:24 +225 -1: C:/dev/SAGENAPP/test/providers/language_provider_test.dart: LanguageNotifier setLanguage toggles back to Spanish
00:25 +226 -1: C:/dev/SAGENAPP/test/providers/learning_memory_test.dart: LearningMemoryNotifier starts with empty weak topics
00:25 +227 -1: C:/dev/SAGENAPP/test/providers/learning_memory_test.dart: LearningMemoryNotifier records lesson pass
00:25 +228 -1: C:/dev/SAGENAPP/test/providers/learning_memory_test.dart: LearningMemoryNotifier records lesson fail
00:25 +229 -1: C:/dev/SAGENAPP/test/providers/learning_memory_test.dart: LearningMemoryNotifier identifies weak topics after repeated failures
00:25 +230 -1: C:/dev/SAGENAPP/test/providers/learning_memory_test.dart: LearningMemoryNotifier does not flag topics with few attempts as weak
00:25 +231 -1: C:/dev/SAGENAPP/test/providers/learning_memory_test.dart: LearningMemoryNotifier recommends challenge types for weak phishing topic
00:25 +232 -1: C:/dev/SAGENAPP/test/providers/learning_memory_test.dart: LearningMemoryNotifier recommends challenge types for weak passwords topic
00:25 +233 -1: C:/dev/SAGENAPP/test/providers/learning_memory_test.dart: LearningMemoryNotifier records challenge attempt
00:25 +234 -1: C:/dev/SAGENAPP/test/providers/learning_memory_test.dart: LearningMemoryNotifier tracks sessions this week
00:25 +235 -1: C:/dev/SAGENAPP/test/providers/learning_memory_test.dart: LearningMemoryNotifier calculates overall pass rate
00:26 +236 -1: C:/dev/SAGENAPP/test/providers/learning_provider_test.dart: LearningNotifier - XP initial xp is 0
00:26 +237 -1: C:/dev/SAGENAPP/test/providers/learning_provider_test.dart: LearningNotifier - XP addXp increases balance and totalXpEarned
00:26 +238 -1: C:/dev/SAGENAPP/test/providers/learning_provider_test.dart: LearningNotifier - XP addXp accumulates correctly across multiple calls
00:26 +239 -1: C:/dev/SAGENAPP/test/providers/learning_provider_test.dart: LearningNotifier - XP addXp with 0 is a no-op
00:27 +240 -1: C:/dev/SAGENAPP/test/providers/mission_provider_test.dart: MissionProvider generates daily missions
00:27 +241 -1: C:/dev/SAGENAPP/test/providers/mission_provider_test.dart: MissionProvider all missions have valid fields
00:27 +242 -1: C:/dev/SAGENAPP/test/providers/mission_provider_test.dart: MissionProvider advanceMission increments progress
00:27 +243 -1: C:/dev/SAGENAPP/test/providers/mission_provider_test.dart: MissionProvider advanceMission completes mission when target reached
[SAGEN] [WARN] Chest drop attempt 0 failed: [core/no-app] No Firebase App '[DEFAULT]' has been created - call Firebase.initializeApp()
00:27 +244 -1: C:/dev/SAGENAPP/test/providers/mission_provider_test.dart: MissionProvider DailyMission serialization roundtrip preserves all fields
00:27 +245 -1: C:/dev/SAGENAPP/test/providers/mission_provider_test.dart: MissionProvider DailyMission progressFraction calculation
00:27 +246 -1: C:/dev/SAGENAPP/test/providers/mission_provider_test.dart: MissionProvider DailyMission progressFraction clamps at 1.0
00:27 +247 -1: C:/dev/SAGENAPP/test/providers/mission_provider_test.dart: MissionProvider DailyMission progressFraction returns 0 for target 0
00:28 +248 -1: C:/dev/SAGENAPP/test/providers/onboarding_wizard_test.dart: OnboardingWizardProvider starts at index 0 with empty sectionData
00:28 +249 -1: C:/dev/SAGENAPP/test/providers/onboarding_wizard_test.dart: OnboardingWizardProvider setCurrentIndex clamps within bounds
00:28 +250 -1: C:/dev/SAGENAPP/test/providers/onboarding_wizard_test.dart: OnboardingWizardProvider nextStep advances by one
00:28 +251 -1: C:/dev/SAGENAPP/test/providers/onboarding_wizard_test.dart: OnboardingWizardProvider nextStep stops at last index
00:28 +252 -1: C:/dev/SAGENAPP/test/providers/onboarding_wizard_test.dart: OnboardingWizardProvider previousStep goes back by one
00:28 +253 -1: C:/dev/SAGENAPP/test/providers/onboarding_wizard_test.dart: OnboardingWizardProvider previousStep stops at 0
00:28 +254 -1: C:/dev/SAGENAPP/test/providers/onboarding_wizard_test.dart: OnboardingWizardProvider setSectionData stores value for given index
00:28 +255 -1: C:/dev/SAGENAPP/test/providers/onboarding_wizard_test.dart: OnboardingWizardProvider setSectionData overwrites existing value
00:28 +256 -1: C:/dev/SAGENAPP/test/providers/onboarding_wizard_test.dart: OnboardingWizardProvider setSectionData stores list for multi choice
00:28 +257 -1: C:/dev/SAGENAPP/test/providers/onboarding_wizard_test.dart: OnboardingWizardProvider reset clears all state
00:28 +258 -1: C:/dev/SAGENAPP/test/providers/onboarding_wizard_test.dart: onboardingCanContinueProvider index 0 always allows continue
00:28 +259 -1: C:/dev/SAGENAPP/test/providers/onboarding_wizard_test.dart: onboardingCanContinueProvider index 1 requires single selection
00:28 +260 -1: C:/dev/SAGENAPP/test/providers/onboarding_wizard_test.dart: onboardingCanContinueProvider index 2 requires single selection
00:28 +261 -1: C:/dev/SAGENAPP/test/providers/onboarding_wizard_test.dart: onboardingCanContinueProvider index 3 requires non-empty multi selection
00:28 +262 -1: C:/dev/SAGENAPP/test/providers/onboarding_wizard_test.dart: onboardingCanContinueProvider index 4 requires single selection
00:28 +263 -1: C:/dev/SAGENAPP/test/providers/onboarding_wizard_test.dart: onboardingCanContinueProvider index 5 requires non-empty multi selection
00:28 +264 -1: C:/dev/SAGENAPP/test/providers/onboarding_wizard_test.dart: onboardingCanContinueProvider index 6 requires single selection
00:28 +265 -1: C:/dev/SAGENAPP/test/providers/onboarding_wizard_test.dart: onboardingCanContinueProvider index 7 requires non-empty multi selection
00:28 +266 -1: C:/dev/SAGENAPP/test/providers/onboarding_wizard_test.dart: onboardingCanContinueProvider index 8 always allows continue
00:29 +267 -1: C:/dev/SAGENAPP/test/providers/payment_provider_test.dart: PaymentState initial state has correct defaults
00:29 +268 -1: C:/dev/SAGENAPP/test/providers/payment_provider_test.dart: PaymentState copyWith updates specified fields
00:29 +269 -1: C:/dev/SAGENAPP/test/providers/payment_provider_test.dart: PaymentState copyWith clearError clears errorMessage
00:29 +270 -1: C:/dev/SAGENAPP/test/providers/payment_provider_test.dart: PaymentState copyWith preserves unspecified fields
00:29 +271 -1: C:/dev/SAGENAPP/test/providers/payment_provider_test.dart: PaymentNotifier build returns default state
00:29 +272 -1: C:/dev/SAGENAPP/test/providers/payment_provider_test.dart: PaymentNotifier initiateWhatsApp sets waiting state with price
00:29 +273 -1: C:/dev/SAGENAPP/test/providers/payment_provider_test.dart: PaymentNotifier onPaymentFailure sets failed status with default error
00:29 +274 -1: C:/dev/SAGENAPP/test/providers/payment_provider_test.dart: PaymentNotifier onPaymentFailure sets failed status with custom error
00:29 +275 -1: C:/dev/SAGENAPP/test/providers/payment_provider_test.dart: PaymentNotifier reset clears everything back to default
00:29 +276 -1: C:/dev/SAGENAPP/test/providers/payment_provider_test.dart: PaymentNotifier refreshGems reads donatedAfter from learningProvider
00:29 +277 -1: C:/dev/SAGENAPP/test/providers/payment_provider_test.dart: PaymentNotifier initiateWhatsApp clears previous error
00:30 +278 -1: C:/dev/SAGENAPP/test/providers/protection_provider_test.dart: ProtectionState initial state has correct defaults
00:30 +279 -1: C:/dev/SAGENAPP/test/providers/protection_provider_test.dart: ProtectionState copyWith updates only specified fields
00:30 +280 -1: C:/dev/SAGENAPP/test/providers/protection_provider_test.dart: ProtectionNotifier build returns default state
00:30 +281 -1: C:/dev/SAGENAPP/test/providers/protection_provider_test.dart: ProtectionNotifier initial score and level
00:30 +282 -1: C:/dev/SAGENAPP/test/providers/protection_provider_test.dart: ProtectionNotifier registerCheckIn increments score and check-in count
00:30 +283 -1: C:/dev/SAGENAPP/test/providers/protection_provider_test.dart: ProtectionNotifier registerCheckIn updates habits map
00:30 +284 -1: C:/dev/SAGENAPP/test/providers/protection_provider_test.dart: ProtectionNotifier registerCheckIn provides insight on level up
00:30 +285 -1: C:/dev/SAGENAPP/test/providers/protection_provider_test.dart: ProtectionNotifier multiple check-ins stack correctly
00:30 +286 -1: C:/dev/SAGENAPP/test/providers/protection_provider_test.dart: ProtectionNotifier persists score across container rebuild
00:31 +287 -1: C:/dev/SAGENAPP/test/providers/registration_funnel_provider_test.dart: RegistrationFunnelState initial state has correct defaults
00:31 +288 -1: C:/dev/SAGENAPP/test/providers/registration_funnel_provider_test.dart: RegistrationFunnelState copyWith updates only specified fields
00:31 +289 -1: C:/dev/SAGENAPP/test/providers/registration_funnel_provider_test.dart: RegistrationFunnelNotifier build returns default state
00:31 +290 -1: C:/dev/SAGENAPP/test/providers/registration_funnel_provider_test.dart: RegistrationFunnelNotifier skipToHome sets isGuest to true
00:31 +291 -1: C:/dev/SAGENAPP/test/providers/registration_funnel_provider_test.dart: RegistrationFunnelNotifier setAge updates age
00:31 +292 -1: C:/dev/SAGENAPP/test/providers/registration_funnel_provider_test.dart: RegistrationFunnelNotifier setAuthMethod updates auth method
00:31 +293 -1: C:/dev/SAGENAPP/test/providers/registration_funnel_provider_test.dart: RegistrationFunnelNotifier setEmail and setPassword update credentials
00:31 +294 -1: C:/dev/SAGENAPP/test/providers/registration_funnel_provider_test.dart: RegistrationFunnelNotifier setName and setSurname update name fields
00:31 +295 -1: C:/dev/SAGENAPP/test/providers/registration_funnel_provider_test.dart: RegistrationFunnelNotifier reset returns to initial state
00:31 +296 -1: C:/dev/SAGENAPP/test/providers/registration_funnel_provider_test.dart: Funnel validation providers funnelAgeValidProvider is false for age 0
00:31 +297 -1: C:/dev/SAGENAPP/test/providers/registration_funnel_provider_test.dart: Funnel validation providers funnelAgeValidProvider is true for age >= 13
00:31 +298 -1: C:/dev/SAGENAPP/test/providers/registration_funnel_provider_test.dart: Funnel validation providers funnelEmailValidProvider validates email format
00:31 +299 -1: C:/dev/SAGENAPP/test/providers/registration_funnel_provider_test.dart: Funnel validation providers funnelPasswordValidProvider checks minimum length
00:31 +300 -1: C:/dev/SAGENAPP/test/providers/registration_funnel_provider_test.dart: Funnel validation providers funnelNameValidProvider requires both name and surname
00:32 +301 -1: C:/dev/SAGENAPP/test/providers/review_provider_test.dart: ReviewState initial state has correct defaults
00:32 +302 -1: C:/dev/SAGENAPP/test/providers/review_provider_test.dart: ReviewState copyWith updates only specified fields
00:32 +303 -1: C:/dev/SAGENAPP/test/providers/review_provider_test.dart: ReviewNotifier build returns default state
00:32 +304 -1: C:/dev/SAGENAPP/test/providers/review_provider_test.dart: ReviewNotifier initial getters return empty state
00:32 +305 -1: C:/dev/SAGENAPP/test/providers/review_provider_test.dart: ReviewNotifier recordMistake adds question failure and topic score
00:32 +306 -1: C:/dev/SAGENAPP/test/providers/review_provider_test.dart: ReviewNotifier recordMistake increments multiple failures for same question
00:32 +307 -1: C:/dev/SAGENAPP/test/providers/review_provider_test.dart: ReviewNotifier recordMistake caps topic score at max
00:32 +308 -1: C:/dev/SAGENAPP/test/providers/review_provider_test.dart: ReviewNotifier hasReviewableQuestions returns true after mistakes
00:32 +309 -1: C:/dev/SAGENAPP/test/providers/review_provider_test.dart: ReviewNotifier recordCorrect decrements failure count
00:32 +310 -1: C:/dev/SAGENAPP/test/providers/review_provider_test.dart: ReviewNotifier recordCorrect removes question when count reaches 0
00:32 +311 -1: C:/dev/SAGENAPP/test/providers/review_provider_test.dart: ReviewNotifier recordCorrect decrements topic score
00:32 +312 -1: C:/dev/SAGENAPP/test/providers/review_provider_test.dart: ReviewNotifier recordCorrect removes topic when score reaches 0
00:32 +313 -1: C:/dev/SAGENAPP/test/providers/review_provider_test.dart: ReviewNotifier markReviewCompleted increments total reviews
00:32 +314 -1: C:/dev/SAGENAPP/test/providers/review_provider_test.dart: ReviewNotifier markReviewCompleted increments cumulative
00:32 +315 -1: C:/dev/SAGENAPP/test/providers/review_provider_test.dart: ReviewNotifier weakTopics identifies topics above threshold
00:32 +316 -1: C:/dev/SAGENAPP/test/providers/review_provider_test.dart: ReviewNotifier reload preserves persisted state
00:33 +317 -1: C:/dev/SAGENAPP/test/providers/sage_ai_provider_test.dart: SageAiProvider initial state is idle with no loading or streaming
00:33 +318 -1: C:/dev/SAGENAPP/test/providers/sage_ai_provider_test.dart: SageAiProvider isLocked returns true when lessonsCompleted < 5
00:33 +319 -1: C:/dev/SAGENAPP/test/providers/sage_ai_provider_test.dart: SageAiProvider isLocked returns false when lessonsCompleted >= 10
00:33 +320 -1: C:/dev/SAGENAPP/test/providers/sage_ai_provider_test.dart: SageAiProvider clearMessages resets state correctly
00:33 +321 -1: C:/dev/SAGENAPP/test/providers/sage_ai_provider_test.dart: SageAiProvider suggestionChips returns expected list
00:34 +322 -1: C:/dev/SAGENAPP/test/providers/session_provider_test.dart: SessionNotifier initial state is intro with 3 lives and no challenge
00:34 +323 -1: C:/dev/SAGENAPP/test/providers/session_provider_test.dart: SessionNotifier startSession initializes playing state with challenges
00:34 +324 -1: C:/dev/SAGENAPP/test/providers/session_provider_test.dart: SessionNotifier submitAnswer handles correct and incorrect feedback
00:34 +325 -1: C:/dev/SAGENAPP/test/providers/session_provider_test.dart: SessionNotifier gameOver when lives reach 0
00:34 +326 -1: C:/dev/SAGENAPP/test/providers/session_provider_test.dart: SessionNotifier completed state when all questions answered
00:35 +327 -1: C:/dev/SAGENAPP/test/providers/streak_provider_test.dart: (setUpAll)
00:35 +327 -1: C:/dev/SAGENAPP/test/providers/streak_provider_test.dart: StreakNotifier starts with zero streak
00:35 +328 -1: C:/dev/SAGENAPP/test/providers/streak_provider_test.dart: StreakNotifier tracks daily check-in
00:35 +329 -1: C:/dev/SAGENAPP/test/providers/streak_provider_test.dart: StreakNotifier provides emotional messages after check-in
00:35 +330 -1: C:/dev/SAGENAPP/test/providers/streak_provider_test.dart: StreakNotifier check-in increments streak
00:35 +331 -1: C:/dev/SAGENAPP/test/providers/streak_provider_test.dart: StreakNotifier monthly stats accessible
00:35 +332 -1: C:/dev/SAGENAPP/test/providers/streak_provider_test.dart: StreakNotifier weekly stats accessible
00:35 +333 -1: C:/dev/SAGENAPP/test/providers/streak_provider_test.dart: StreakNotifier heatmap data accessible
00:35 +334 -1: C:/dev/SAGENAPP/test/providers/streak_provider_test.dart: StreakNotifier sets defrosting flag when check-in while frozen
00:35 +335 -1: C:/dev/SAGENAPP/test/providers/streak_provider_test.dart: (tearDownAll)
00:36 +335 -1: C:/dev/SAGENAPP/test/providers/streak_state_test.dart: streakMultiplier returns 1.0 for streak < 10
00:36 +336 -1: C:/dev/SAGENAPP/test/providers/streak_state_test.dart: streakMultiplier returns 1.0 for streak 0
00:36 +337 -1: C:/dev/SAGENAPP/test/providers/streak_state_test.dart: streakMultiplier returns 1.1 for streak 10
00:36 +338 -1: C:/dev/SAGENAPP/test/providers/streak_state_test.dart: streakMultiplier returns 1.2 for streak 20
00:36 +339 -1: C:/dev/SAGENAPP/test/providers/streak_state_test.dart: streakMultiplier returns 2.0 max for streak 100+
00:36 +340 -1: C:/dev/SAGENAPP/test/providers/streak_state_test.dart: streakMultiplier returns 1.3 for streak 30
00:36 +341 -1: C:/dev/SAGENAPP/test/providers/streak_state_test.dart: streakMultiplier with VIP-like scenarios streakMultiplier is base when no VIP concept in StreakState
00:36 +342 -1: C:/dev/SAGENAPP/test/providers/streak_state_test.dart: StreakState.copyWith preserves all fields when none changed
00:36 +343 -1: C:/dev/SAGENAPP/test/providers/streak_state_test.dart: StreakState.copyWith updates specific fields
00:36 +344 -1: C:/dev/SAGENAPP/test/providers/streak_state_test.dart: StreakState getters currentStreak delegates to status
00:36 +345 -1: C:/dev/SAGENAPP/test/providers/streak_state_test.dart: StreakState getters isStreakFrozen returns false when no freezes
00:37 +346 -1: C:/dev/SAGENAPP/test/providers/theme_provider_test.dart: ThemeState initial state defaults to system mode
00:37 +347 -1: C:/dev/SAGENAPP/test/providers/theme_provider_test.dart: ThemeState copyWith updates mode
00:37 +348 -1: C:/dev/SAGENAPP/test/providers/theme_provider_test.dart: ThemeState effectiveMode returns mode when schedule disabled
00:37 +349 -1: C:/dev/SAGENAPP/test/providers/theme_provider_test.dart: ThemeState currentTheme returns light theme for light mode
00:37 +350 -1: C:/dev/SAGENAPP/test/providers/theme_provider_test.dart: ThemeState currentTheme returns dark theme for dark mode
00:37 +351 -1: C:/dev/SAGENAPP/test/providers/theme_provider_test.dart: ThemeNotifier build returns system mode by default
00:37 +352 -1: C:/dev/SAGENAPP/test/providers/theme_provider_test.dart: ThemeNotifier setMode changes theme mode
00:37 +353 -1: C:/dev/SAGENAPP/test/providers/theme_provider_test.dart: ThemeNotifier setMode disables schedule when not system
00:37 +354 -1: C:/dev/SAGENAPP/test/providers/theme_provider_test.dart: ThemeNotifier setMode for system preserves schedule state
00:37 +355 -1: C:/dev/SAGENAPP/test/providers/theme_provider_test.dart: ThemeNotifier setScheduleEnabled enables schedule and sets system mode
00:37 +356 -1: C:/dev/SAGENAPP/test/providers/theme_provider_test.dart: ThemeNotifier setScheduleHours updates start and end hours clamped to valid range
00:37 +357 -1: C:/dev/SAGENAPP/test/providers/theme_provider_test.dart: ThemeNotifier setScheduleHours clamps out of range values
00:38 +358 -1: C:/dev/SAGENAPP/test/repositories/gamification_repository_test.dart: Daily Chest - Midnight Reset new day generates new chest
00:38 +359 -1: C:/dev/SAGENAPP/test/repositories/gamification_repository_test.dart: Daily Chest - Midnight Reset claiming chest marks it as claimed
00:38 +360 -1: C:/dev/SAGENAPP/test/repositories/gamification_repository_test.dart: Daily Chest - Midnight Reset claiming twice throws error
00:38 +361 -1: C:/dev/SAGENAPP/test/repositories/gamification_repository_test.dart: No-Acumulaci├│n unclaimed chest expires at midnight
00:38 +362 -1: C:/dev/SAGENAPP/test/repositories/gamification_repository_test.dart: Anti-Cheat future date blocks chest claim
00:38 +363 -1: C:/dev/SAGENAPP/test/repositories/gamification_repository_test.dart: Missions incrementMission updates progress
00:38 +364 -1: C:/dev/SAGENAPP/test/repositories/gamification_repository_test.dart: Missions mission target not reached returns false
00:41 +365 -1: C:/dev/SAGENAPP/test/routing/navigation_test.dart: Navigation / route resolves to splash screen
00:41 +366 -1: C:/dev/SAGENAPP/test/routing/navigation_test.dart: Navigation /welcome route resolves correctly
00:42 +367 -1: C:/dev/SAGENAPP/test/routing/navigation_test.dart: Navigation /login route resolves correctly
00:42 +368 -1: C:/dev/SAGENAPP/test/routing/navigation_test.dart: Navigation /forgot-password route resolves correctly
00:42 +369 -1: C:/dev/SAGENAPP/test/routing/navigation_test.dart: Navigation /onboarding route resolves correctly
00:42 +370 -1: C:/dev/SAGENAPP/test/routing/navigation_test.dart: Navigation /review route resolves correctly
00:42 +371 -1: C:/dev/SAGENAPP/test/routing/navigation_test.dart: Navigation /main route resolves correctly
00:42 +372 -1: C:/dev/SAGENAPP/test/routing/navigation_test.dart: Navigation navigating to welcome then login changes route
00:42 +373 -1: C:/dev/SAGENAPP/test/routing/navigation_test.dart: Navigation navigating to unknown route redirects to /
00:43 +374 -1: C:/dev/SAGENAPP/test/services/achievement_service_test.dart: AchievementModel toJson serializes correctly
00:43 +375 -1: C:/dev/SAGENAPP/test/services/achievement_service_test.dart: AchievementModel toJson handles null unlockedDate
00:43 +376 -1: C:/dev/SAGENAPP/test/services/achievement_service_test.dart: AchievementService initializes with default templates
00:43 +377 -1: C:/dev/SAGENAPP/test/services/achievement_service_test.dart: AchievementService getById returns achievement for valid id
00:43 +378 -1: C:/dev/SAGENAPP/test/services/achievement_service_test.dart: AchievementService getById returns null for invalid id
[SAGEN] [WARN] AchievementService: getById failed for id: nonexistent
00:43 +379 -1: C:/dev/SAGENAPP/test/services/achievement_service_test.dart: AchievementService unlock succeeds for locked achievement
00:43 +380 -1: C:/dev/SAGENAPP/test/services/achievement_service_test.dart: AchievementService unlock returns 0 for already unlocked achievement
00:43 +381 -1: C:/dev/SAGENAPP/test/services/achievement_service_test.dart: AchievementService unlock returns 0 for nonexistent achievement
[SAGEN] [WARN] AchievementService: getById failed for id: nonexistent
00:43 +382 -1: C:/dev/SAGENAPP/test/services/achievement_service_test.dart: AchievementService progress is 1.0 when all unlocked
00:43 +383 -1: C:/dev/SAGENAPP/test/services/achievement_service_test.dart: AchievementService achievements list is unmodifiable
00:43 +384 -1: C:/dev/SAGENAPP/test/services/achievement_service_test.dart: AchievementService persists unlock state across reloads
00:43 +385 -1: C:/dev/SAGENAPP/test/services/achievement_service_test.dart: AchievementService all 12 template achievements exist
00:44 +386 -1: C:/dev/SAGENAPP/test/services/analytics_integration_test.dart: Analytics Integration tracks user journey from login to dashboard
00:44 +387 -1: C:/dev/SAGENAPP/test/services/analytics_integration_test.dart: Analytics Integration tracks lesson completion flow
00:44 +388 -1: C:/dev/SAGENAPP/test/services/analytics_integration_test.dart: Analytics Integration tracks store purchase flow
00:44 +389 -1: C:/dev/SAGENAPP/test/services/analytics_integration_test.dart: Analytics Integration flush persists events
00:44 +390 -1: C:/dev/SAGENAPP/test/services/analytics_integration_test.dart: Analytics Integration reset clears all data
00:44 +391 -1: C:/dev/SAGENAPP/test/services/analytics_service_test.dart: AnalyticsService init sets isInitialized
[SAGEN] [WARN] AnalyticsService: FirebaseAnalytics unavailable: [core/no-app] No Firebase App '[DEFAULT]' has been created - call Firebase.initializeApp()
[SAGEN] [INFO] AnalyticsService: analytics enabled by user consent
00:45 +392 -1: C:/dev/SAGENAPP/test/services/analytics_service_test.dart: AnalyticsService track adds event to log
[SAGEN] [WARN] AnalyticsService: FirebaseAnalytics unavailable: [core/no-app] No Firebase App '[DEFAULT]' has been created - call Firebase.initializeApp()
[SAGEN] [INFO] AnalyticsService: analytics enabled by user consent
00:45 +393 -1: C:/dev/SAGENAPP/test/services/analytics_service_test.dart: AnalyticsService track increments aggregated counters
[SAGEN] [WARN] AnalyticsService: FirebaseAnalytics unavailable: [core/no-app] No Firebase App '[DEFAULT]' has been created - call Firebase.initializeApp()
[SAGEN] [INFO] AnalyticsService: analytics enabled by user consent
00:45 +394 -1: C:/dev/SAGENAPP/test/services/analytics_service_test.dart: AnalyticsService trackScreen logs screen_view event
[SAGEN] [WARN] AnalyticsService: FirebaseAnalytics unavailable: [core/no-app] No Firebase App '[DEFAULT]' has been created - call Firebase.initializeApp()
[SAGEN] [INFO] AnalyticsService: analytics enabled by user consent
00:45 +395 -1: C:/dev/SAGENAPP/test/services/analytics_service_test.dart: AnalyticsService trackChallengeAttempt logs challenge events
[SAGEN] [WARN] AnalyticsService: FirebaseAnalytics unavailable: [core/no-app] No Firebase App '[DEFAULT]' has been created - call Firebase.initializeApp()
[SAGEN] [INFO] AnalyticsService: analytics enabled by user consent
00:45 +396 -1: C:/dev/SAGENAPP/test/services/analytics_service_test.dart: AnalyticsService trackChallengeAttempt logs fail on incorrect
[SAGEN] [WARN] AnalyticsService: FirebaseAnalytics unavailable: [core/no-app] No Firebase App '[DEFAULT]' has been created - call Firebase.initializeApp()
[SAGEN] [INFO] AnalyticsService: analytics enabled by user consent
00:45 +397 -1: C:/dev/SAGENAPP/test/services/analytics_service_test.dart: AnalyticsService trackLessonComplete logs lesson_complete event
[SAGEN] [WARN] AnalyticsService: FirebaseAnalytics unavailable: [core/no-app] No Firebase App '[DEFAULT]' has been created - call Firebase.initializeApp()
[SAGEN] [INFO] AnalyticsService: analytics enabled by user consent
00:45 +398 -1: C:/dev/SAGENAPP/test/services/analytics_service_test.dart: AnalyticsService challengePassRate returns correct percentage
[SAGEN] [WARN] AnalyticsService: FirebaseAnalytics unavailable: [core/no-app] No Firebase App '[DEFAULT]' has been created - call Firebase.initializeApp()
[SAGEN] [INFO] AnalyticsService: analytics enabled by user consent
00:45 +399 -1: C:/dev/SAGENAPP/test/services/analytics_service_test.dart: AnalyticsService unlockAchievement adds achievement
[SAGEN] [WARN] AnalyticsService: FirebaseAnalytics unavailable: [core/no-app] No Firebase App '[DEFAULT]' has been created - call Firebase.initializeApp()
[SAGEN] [INFO] AnalyticsService: analytics enabled by user consent
00:45 +400 -1: C:/dev/SAGENAPP/test/services/analytics_service_test.dart: AnalyticsService unlockAchievement does not duplicate
[SAGEN] [WARN] AnalyticsService: FirebaseAnalytics unavailable: [core/no-app] No Firebase App '[DEFAULT]' has been created - call Firebase.initializeApp()
[SAGEN] [INFO] AnalyticsService: analytics enabled by user consent
00:45 +401 -1: C:/dev/SAGENAPP/test/services/analytics_service_test.dart: AnalyticsService remove achievement clears it
[SAGEN] [WARN] AnalyticsService: FirebaseAnalytics unavailable: [core/no-app] No Firebase App '[DEFAULT]' has been created - call Firebase.initializeApp()
[SAGEN] [INFO] AnalyticsService: analytics enabled by user consent
00:45 +402 -1: C:/dev/SAGENAPP/test/services/analytics_service_test.dart: AnalyticsService allAchievements returns all enum values
[SAGEN] [WARN] AnalyticsService: FirebaseAnalytics unavailable: [core/no-app] No Firebase App '[DEFAULT]' has been created - call Firebase.initializeApp()
[SAGEN] [INFO] AnalyticsService: analytics enabled by user consent
00:45 +403 -1: C:/dev/SAGENAPP/test/services/analytics_service_test.dart: AnalyticsService clearAll resets everything
[SAGEN] [WARN] AnalyticsService: FirebaseAnalytics unavailable: [core/no-app] No Firebase App '[DEFAULT]' has been created - call Firebase.initializeApp()
[SAGEN] [INFO] AnalyticsService: analytics enabled by user consent
00:45 +404 -1: C:/dev/SAGENAPP/test/services/analytics_service_test.dart: AnalyticsService track increments event count
[SAGEN] [WARN] AnalyticsService: FirebaseAnalytics unavailable: [core/no-app] No Firebase App '[DEFAULT]' has been created - call Firebase.initializeApp()
[SAGEN] [INFO] AnalyticsService: analytics enabled by user consent
00:46 +405 -1: C:/dev/SAGENAPP/test/services/api_client_test.dart: ApiException stores type and message
00:46 +406 -1: C:/dev/SAGENAPP/test/services/api_client_test.dart: ApiException stores optional statusCode and host
00:46 +407 -1: C:/dev/SAGENAPP/test/services/api_client_test.dart: ApiException toString includes type and message
00:46 +408 -1: C:/dev/SAGENAPP/test/services/api_client_test.dart: ApiRequest stores request fields
00:46 +409 -1: C:/dev/SAGENAPP/test/services/api_client_test.dart: ApiRequest host extracts from uri
00:46 +410 -1: C:/dev/SAGENAPP/test/services/api_client_test.dart: ApiResponse stores statusCode and body
00:46 +411 -1: C:/dev/SAGENAPP/test/services/api_client_test.dart: ApiResponse jsonMap parses JSON object body
00:46 +412 -1: C:/dev/SAGENAPP/test/services/api_client_test.dart: ApiResponse jsonMap returns null for invalid JSON
[ApiClient] jsonMap error: FormatException: Unexpected character (at character 1)
not-json
^

00:46 +413 -1: C:/dev/SAGENAPP/test/services/api_client_test.dart: ApiResponse jsonList parses JSON array body
00:46 +414 -1: C:/dev/SAGENAPP/test/services/api_client_test.dart: ApiResponse jsonList returns null for object body
00:46 +415 -1: C:/dev/SAGENAPP/test/services/api_client_test.dart: ApiResponse stores headers
00:46 +416 -1: C:/dev/SAGENAPP/test/services/api_client_test.dart: ApiClient singleton throws StateError before init
00:46 +417 -1: C:/dev/SAGENAPP/test/services/api_client_test.dart: ApiClient singleton init creates singleton without pinned hosts
00:46 +418 -1: C:/dev/SAGENAPP/test/services/api_client_test.dart: ApiClient singleton dispose resets singleton
00:46 +419 -1: C:/dev/SAGENAPP/test/services/api_client_test.dart: ApiClient validation rejects HTTP (non-HTTPS) requests
00:46 +420 -1: C:/dev/SAGENAPP/test/services/api_client_test.dart: ApiClient validation rejects requests with empty host
00:46 +421 -1: C:/dev/SAGENAPP/test/services/api_client_test.dart: ApiClient validation rejects unsupported method
00:47 +422 -1: C:/dev/SAGENAPP/test/services/app_logger_extended_test.dart: LogLevel enum has all expected values
00:47 +423 -1: C:/dev/SAGENAPP/test/services/app_logger_extended_test.dart: AppLogger singleton behavior multiple instances share state
[SAGEN] [INFO] shared test
00:47 +424 -1: C:/dev/SAGENAPP/test/services/app_logger_extended_test.dart: AppLogger production mode setProductionMode does not throw
00:47 +425 -1: C:/dev/SAGENAPP/test/services/app_logger_extended_test.dart: AppLogger production mode setCrashReporter does not throw
00:47 +426 -1: C:/dev/SAGENAPP/test/services/app_logger_extended_test.dart: AppLogger error recording error with exception and stack records correctly
[SAGEN] [ERROR] test error
  Exception: Exception: bad
  Stack: #0      main.<anonymous closure>.<anonymous closure> (file:///C:/dev/SAGENAPP/test/services/app_logger_extended_test.dart:49:20)
#1      Declarer.test.<anonymous closure>.<anonymous closure> (package:test_api/src/backend/declarer.dart:253:25)
<asynchronous suspension>
#2      Declarer.test.<anonymous closure> (package:test_api/src/backend/declarer.dart:250:11)
<asynchronous suspension>
#3      Invoker._waitForOutstandingCallbacks.<anonymous closure> (package:test_api/src/backend/invoker.dart:318:9)
<asynchronous suspension>

00:47 +427 -1: C:/dev/SAGENAPP/test/services/app_logger_extended_test.dart: AppLogger error recording error without exception still records
[SAGEN] [ERROR] simple error
00:47 +428 -1: C:/dev/SAGENAPP/test/services/app_logger_extended_test.dart: AppLogger error recording recentErrors returns immutable list
[SAGEN] [ERROR] test
00:47 +429 -1: C:/dev/SAGENAPP/test/services/app_router_test.dart: AppRouter routerProvider creates a valid GoRouter
00:48 +430 -1: C:/dev/SAGENAPP/test/services/app_router_test.dart: AppRouter routerProvider returns same instance on repeated reads
00:49 +431 -1: C:/dev/SAGENAPP/test/services/auth_service_test.dart: (setUpAll)
00:49 +431 -1: C:/dev/SAGENAPP/test/services/auth_service_test.dart: Initial state is not logged in
00:49 +432 -1: C:/dev/SAGENAPP/test/services/auth_service_test.dart: Initial state displayName returns Estudiante when not logged in
00:49 +433 -1: C:/dev/SAGENAPP/test/services/auth_service_test.dart: Initial state email returns empty string when not logged in
00:49 +434 -1: C:/dev/SAGENAPP/test/services/auth_service_test.dart: Initial state photoUrl returns null when not logged in
00:49 +435 -1: C:/dev/SAGENAPP/test/services/auth_service_test.dart: signInWithGoogle sets currentUser and saves session on success
00:49 +436 -1: C:/dev/SAGENAPP/test/services/auth_service_test.dart: signInWithGoogle throws AuthException when client throws
[SAGEN] [ERROR] AuthService: signInWithGoogle failed
  Exception: AuthException(canceled)
00:49 +437 -1: C:/dev/SAGENAPP/test/services/auth_service_test.dart: signInWithGoogle throws firebase_unavailable when Firebase not initialized
[SAGEN] [ERROR] AuthService: signInWithGoogle failed
  Exception: AuthException(firebase_unavailable)
00:49 +438 -1: C:/dev/SAGENAPP/test/services/auth_service_test.dart: signInWithFacebook sets currentUser and saves session on success
00:49 +439 -1: C:/dev/SAGENAPP/test/services/auth_service_test.dart: signInWithFacebook throws when canceled
[SAGEN] [ERROR] AuthService: signInWithFacebook failed
  Exception: AuthException(canceled)
00:49 +440 -1: C:/dev/SAGENAPP/test/services/auth_service_test.dart: signInWithEmail sets currentUser and saves session on success
00:49 +441 -1: C:/dev/SAGENAPP/test/services/auth_service_test.dart: signInWithEmail throws wrong_password on invalid credentials
[SAGEN] [ERROR] AuthService: signInWithEmail failed
  Exception: AuthException(wrong_password)
00:49 +442 -1: C:/dev/SAGENAPP/test/services/auth_service_test.dart: signInWithEmail throws invalid_credential
[SAGEN] [ERROR] AuthService: signInWithEmail failed
  Exception: AuthException(invalid_credential)
00:49 +443 -1: C:/dev/SAGENAPP/test/services/auth_service_test.dart: signInWithEmail throws too_many_requests
[SAGEN] [ERROR] AuthService: signInWithEmail failed
  Exception: AuthException(too_many_requests)
00:49 +444 -1: C:/dev/SAGENAPP/test/services/auth_service_test.dart: signInWithEmail throws network_error
[SAGEN] [ERROR] AuthService: signInWithEmail failed
  Exception: AuthException(network_error)
00:49 +445 -1: C:/dev/SAGENAPP/test/services/auth_service_test.dart: signUpWithEmail sets currentUser and saves session on success
00:49 +446 -1: C:/dev/SAGENAPP/test/services/auth_service_test.dart: signUpWithEmail throws email_in_use when email already exists
[SAGEN] [ERROR] AuthService: signUpWithEmail failed
  Exception: AuthException(email_in_use)
00:49 +447 -1: C:/dev/SAGENAPP/test/services/auth_service_test.dart: signUpWithEmail throws weak_password
[SAGEN] [ERROR] AuthService: signUpWithEmail failed
  Exception: AuthException(weak_password)
00:49 +448 -1: C:/dev/SAGENAPP/test/services/auth_service_test.dart: signUpWithEmail throws invalid_email
[SAGEN] [ERROR] AuthService: signUpWithEmail failed
  Exception: AuthException(invalid_email)
00:49 +449 -1: C:/dev/SAGENAPP/test/services/auth_service_test.dart: signOut clears currentUser and session
00:49 +450 -1: C:/dev/SAGENAPP/test/services/auth_service_test.dart: sendPasswordResetEmail delegates to client
00:49 +451 -1: C:/dev/SAGENAPP/test/services/auth_service_test.dart: sendPasswordResetEmail propagates exceptions
[SAGEN] [ERROR] AuthService: sendPasswordResetEmail failed
  Exception: AuthException(network_error)
00:49 +452 -1: C:/dev/SAGENAPP/test/services/auth_service_test.dart: deleteAccount deletes Firebase user and signs out
00:49 +453 -1: C:/dev/SAGENAPP/test/services/auth_service_test.dart: getIdToken delegates to client
00:49 +454 -1: C:/dev/SAGENAPP/test/services/auth_service_test.dart: getIdToken returns null when client returns null
00:49 +455 -1: C:/dev/SAGENAPP/test/services/auth_service_test.dart: authStateChanges returns empty stream when client not available
00:50 +456 -1: C:/dev/SAGENAPP/test/services/auth_service_test.dart: authStateChanges maps firebase users to AppUser
00:50 +457 -1: C:/dev/SAGENAPP/test/services/auth_service_test.dart: clearAllLocalData clears session
00:50 +458 -1: C:/dev/SAGENAPP/test/services/auth_service_test.dart: dispose cancels auth subscription
00:50 +459 -1: C:/dev/SAGENAPP/test/services/auth_service_test.dart: init sets currentUser when Firebase user exists
00:50 +460 -1: C:/dev/SAGENAPP/test/services/auth_service_test.dart: init clears session when restored session validation fails
00:50 +461 -1: C:/dev/SAGENAPP/test/services/auth_session_manager_test.dart: AuthSessionManager restoreSession returns null when no session saved
00:50 +462 -1: C:/dev/SAGENAPP/test/services/auth_session_manager_test.dart: AuthSessionManager restoreSession returns null when no session saved
00:50 +463 -1: C:/dev/SAGENAPP/test/services/auth_session_manager_test.dart: AuthSessionManager restoreSession returns null when no session saved
[SAGEN] [ERROR] SecureStorage: read failed for auth_fb_uid ÔÇö MissingPluginException(No implementation found for method read on channel plugins.it_nomads.com/flutter_secure_storage)
00:50 +464 -1: C:/dev/SAGENAPP/test/services/auth_session_manager_test.dart: AuthSessionManager saveSession does not throw
00:50 +465 -1: C:/dev/SAGENAPP/test/services/auth_session_manager_test.dart: AuthSessionManager clearSession does not throw
00:50 +465 -1: C:/dev/SAGENAPP/test/services/auth_session_manager_test.dart: AuthSessionManager saveSession does not throw
[SAGEN] [ERROR] SecureStorage: write failed for auth_fb_uid ÔÇö MissingPluginException(No implementation found for method write on channel plugins.it_nomads.com/flutter_secure_storage)
[SAGEN] [WARN] AuthSessionManager: saveSession failed: MissingPluginException(No implementation found for method write on channel plugins.it_nomads.com/flutter_secure_storage)
00:50 +466 -1: C:/dev/SAGENAPP/test/services/auth_session_manager_test.dart: AuthSessionManager save -> restore -> clear cycle handles gracefully
00:50 +466 -1: C:/dev/SAGENAPP/test/services/auth_session_manager_test.dart: AuthSessionManager clearSession does not throw
[SAGEN] [ERROR] SecureStorage: delete failed for auth_fb_uid ÔÇö MissingPluginException(No implementation found for method delete on channel plugins.it_nomads.com/flutter_secure_storage)
[SAGEN] [ERROR] SecureStorage: delete failed for auth_fb_name ÔÇö MissingPluginException(No implementation found for method delete on channel plugins.it_nomads.com/flutter_secure_storage)
[SAGEN] [ERROR] SecureStorage: delete failed for auth_fb_email ÔÇö MissingPluginException(No implementation found for method delete on channel plugins.it_nomads.com/flutter_secure_storage)
[SAGEN] [ERROR] SecureStorage: delete failed for auth_fb_photo ÔÇö MissingPluginException(No implementation found for method delete on channel plugins.it_nomads.com/flutter_secure_storage)
00:50 +466 -1: C:/dev/SAGENAPP/test/services/auth_session_manager_test.dart: AuthSessionManager save -> restore -> clear cycle handles gracefully
[SAGEN] [ERROR] SecureStorage: write failed for auth_fb_uid ÔÇö MissingPluginException(No implementation found for method write on channel plugins.it_nomads.com/flutter_secure_storage)
[SAGEN] [WARN] AuthSessionManager: saveSession failed: MissingPluginException(No implementation found for method write on channel plugins.it_nomads.com/flutter_secure_storage)
[SAGEN] [ERROR] SecureStorage: read failed for auth_fb_uid ÔÇö MissingPluginException(No implementation found for method read on channel plugins.it_nomads.com/flutter_secure_storage)
[SAGEN] [ERROR] SecureStorage: delete failed for auth_fb_uid ÔÇö MissingPluginException(No implementation found for method delete on channel plugins.it_nomads.com/flutter_secure_storage)
[SAGEN] [ERROR] SecureStorage: delete failed for auth_fb_name ÔÇö MissingPluginException(No implementation found for method delete on channel plugins.it_nomads.com/flutter_secure_storage)
[SAGEN] [ERROR] SecureStorage: delete failed for auth_fb_email ÔÇö MissingPluginException(No implementation found for method delete on channel plugins.it_nomads.com/flutter_secure_storage)
[SAGEN] [ERROR] SecureStorage: delete failed for auth_fb_photo ÔÇö MissingPluginException(No implementation found for method delete on channel plugins.it_nomads.com/flutter_secure_storage)
[SAGEN] [ERROR] SecureStorage: read failed for auth_fb_uid ÔÇö MissingPluginException(No implementation found for method read on channel plugins.it_nomads.com/flutter_secure_storage)
00:50 +467 -1: C:/dev/SAGENAPP/test/services/auth_session_manager_test.dart: AuthSessionManager saveSession with minimal AppUser fields
00:50 +468 -1: C:/dev/SAGENAPP/test/services/auth_session_manager_test.dart: AuthSessionManager saveSession with minimal AppUser fields
[SAGEN] [ERROR] SecureStorage: write failed for auth_fb_uid ÔÇö MissingPluginException(No implementation found for method write on channel plugins.it_nomads.com/flutter_secure_storage)
00:51 +468 -1: C:/dev/SAGENAPP/test/services/cache_integration_test.dart: SmartCache Integration Tests CacheEntry serialization roundtrip
00:51 +469 -1: C:/dev/SAGENAPP/test/services/cache_integration_test.dart: SmartCache Integration Tests CacheEntry handles unicode data
00:51 +470 -1: C:/dev/SAGENAPP/test/services/cache_integration_test.dart: SmartCache Integration Tests CacheEntry handles large data
00:51 +471 -1: C:/dev/SAGENAPP/test/services/cache_integration_test.dart: Performance Metrics CacheEntry creation is fast
00:51 +472 -1: C:/dev/SAGENAPP/test/services/cache_integration_test.dart: Performance Metrics CacheEntry expiry check is fast
00:51 +473 -1: C:/dev/SAGENAPP/test/services/cache_integration_test.dart: Cache Key Patterns cache keys follow expected patterns
00:52 +474 -1: C:/dev/SAGENAPP/test/services/chest_evolution_service_test.dart: EvolutionAttempt construction with all fields
00:52 +475 -1: C:/dev/SAGENAPP/test/services/chest_evolution_service_test.dart: ChestEvolutionResult construction with attempts
00:52 +476 -1: C:/dev/SAGENAPP/test/services/chest_evolution_service_test.dart: SingleEvolutionResult evolved result
00:52 +477 -1: C:/dev/SAGENAPP/test/services/chest_evolution_service_test.dart: SingleEvolutionResult no evolution result
00:53 +478 -1: C:/dev/SAGENAPP/test/services/cloud_sync_merge_test.dart: CloudSyncService._applyDocumentData (via loadAll) initializes correctly
[SAGEN] [INFO] CloudSync: initialized
00:53 +479 -1: C:/dev/SAGENAPP/test/services/cloud_sync_merge_test.dart: CloudSyncService._applyDocumentData (via loadAll) clearLocal removes all synced keys
[SAGEN] [INFO] CloudSync: initialized
[SAGEN] [INFO] CloudSync: cleared 14 local keys
00:53 +480 -1: C:/dev/SAGENAPP/test/services/cloud_sync_merge_test.dart: CloudSyncService._applyDocumentData (via loadAll) clearLocal does not remove non-synced keys
[SAGEN] [INFO] CloudSync: initialized
[SAGEN] [INFO] CloudSync: cleared 14 local keys
00:53 +481 -1: C:/dev/SAGENAPP/test/services/cloud_sync_merge_test.dart: CloudSyncService._applyDocumentData (via loadAll) notifyFieldChanged does nothing for non-int values
[SAGEN] [INFO] CloudSync: initialized
[SAGEN] [INFO] CloudSync: server-only field "learning_gems" ÔÇö use EconomicFunctionsService
00:53 +482 -1: C:/dev/SAGENAPP/test/services/cloud_sync_merge_test.dart: CloudSyncService._applyDocumentData (via loadAll) notifyFieldChanged does nothing for unmapped keys
[SAGEN] [INFO] CloudSync: initialized
00:53 +483 -1: C:/dev/SAGENAPP/test/services/cloud_sync_merge_test.dart: CloudSyncService merge timestamp logic timestamp comparison favors newer cloud data
00:53 +484 -1: C:/dev/SAGENAPP/test/services/cloud_sync_merge_test.dart: CloudSyncService merge timestamp logic timestamp comparison rejects older cloud data
00:53 +485 -1: C:/dev/SAGENAPP/test/services/cloud_sync_merge_test.dart: CloudSyncService merge timestamp logic missing local timestamp means cloud is newer
00:53 +486 -1: C:/dev/SAGENAPP/test/services/cloud_sync_merge_test.dart: CloudSyncService merge timestamp logic missing cloud timestamp means cloud is newer
00:54 +487 -1: C:/dev/SAGENAPP/test/services/cloud_sync_service_test.dart: FirestoreFieldConfig isServerOnlyField returns true for economic fields
00:54 +488 -1: C:/dev/SAGENAPP/test/services/cloud_sync_service_test.dart: FirestoreFieldConfig isServerOnlyField returns false for profile fields
00:54 +489 -1: C:/dev/SAGENAPP/test/services/cloud_sync_service_test.dart: FirestoreFieldConfig isProfileField returns true for profile fields
00:54 +490 -1: C:/dev/SAGENAPP/test/services/cloud_sync_service_test.dart: FirestoreFieldConfig isProfileField returns false for server-only fields
00:54 +491 -1: C:/dev/SAGENAPP/test/services/cloud_sync_service_test.dart: FirestoreFieldConfig validateFieldType passes for correct types
00:54 +492 -1: C:/dev/SAGENAPP/test/services/cloud_sync_service_test.dart: FirestoreFieldConfig validateFieldType fails for wrong types
00:54 +493 -1: C:/dev/SAGENAPP/test/services/cloud_sync_service_test.dart: FirestoreFieldConfig validateFieldType passes for unknown fields
00:54 +494 -1: C:/dev/SAGENAPP/test/services/cloud_sync_service_test.dart: FirestoreFieldConfig validateStringLength passes within limit
00:54 +495 -1: C:/dev/SAGENAPP/test/services/cloud_sync_service_test.dart: FirestoreFieldConfig validateStringLength fails over limit
00:54 +496 -1: C:/dev/SAGENAPP/test/services/cloud_sync_service_test.dart: FirestoreFieldConfig validateStringLength passes for unknown fields
00:54 +497 -1: C:/dev/SAGENAPP/test/services/cloud_sync_service_test.dart: FirestoreFieldConfig validateIntRange passes within range
00:54 +498 -1: C:/dev/SAGENAPP/test/services/cloud_sync_service_test.dart: FirestoreFieldConfig validateIntRange fails out of range
00:54 +499 -1: C:/dev/SAGENAPP/test/services/cloud_sync_service_test.dart: FirestoreFieldConfig validateIntRange passes for unknown fields
00:54 +500 -1: C:/dev/SAGENAPP/test/services/cloud_sync_service_test.dart: FirestoreFieldConfig syncKeys contains all expected profile keys
00:54 +501 -1: C:/dev/SAGENAPP/test/services/cloud_sync_service_test.dart: FirestoreFieldConfig spToFirestoreMapping keys are subset of profileFields
00:54 +502 -1: C:/dev/SAGENAPP/test/services/cloud_sync_service_test.dart: FirestoreFieldConfig serverOnlyFields does not overlap with profileFields
00:54 +503 -1: C:/dev/SAGENAPP/test/services/cloud_sync_service_test.dart: FirestoreFieldConfig profileFieldTypes covers all profile fields
00:54 +504 -1: C:/dev/SAGENAPP/test/services/cloud_sync_service_test.dart: FirestoreFieldConfig stringFieldMaxLengths are positive
00:54 +505 -1: C:/dev/SAGENAPP/test/services/cloud_sync_service_test.dart: FirestoreFieldConfig intFieldRanges have min <= max
00:54 +506 -1: C:/dev/SAGENAPP/test/services/cloud_sync_service_test.dart: FirestoreFieldConfig all serverOnlyFields are covered by syncKeys exclusion
00:55 +507 -1: C:/dev/SAGENAPP/test/services/connectivity_service_test.dart: ConnectivityService singleton returns same instance
00:55 +508 -1: C:/dev/SAGENAPP/test/services/connectivity_service_test.dart: ConnectivityService online defaults to true before start
00:55 +509 -1: C:/dev/SAGENAPP/test/services/connectivity_service_test.dart: ConnectivityService offlineSaveCount defaults to 0
00:55 +510 -1: C:/dev/SAGENAPP/test/services/connectivity_service_test.dart: ConnectivityService offlineSavedForLater returns current count
00:55 +511 -1: C:/dev/SAGENAPP/test/services/connectivity_service_test.dart: ConnectivityService start does not throw
00:55 +512 -1: C:/dev/SAGENAPP/test/services/connectivity_service_test.dart: ConnectivityService stop is idempotent
00:55 +512 -1: C:/dev/SAGENAPP/test/services/connectivity_service_test.dart: ConnectivityService start does not throw
[SAGEN] [WARN] ConnectivityService: checkConnectivity failed: MissingPluginException(No implementation found for method check on channel dev.fluttercommunity.plus/connectivity)
00:55 +513 -1: C:/dev/SAGENAPP/test/services/deep_link_test.dart: Deep Link - Route Definitions router provider returns a GoRouter
00:56 +514 -1: C:/dev/SAGENAPP/test/services/deep_link_test.dart: Deep Link - Route Definitions auth routes redirect unauthenticated users
00:56 +515 -1: C:/dev/SAGENAPP/test/services/deep_link_test.dart: Deep Link - Route Definitions protected routes require authentication
00:56 +516 -1: C:/dev/SAGENAPP/test/services/deep_link_test.dart: Deep Link - URL Parsing payment success path is valid
00:56 +517 -1: C:/dev/SAGENAPP/test/services/deep_link_test.dart: Deep Link - URL Parsing payment failure path is valid
00:56 +518 -1: C:/dev/SAGENAPP/test/services/deep_link_test.dart: Deep Link - URL Parsing lesson session path contains parameters
00:56 +519 -1: C:/dev/SAGENAPP/test/services/economic_functions_service_test.dart: EconomicFunctionsService singleton instance exists
00:56 +520 -1: C:/dev/SAGENAPP/test/services/economic_functions_service_test.dart: EconomicFunctionsService singleton returns same instance
00:57 +521 -1: C:/dev/SAGENAPP/test/services/economic_functions_service_test.dart: EconomicFunctionsService constructor is private
00:57 +522 -1: C:/dev/SAGENAPP/test/services/experience_service_test.dart: ExperienceService initializes with defaults
[SAGEN] [WARN] ExperienceService: text scaler read failed: NoSuchMethodError: Class 'FlutterView' has no instance getter 'textScaler'.
Receiver: Instance of 'FlutterView'
Tried calling: textScaler
00:58 +523 -1: C:/dev/SAGENAPP/test/services/experience_service_test.dart: ExperienceService normal returns non-zero duration when animations enabled
[SAGEN] [WARN] ExperienceService: text scaler read failed: NoSuchMethodError: Class 'FlutterView' has no instance getter 'textScaler'.
Receiver: Instance of 'FlutterView'
Tried calling: textScaler
00:58 +524 -1: C:/dev/SAGENAPP/test/services/experience_service_test.dart: ExperienceService normal returns zero when reduced animations enabled
[SAGEN] [WARN] ExperienceService: text scaler read failed: NoSuchMethodError: Class 'FlutterView' has no instance getter 'textScaler'.
Receiver: Instance of 'FlutterView'
Tried calling: textScaler
[SAGEN] [WARN] ExperienceService: text scaler read failed: NoSuchMethodError: Class 'FlutterView' has no instance getter 'textScaler'.
Receiver: Instance of 'FlutterView'
Tried calling: textScaler
00:58 +525 -1: C:/dev/SAGENAPP/test/services/experience_service_test.dart: ExperienceService provides all animation duration getters
[SAGEN] [WARN] ExperienceService: text scaler read failed: NoSuchMethodError: Class 'FlutterView' has no instance getter 'textScaler'.
Receiver: Instance of 'FlutterView'
Tried calling: textScaler
00:58 +526 -1: C:/dev/SAGENAPP/test/services/experience_service_test.dart: ExperienceService celebration is non-zero even with reduced animations
[SAGEN] [WARN] ExperienceService: text scaler read failed: NoSuchMethodError: Class 'FlutterView' has no instance getter 'textScaler'.
Receiver: Instance of 'FlutterView'
Tried calling: textScaler
[SAGEN] [WARN] ExperienceService: text scaler read failed: NoSuchMethodError: Class 'FlutterView' has no instance getter 'textScaler'.
Receiver: Instance of 'FlutterView'
Tried calling: textScaler
00:58 +527 -1: C:/dev/SAGENAPP/test/services/experience_service_test.dart: ExperienceService sound preference defaults to enabled
[SAGEN] [WARN] ExperienceService: text scaler read failed: NoSuchMethodError: Class 'FlutterView' has no instance getter 'textScaler'.
Receiver: Instance of 'FlutterView'
Tried calling: textScaler
00:58 +528 -1: C:/dev/SAGENAPP/test/services/experience_service_test.dart: ExperienceService setting sound preference persists
[SAGEN] [WARN] ExperienceService: text scaler read failed: NoSuchMethodError: Class 'FlutterView' has no instance getter 'textScaler'.
Receiver: Instance of 'FlutterView'
Tried calling: textScaler
00:58 +529 -1: C:/dev/SAGENAPP/test/services/experience_service_test.dart: ExperienceService setting haptic preference persists
[SAGEN] [WARN] ExperienceService: text scaler read failed: NoSuchMethodError: Class 'FlutterView' has no instance getter 'textScaler'.
Receiver: Instance of 'FlutterView'
Tried calling: textScaler
00:58 +530 -1: C:/dev/SAGENAPP/test/services/firebase_mock_test.dart: Firebase Mocking Infrastructure - Self-contained Mock classes can be created and stubbed
00:58 +531 -1: C:/dev/SAGENAPP/test/services/firebase_mock_test.dart: Firebase Mocking Infrastructure - Self-contained FakeUser has correct properties
00:58 +532 -1: C:/dev/SAGENAPP/test/services/firebase_mock_test.dart: Firebase Mocking Infrastructure - Self-contained FakeUserCredential returns user
00:58 +533 -1: C:/dev/SAGENAPP/test/services/firebase_mock_test.dart: Firebase Auth Mocking - Self-contained signInWithEmailAndPassword can be mocked
00:58 +534 -1: C:/dev/SAGENAPP/test/services/firebase_mock_test.dart: Firebase Auth Mocking - Self-contained createUserWithEmailAndPassword can be mocked
00:58 +535 -1: C:/dev/SAGENAPP/test/services/firebase_mock_test.dart: Firebase Auth Mocking - Self-contained signOut can be mocked
00:58 +536 -1: C:/dev/SAGENAPP/test/services/firebase_mock_test.dart: Firebase Auth Mocking - Self-contained currentUser can be mocked
00:58 +537 -1: C:/dev/SAGENAPP/test/services/firebase_mock_test.dart: Firebase Auth Mocking - Self-contained authStateChanges can be mocked
00:58 +538 -1: C:/dev/SAGENAPP/test/services/firebase_mock_test.dart: Firestore Mocking - Self-contained collection operations can be mocked
00:58 +539 -1: C:/dev/SAGENAPP/test/services/firebase_mock_test.dart: Firestore Mocking - Self-contained document set can be mocked
00:58 +540 -1: C:/dev/SAGENAPP/test/services/firebase_mock_test.dart: Firestore Mocking - Self-contained document update can be mocked
00:58 +541 -1: C:/dev/SAGENAPP/test/services/firebase_mock_test.dart: Firestore Mocking - Self-contained document get can be mocked
00:59 +542 -1: C:/dev/SAGENAPP/test/services/firestore_service_test.dart: FirestoreService.sanitize removes HTML tags
00:59 +543 -1: C:/dev/SAGENAPP/test/services/firestore_service_test.dart: FirestoreService.sanitize removes javascript: protocol
00:59 +544 -1: C:/dev/SAGENAPP/test/services/firestore_service_test.dart: FirestoreService.sanitize removes event handlers
00:59 +545 -1: C:/dev/SAGENAPP/test/services/firestore_service_test.dart: FirestoreService.sanitize removes data URIs
00:59 +546 -1: C:/dev/SAGENAPP/test/services/firestore_service_test.dart: FirestoreService.sanitize removes base64 content
00:59 +547 -1: C:/dev/SAGENAPP/test/services/firestore_service_test.dart: FirestoreService.sanitize escapes ampersand and quotes
00:59 +548 -1: C:/dev/SAGENAPP/test/services/firestore_service_test.dart: FirestoreService.sanitize removes control characters
00:59 +549 -1: C:/dev/SAGENAPP/test/services/firestore_service_test.dart: FirestoreService.sanitize replaces multiline with space
00:59 +550 -1: C:/dev/SAGENAPP/test/services/firestore_service_test.dart: FirestoreService.sanitize truncates to 100 characters
00:59 +551 -1: C:/dev/SAGENAPP/test/services/firestore_service_test.dart: FirestoreService.sanitize trims whitespace
00:59 +552 -1: C:/dev/SAGENAPP/test/services/firestore_service_test.dart: FirestoreService.sanitize handles empty string
00:59 +553 -1: C:/dev/SAGENAPP/test/services/firestore_service_test.dart: FirestoreService.sanitize blocks javascript URLs
00:59 +554 -1: C:/dev/SAGENAPP/test/services/firestore_service_test.dart: FirestoreService.sanitizeUrl returns valid HTTP URL
00:59 +555 -1: C:/dev/SAGENAPP/test/services/firestore_service_test.dart: FirestoreService.sanitizeUrl returns valid FTP URL
01:00 +556 -1: C:/dev/SAGENAPP/test/services/firestore_service_test.dart: FirestoreService.sanitizeUrl blocks javascript: URL
01:00 +557 -1: C:/dev/SAGENAPP/test/services/firestore_service_test.dart: FirestoreService.sanitizeUrl blocks non-URL strings
01:00 +558 -1: C:/dev/SAGENAPP/test/services/firestore_service_test.dart: FirestoreService.sanitizeUrl trims whitespace
01:00 +559 -1: C:/dev/SAGENAPP/test/services/firestore_service_test.dart: FirestoreService.clampAge clamps below minimum to 13
01:00 +560 -1: C:/dev/SAGENAPP/test/services/firestore_service_test.dart: FirestoreService.clampAge clamps above maximum to 120
01:00 +561 -1: C:/dev/SAGENAPP/test/services/firestore_service_test.dart: FirestoreService.clampAge allows valid age
01:00 +562 -1: C:/dev/SAGENAPP/test/services/firestore_service_test.dart: FirestoreService.clampAge allows boundary values
01:00 +563 -1: C:/dev/SAGENAPP/test/services/firestore_service_test.dart: FirestoreService.allowedUpdateFields contains profile fields
01:00 +564 -1: C:/dev/SAGENAPP/test/services/firestore_service_test.dart: FirestoreService.allowedUpdateFields does not contain economic fields
01:00 +565 -1: C:/dev/SAGENAPP/test/services/gemini_api_client_test.dart: GeminiApiClient is available after creation
01:00 +566 -1: C:/dev/SAGENAPP/test/services/gemini_api_client_test.dart: GeminiApiClient dispose does not affect availability
01:00 +567 -1: C:/dev/SAGENAPP/test/services/gemini_api_client_test.dart: GeminiApiClient generate throws AiException for empty Content list
01:00 +568 -1: C:/dev/SAGENAPP/test/services/gemini_api_client_test.dart: GeminiApiClient generateStream throws AiException for empty Content list
01:01 +569 -1: C:/dev/SAGENAPP/test/services/gemini_api_client_test.dart: GeminiApiClient generateStream throws AiException for empty Content list
01:01 +570 -1: C:/dev/SAGENAPP/test/services/gemini_api_client_test.dart: GeminiApiClient generateStream throws AiException for empty Content list
01:01 +571 -1: C:/dev/SAGENAPP/test/services/gemini_api_client_test.dart: GeminiApiClient generateStream throws AiException for empty Content list
01:01 +572 -1: C:/dev/SAGENAPP/test/services/gemini_api_client_test.dart: GeminiApiClient generateStream throws AiException for empty Content list
01:01 +573 -1: C:/dev/SAGENAPP/test/services/gemini_api_client_test.dart: GeminiApiClient generateStream throws AiException for empty Content list
01:01 +574 -1: C:/dev/SAGENAPP/test/services/gemini_api_client_test.dart: GeminiApiClient generateStream throws AiException for empty Content list
01:01 +575 -1: C:/dev/SAGENAPP/test/services/gemini_api_client_test.dart: GeminiApiClient generateStream throws AiException for empty Content list
01:01 +576 -1: C:/dev/SAGENAPP/test/services/gemini_api_client_test.dart: GeminiApiClient generateStream throws AiException for empty Content list
01:01 +577 -1: C:/dev/SAGENAPP/test/services/gemini_api_client_test.dart: GeminiApiClient generateStream throws AiException for empty Content list
01:01 +578 -1: C:/dev/SAGENAPP/test/services/gemini_api_client_test.dart: GeminiApiClient generateStream throws AiException for empty Content list
01:01 +579 -1: C:/dev/SAGENAPP/test/services/gemini_api_client_test.dart: GeminiApiClient generateStream throws AiException for empty Content list
01:01 +580 -1: C:/dev/SAGENAPP/test/services/gemini_api_client_test.dart: GeminiApiClient generateStream throws AiException for empty Content list
01:01 +581 -1: C:/dev/SAGENAPP/test/services/gemini_api_client_test.dart: GeminiApiClient generateStream throws AiException for empty Content list
01:01 +582 -1: C:/dev/SAGENAPP/test/services/gemini_api_client_test.dart: GeminiApiClient generateStream throws AiException for empty Content list
01:01 +583 -1: C:/dev/SAGENAPP/test/services/gemini_api_client_test.dart: GeminiApiClient generateStream throws AiException for empty Content list
01:01 +584 -1: C:/dev/SAGENAPP/test/services/gemini_api_client_test.dart: GeminiApiClient generateStream throws AiException for empty Content list
01:01 +585 -1: C:/dev/SAGENAPP/test/services/gemini_api_client_test.dart: GeminiApiClient generateStream throws AiException for empty Content list
01:01 +586 -1: C:/dev/SAGENAPP/test/services/gemini_api_client_test.dart: GeminiApiClient generateStream throws AiException for empty Content list
01:02 +586 -1: C:/dev/SAGENAPP/test/services/load_test.dart: Load Testing - Concurrent Operations AppLogger handles 1000 concurrent writes
[SAGEN] [INFO] Message 0
[SAGEN] [WARN] Warning 0
[SAGEN] [ERROR] Error 0
[SAGEN] [INFO] Message 1
[SAGEN] [WARN] Warning 1
[SAGEN] [ERROR] Error 1
[SAGEN] [INFO] Message 2
[SAGEN] [WARN] Warning 2
[SAGEN] [ERROR] Error 2
[SAGEN] [INFO] Message 3
[SAGEN] [WARN] Warning 3
[SAGEN] [ERROR] Error 3
[SAGEN] [INFO] Message 4
[SAGEN] [WARN] Warning 4
[SAGEN] [ERROR] Error 4
[SAGEN] [INFO] Message 5
[SAGEN] [WARN] Warning 5
[SAGEN] [ERROR] Error 5
[SAGEN] [INFO] Message 6
[SAGEN] [WARN] Warning 6
[SAGEN] [ERROR] Error 6
[SAGEN] [INFO] Message 7
[SAGEN] [WARN] Warning 7
[SAGEN] [ERROR] Error 7
[SAGEN] [INFO] Message 8
[SAGEN] [WARN] Warning 8
[SAGEN] [ERROR] Error 8
[SAGEN] [INFO] Message 9
[SAGEN] [WARN] Warning 9
[SAGEN] [ERROR] Error 9
[SAGEN] [INFO] Message 10
[SAGEN] [WARN] Warning 10
[SAGEN] [ERROR] Error 10
[SAGEN] [INFO] Message 11
[SAGEN] [WARN] Warning 11
[SAGEN] [ERROR] Error 11
[SAGEN] [INFO] Message 12
[SAGEN] [WARN] Warning 12
[SAGEN] [ERROR] Error 12
[SAGEN] [INFO] Message 13
[SAGEN] [WARN] Warning 13
[SAGEN] [ERROR] Error 13
[SAGEN] [INFO] Message 14
[SAGEN] [WARN] Warning 14
[SAGEN] [ERROR] Error 14
[SAGEN] [INFO] Message 15
[SAGEN] [WARN] Warning 15
[SAGEN] [ERROR] Error 15
[SAGEN] [INFO] Message 16
[SAGEN] [WARN] Warning 16
[SAGEN] [ERROR] Error 16
[SAGEN] [INFO] Message 17
[SAGEN] [WARN] Warning 17
[SAGEN] [ERROR] Error 17
[SAGEN] [INFO] Message 18
[SAGEN] [WARN] Warning 18
[SAGEN] [ERROR] Error 18
[SAGEN] [INFO] Message 19
[SAGEN] [WARN] Warning 19
[SAGEN] [ERROR] Error 19
[SAGEN] [INFO] Message 20
[SAGEN] [WARN] Warning 20
[SAGEN] [ERROR] Error 20
[SAGEN] [INFO] Message 21
[SAGEN] [WARN] Warning 21
[SAGEN] [ERROR] Error 21
[SAGEN] [INFO] Message 22
[SAGEN] [WARN] Warning 22
[SAGEN] [ERROR] Error 22
[SAGEN] [INFO] Message 23
[SAGEN] [WARN] Warning 23
[SAGEN] [ERROR] Error 23
[SAGEN] [INFO] Message 24
[SAGEN] [WARN] Warning 24
[SAGEN] [ERROR] Error 24
[SAGEN] [INFO] Message 25
[SAGEN] [WARN] Warning 25
[SAGEN] [ERROR] Error 25
[SAGEN] [INFO] Message 26
[SAGEN] [WARN] Warning 26
[SAGEN] [ERROR] Error 26
[SAGEN] [INFO] Message 27
[SAGEN] [WARN] Warning 27
[SAGEN] [ERROR] Error 27
[SAGEN] [INFO] Message 28
[SAGEN] [WARN] Warning 28
[SAGEN] [ERROR] Error 28
[SAGEN] [INFO] Message 29
[SAGEN] [WARN] Warning 29
[SAGEN] [ERROR] Error 29
[SAGEN] [INFO] Message 30
[SAGEN] [WARN] Warning 30
[SAGEN] [ERROR] Error 30
[SAGEN] [INFO] Message 31
[SAGEN] [WARN] Warning 31
[SAGEN] [ERROR] Error 31
[SAGEN] [INFO] Message 32
[SAGEN] [WARN] Warning 32
[SAGEN] [ERROR] Error 32
[SAGEN] [INFO] Message 33
[SAGEN] [WARN] Warning 33
[SAGEN] [ERROR] Error 33
[SAGEN] [INFO] Message 34
[SAGEN] [WARN] Warning 34
[SAGEN] [ERROR] Error 34
[SAGEN] [INFO] Message 35
[SAGEN] [WARN] Warning 35
[SAGEN] [ERROR] Error 35
[SAGEN] [INFO] Message 36
[SAGEN] [WARN] Warning 36
[SAGEN] [ERROR] Error 36
[SAGEN] [INFO] Message 37
[SAGEN] [WARN] Warning 37
[SAGEN] [ERROR] Error 37
[SAGEN] [INFO] Message 38
[SAGEN] [WARN] Warning 38
[SAGEN] [ERROR] Error 38
[SAGEN] [INFO] Message 39
[SAGEN] [WARN] Warning 39
[SAGEN] [ERROR] Error 39
[SAGEN] [INFO] Message 40
[SAGEN] [WARN] Warning 40
[SAGEN] [ERROR] Error 40
[SAGEN] [INFO] Message 41
[SAGEN] [WARN] Warning 41
[SAGEN] [ERROR] Error 41
[SAGEN] [INFO] Message 42
[SAGEN] [WARN] Warning 42
[SAGEN] [ERROR] Error 42
[SAGEN] [INFO] Message 43
[SAGEN] [WARN] Warning 43
[SAGEN] [ERROR] Error 43
[SAGEN] [INFO] Message 44
[SAGEN] [WARN] Warning 44
[SAGEN] [ERROR] Error 44
[SAGEN] [INFO] Message 45
[SAGEN] [WARN] Warning 45
[SAGEN] [ERROR] Error 45
[SAGEN] [INFO] Message 46
[SAGEN] [WARN] Warning 46
[SAGEN] [ERROR] Error 46
[SAGEN] [INFO] Message 47
[SAGEN] [WARN] Warning 47
[SAGEN] [ERROR] Error 47
[SAGEN] [INFO] Message 48
[SAGEN] [WARN] Warning 48
[SAGEN] [ERROR] Error 48
[SAGEN] [INFO] Message 49
[SAGEN] [WARN] Warning 49
[SAGEN] [ERROR] Error 49
[SAGEN] [INFO] Message 50
[SAGEN] [WARN] Warning 50
[SAGEN] [ERROR] Error 50
[SAGEN] [INFO] Message 51
[SAGEN] [WARN] Warning 51
[SAGEN] [ERROR] Error 51
[SAGEN] [INFO] Message 52
[SAGEN] [WARN] Warning 52
[SAGEN] [ERROR] Error 52
[SAGEN] [INFO] Message 53
[SAGEN] [WARN] Warning 53
[SAGEN] [ERROR] Error 53
[SAGEN] [INFO] Message 54
[SAGEN] [WARN] Warning 54
[SAGEN] [ERROR] Error 54
[SAGEN] [INFO] Message 55
[SAGEN] [WARN] Warning 55
[SAGEN] [ERROR] Error 55
[SAGEN] [INFO] Message 56
[SAGEN] [WARN] Warning 56
[SAGEN] [ERROR] Error 56
[SAGEN] [INFO] Message 57
[SAGEN] [WARN] Warning 57
[SAGEN] [ERROR] Error 57
[SAGEN] [INFO] Message 58
[SAGEN] [WARN] Warning 58
[SAGEN] [ERROR] Error 58
[SAGEN] [INFO] Message 59
[SAGEN] [WARN] Warning 59
[SAGEN] [ERROR] Error 59
[SAGEN] [INFO] Message 60
[SAGEN] [WARN] Warning 60
[SAGEN] [ERROR] Error 60
[SAGEN] [INFO] Message 61
[SAGEN] [WARN] Warning 61
[SAGEN] [ERROR] Error 61
[SAGEN] [INFO] Message 62
[SAGEN] [WARN] Warning 62
[SAGEN] [ERROR] Error 62
[SAGEN] [INFO] Message 63
[SAGEN] [WARN] Warning 63
[SAGEN] [ERROR] Error 63
[SAGEN] [INFO] Message 64
[SAGEN] [WARN] Warning 64
[SAGEN] [ERROR] Error 64
[SAGEN] [INFO] Message 65
[SAGEN] [WARN] Warning 65
[SAGEN] [ERROR] Error 65
[SAGEN] [INFO] Message 66
[SAGEN] [WARN] Warning 66
[SAGEN] [ERROR] Error 66
[SAGEN] [INFO] Message 67
[SAGEN] [WARN] Warning 67
[SAGEN] [ERROR] Error 67
[SAGEN] [INFO] Message 68
[SAGEN] [WARN] Warning 68
[SAGEN] [ERROR] Error 68
[SAGEN] [INFO] Message 69
[SAGEN] [WARN] Warning 69
[SAGEN] [ERROR] Error 69
[SAGEN] [INFO] Message 70
[SAGEN] [WARN] Warning 70
[SAGEN] [ERROR] Error 70
[SAGEN] [INFO] Message 71
[SAGEN] [WARN] Warning 71
[SAGEN] [ERROR] Error 71
[SAGEN] [INFO] Message 72
[SAGEN] [WARN] Warning 72
[SAGEN] [ERROR] Error 72
[SAGEN] [INFO] Message 73
[SAGEN] [WARN] Warning 73
[SAGEN] [ERROR] Error 73
[SAGEN] [INFO] Message 74
[SAGEN] [WARN] Warning 74
[SAGEN] [ERROR] Error 74
[SAGEN] [INFO] Message 75
[SAGEN] [WARN] Warning 75
[SAGEN] [ERROR] Error 75
[SAGEN] [INFO] Message 76
[SAGEN] [WARN] Warning 76
[SAGEN] [ERROR] Error 76
[SAGEN] [INFO] Message 77
[SAGEN] [WARN] Warning 77
[SAGEN] [ERROR] Error 77
[SAGEN] [INFO] Message 78
[SAGEN] [WARN] Warning 78
[SAGEN] [ERROR] Error 78
[SAGEN] [INFO] Message 79
[SAGEN] [WARN] Warning 79
[SAGEN] [ERROR] Error 79
[SAGEN] [INFO] Message 80
[SAGEN] [WARN] Warning 80
[SAGEN] [ERROR] Error 80
[SAGEN] [INFO] Message 81
[SAGEN] [WARN] Warning 81
[SAGEN] [ERROR] Error 81
[SAGEN] [INFO] Message 82
[SAGEN] [WARN] Warning 82
[SAGEN] [ERROR] Error 82
[SAGEN] [INFO] Message 83
[SAGEN] [WARN] Warning 83
[SAGEN] [ERROR] Error 83
[SAGEN] [INFO] Message 84
[SAGEN] [WARN] Warning 84
[SAGEN] [ERROR] Error 84
[SAGEN] [INFO] Message 85
[SAGEN] [WARN] Warning 85
[SAGEN] [ERROR] Error 85
[SAGEN] [INFO] Message 86
[SAGEN] [WARN] Warning 86
[SAGEN] [ERROR] Error 86
[SAGEN] [INFO] Message 87
[SAGEN] [WARN] Warning 87
[SAGEN] [ERROR] Error 87
[SAGEN] [INFO] Message 88
[SAGEN] [WARN] Warning 88
[SAGEN] [ERROR] Error 88
[SAGEN] [INFO] Message 89
[SAGEN] [WARN] Warning 89
[SAGEN] [ERROR] Error 89
[SAGEN] [INFO] Message 90
[SAGEN] [WARN] Warning 90
[SAGEN] [ERROR] Error 90
[SAGEN] [INFO] Message 91
[SAGEN] [WARN] Warning 91
[SAGEN] [ERROR] Error 91
[SAGEN] [INFO] Message 92
[SAGEN] [WARN] Warning 92
[SAGEN] [ERROR] Error 92
[SAGEN] [INFO] Message 93
[SAGEN] [WARN] Warning 93
[SAGEN] [ERROR] Error 93
[SAGEN] [INFO] Message 94
[SAGEN] [WARN] Warning 94
[SAGEN] [ERROR] Error 94
[SAGEN] [INFO] Message 95
[SAGEN] [WARN] Warning 95
[SAGEN] [ERROR] Error 95
[SAGEN] [INFO] Message 96
[SAGEN] [WARN] Warning 96
[SAGEN] [ERROR] Error 96
[SAGEN] [INFO] Message 97
[SAGEN] [WARN] Warning 97
[SAGEN] [ERROR] Error 97
[SAGEN] [INFO] Message 98
[SAGEN] [WARN] Warning 98
[SAGEN] [ERROR] Error 98
[SAGEN] [INFO] Message 99
[SAGEN] [WARN] Warning 99
[SAGEN] [ERROR] Error 99
[SAGEN] [INFO] Message 100
[SAGEN] [WARN] Warning 100
[SAGEN] [ERROR] Error 100
[SAGEN] [INFO] Message 101
[SAGEN] [WARN] Warning 101
[SAGEN] [ERROR] Error 101
[SAGEN] [INFO] Message 102
[SAGEN] [WARN] Warning 102
[SAGEN] [ERROR] Error 102
[SAGEN] [INFO] Message 103
[SAGEN] [WARN] Warning 103
[SAGEN] [ERROR] Error 103
[SAGEN] [INFO] Message 104
[SAGEN] [WARN] Warning 104
[SAGEN] [ERROR] Error 104
[SAGEN] [INFO] Message 105
[SAGEN] [WARN] Warning 105
[SAGEN] [ERROR] Error 105
[SAGEN] [INFO] Message 106
[SAGEN] [WARN] Warning 106
[SAGEN] [ERROR] Error 106
[SAGEN] [INFO] Message 107
[SAGEN] [WARN] Warning 107
[SAGEN] [ERROR] Error 107
[SAGEN] [INFO] Message 108
[SAGEN] [WARN] Warning 108
[SAGEN] [ERROR] Error 108
[SAGEN] [INFO] Message 109
[SAGEN] [WARN] Warning 109
[SAGEN] [ERROR] Error 109
[SAGEN] [INFO] Message 110
[SAGEN] [WARN] Warning 110
[SAGEN] [ERROR] Error 110
[SAGEN] [INFO] Message 111
[SAGEN] [WARN] Warning 111
[SAGEN] [ERROR] Error 111
[SAGEN] [INFO] Message 112
[SAGEN] [WARN] Warning 112
[SAGEN] [ERROR] Error 112
[SAGEN] [INFO] Message 113
[SAGEN] [WARN] Warning 113
[SAGEN] [ERROR] Error 113
[SAGEN] [INFO] Message 114
[SAGEN] [WARN] Warning 114
[SAGEN] [ERROR] Error 114
[SAGEN] [INFO] Message 115
[SAGEN] [WARN] Warning 115
[SAGEN] [ERROR] Error 115
[SAGEN] [INFO] Message 116
[SAGEN] [WARN] Warning 116
[SAGEN] [ERROR] Error 116
[SAGEN] [INFO] Message 117
[SAGEN] [WARN] Warning 117
[SAGEN] [ERROR] Error 117
[SAGEN] [INFO] Message 118
[SAGEN] [WARN] Warning 118
[SAGEN] [ERROR] Error 118
[SAGEN] [INFO] Message 119
[SAGEN] [WARN] Warning 119
[SAGEN] [ERROR] Error 119
[SAGEN] [INFO] Message 120
[SAGEN] [WARN] Warning 120
[SAGEN] [ERROR] Error 120
[SAGEN] [INFO] Message 121
[SAGEN] [WARN] Warning 121
[SAGEN] [ERROR] Error 121
[SAGEN] [INFO] Message 122
[SAGEN] [WARN] Warning 122
[SAGEN] [ERROR] Error 122
[SAGEN] [INFO] Message 123
[SAGEN] [WARN] Warning 123
[SAGEN] [ERROR] Error 123
[SAGEN] [INFO] Message 124
[SAGEN] [WARN] Warning 124
[SAGEN] [ERROR] Error 124
[SAGEN] [INFO] Message 125
[SAGEN] [WARN] Warning 125
[SAGEN] [ERROR] Error 125
[SAGEN] [INFO] Message 126
[SAGEN] [WARN] Warning 126
[SAGEN] [ERROR] Error 126
[SAGEN] [INFO] Message 127
[SAGEN] [WARN] Warning 127
[SAGEN] [ERROR] Error 127
[SAGEN] [INFO] Message 128
[SAGEN] [WARN] Warning 128
[SAGEN] [ERROR] Error 128
[SAGEN] [INFO] Message 129
[SAGEN] [WARN] Warning 129
[SAGEN] [ERROR] Error 129
[SAGEN] [INFO] Message 130
[SAGEN] [WARN] Warning 130
[SAGEN] [ERROR] Error 130
[SAGEN] [INFO] Message 131
[SAGEN] [WARN] Warning 131
[SAGEN] [ERROR] Error 131
[SAGEN] [INFO] Message 132
[SAGEN] [WARN] Warning 132
[SAGEN] [ERROR] Error 132
[SAGEN] [INFO] Message 133
[SAGEN] [WARN] Warning 133
[SAGEN] [ERROR] Error 133
[SAGEN] [INFO] Message 134
[SAGEN] [WARN] Warning 134
[SAGEN] [ERROR] Error 134
[SAGEN] [INFO] Message 135
[SAGEN] [WARN] Warning 135
[SAGEN] [ERROR] Error 135
[SAGEN] [INFO] Message 136
[SAGEN] [WARN] Warning 136
[SAGEN] [ERROR] Error 136
[SAGEN] [INFO] Message 137
[SAGEN] [WARN] Warning 137
[SAGEN] [ERROR] Error 137
[SAGEN] [INFO] Message 138
[SAGEN] [WARN] Warning 138
[SAGEN] [ERROR] Error 138
[SAGEN] [INFO] Message 139
[SAGEN] [WARN] Warning 139
[SAGEN] [ERROR] Error 139
[SAGEN] [INFO] Message 140
[SAGEN] [WARN] Warning 140
[SAGEN] [ERROR] Error 140
[SAGEN] [INFO] Message 141
[SAGEN] [WARN] Warning 141
[SAGEN] [ERROR] Error 141
[SAGEN] [INFO] Message 142
[SAGEN] [WARN] Warning 142
[SAGEN] [ERROR] Error 142
[SAGEN] [INFO] Message 143
[SAGEN] [WARN] Warning 143
[SAGEN] [ERROR] Error 143
[SAGEN] [INFO] Message 144
[SAGEN] [WARN] Warning 144
[SAGEN] [ERROR] Error 144
[SAGEN] [INFO] Message 145
[SAGEN] [WARN] Warning 145
[SAGEN] [ERROR] Error 145
[SAGEN] [INFO] Message 146
[SAGEN] [WARN] Warning 146
[SAGEN] [ERROR] Error 146
[SAGEN] [INFO] Message 147
[SAGEN] [WARN] Warning 147
[SAGEN] [ERROR] Error 147
[SAGEN] [INFO] Message 148
[SAGEN] [WARN] Warning 148
[SAGEN] [ERROR] Error 148
[SAGEN] [INFO] Message 149
[SAGEN] [WARN] Warning 149
[SAGEN] [ERROR] Error 149
[SAGEN] [INFO] Message 150
[SAGEN] [WARN] Warning 150
[SAGEN] [ERROR] Error 150
[SAGEN] [INFO] Message 151
[SAGEN] [WARN] Warning 151
[SAGEN] [ERROR] Error 151
[SAGEN] [INFO] Message 152
[SAGEN] [WARN] Warning 152
[SAGEN] [ERROR] Error 152
[SAGEN] [INFO] Message 153
[SAGEN] [WARN] Warning 153
[SAGEN] [ERROR] Error 153
[SAGEN] [INFO] Message 154
[SAGEN] [WARN] Warning 154
[SAGEN] [ERROR] Error 154
[SAGEN] [INFO] Message 155
[SAGEN] [WARN] Warning 155
[SAGEN] [ERROR] Error 155
[SAGEN] [INFO] Message 156
[SAGEN] [WARN] Warning 156
[SAGEN] [ERROR] Error 156
[SAGEN] [INFO] Message 157
[SAGEN] [WARN] Warning 157
[SAGEN] [ERROR] Error 157
[SAGEN] [INFO] Message 158
[SAGEN] [WARN] Warning 158
[SAGEN] [ERROR] Error 158
[SAGEN] [INFO] Message 159
[SAGEN] [WARN] Warning 159
[SAGEN] [ERROR] Error 159
[SAGEN] [INFO] Message 160
[SAGEN] [WARN] Warning 160
[SAGEN] [ERROR] Error 160
[SAGEN] [INFO] Message 161
[SAGEN] [WARN] Warning 161
[SAGEN] [ERROR] Error 161
[SAGEN] [INFO] Message 162
[SAGEN] [WARN] Warning 162
[SAGEN] [ERROR] Error 162
[SAGEN] [INFO] Message 163
[SAGEN] [WARN] Warning 163
[SAGEN] [ERROR] Error 163
[SAGEN] [INFO] Message 164
[SAGEN] [WARN] Warning 164
[SAGEN] [ERROR] Error 164
[SAGEN] [INFO] Message 165
[SAGEN] [WARN] Warning 165
[SAGEN] [ERROR] Error 165
[SAGEN] [INFO] Message 166
[SAGEN] [WARN] Warning 166
[SAGEN] [ERROR] Error 166
[SAGEN] [INFO] Message 167
[SAGEN] [WARN] Warning 167
[SAGEN] [ERROR] Error 167
[SAGEN] [INFO] Message 168
[SAGEN] [WARN] Warning 168
[SAGEN] [ERROR] Error 168
[SAGEN] [INFO] Message 169
[SAGEN] [WARN] Warning 169
[SAGEN] [ERROR] Error 169
[SAGEN] [INFO] Message 170
[SAGEN] [WARN] Warning 170
[SAGEN] [ERROR] Error 170
[SAGEN] [INFO] Message 171
[SAGEN] [WARN] Warning 171
[SAGEN] [ERROR] Error 171
[SAGEN] [INFO] Message 172
[SAGEN] [WARN] Warning 172
[SAGEN] [ERROR] Error 172
[SAGEN] [INFO] Message 173
[SAGEN] [WARN] Warning 173
[SAGEN] [ERROR] Error 173
[SAGEN] [INFO] Message 174
[SAGEN] [WARN] Warning 174
[SAGEN] [ERROR] Error 174
[SAGEN] [INFO] Message 175
[SAGEN] [WARN] Warning 175
[SAGEN] [ERROR] Error 175
[SAGEN] [INFO] Message 176
[SAGEN] [WARN] Warning 176
[SAGEN] [ERROR] Error 176
[SAGEN] [INFO] Message 177
[SAGEN] [WARN] Warning 177
[SAGEN] [ERROR] Error 177
[SAGEN] [INFO] Message 178
[SAGEN] [WARN] Warning 178
[SAGEN] [ERROR] Error 178
[SAGEN] [INFO] Message 179
[SAGEN] [WARN] Warning 179
[SAGEN] [ERROR] Error 179
[SAGEN] [INFO] Message 180
[SAGEN] [WARN] Warning 180
[SAGEN] [ERROR] Error 180
[SAGEN] [INFO] Message 181
[SAGEN] [WARN] Warning 181
[SAGEN] [ERROR] Error 181
[SAGEN] [INFO] Message 182
[SAGEN] [WARN] Warning 182
[SAGEN] [ERROR] Error 182
[SAGEN] [INFO] Message 183
[SAGEN] [WARN] Warning 183
[SAGEN] [ERROR] Error 183
[SAGEN] [INFO] Message 184
[SAGEN] [WARN] Warning 184
[SAGEN] [ERROR] Error 184
[SAGEN] [INFO] Message 185
[SAGEN] [WARN] Warning 185
[SAGEN] [ERROR] Error 185
[SAGEN] [INFO] Message 186
[SAGEN] [WARN] Warning 186
[SAGEN] [ERROR] Error 186
[SAGEN] [INFO] Message 187
[SAGEN] [WARN] Warning 187
[SAGEN] [ERROR] Error 187
[SAGEN] [INFO] Message 188
[SAGEN] [WARN] Warning 188
[SAGEN] [ERROR] Error 188
[SAGEN] [INFO] Message 189
[SAGEN] [WARN] Warning 189
[SAGEN] [ERROR] Error 189
[SAGEN] [INFO] Message 190
[SAGEN] [WARN] Warning 190
[SAGEN] [ERROR] Error 190
[SAGEN] [INFO] Message 191
[SAGEN] [WARN] Warning 191
[SAGEN] [ERROR] Error 191
[SAGEN] [INFO] Message 192
[SAGEN] [WARN] Warning 192
[SAGEN] [ERROR] Error 192
[SAGEN] [INFO] Message 193
[SAGEN] [WARN] Warning 193
[SAGEN] [ERROR] Error 193
[SAGEN] [INFO] Message 194
[SAGEN] [WARN] Warning 194
[SAGEN] [ERROR] Error 194
[SAGEN] [INFO] Message 195
[SAGEN] [WARN] Warning 195
[SAGEN] [ERROR] Error 195
[SAGEN] [INFO] Message 196
[SAGEN] [WARN] Warning 196
[SAGEN] [ERROR] Error 196
[SAGEN] [INFO] Message 197
[SAGEN] [WARN] Warning 197
[SAGEN] [ERROR] Error 197
[SAGEN] [INFO] Message 198
[SAGEN] [WARN] Warning 198
[SAGEN] [ERROR] Error 198
[SAGEN] [INFO] Message 199
[SAGEN] [WARN] Warning 199
[SAGEN] [ERROR] Error 199
[SAGEN] [INFO] Message 200
[SAGEN] [WARN] Warning 200
[SAGEN] [ERROR] Error 200
[SAGEN] [INFO] Message 201
[SAGEN] [WARN] Warning 201
[SAGEN] [ERROR] Error 201
[SAGEN] [INFO] Message 202
[SAGEN] [WARN] Warning 202
[SAGEN] [ERROR] Error 202
[SAGEN] [INFO] Message 203
[SAGEN] [WARN] Warning 203
[SAGEN] [ERROR] Error 203
[SAGEN] [INFO] Message 204
[SAGEN] [WARN] Warning 204
[SAGEN] [ERROR] Error 204
[SAGEN] [INFO] Message 205
[SAGEN] [WARN] Warning 205
[SAGEN] [ERROR] Error 205
[SAGEN] [INFO] Message 206
[SAGEN] [WARN] Warning 206
[SAGEN] [ERROR] Error 206
[SAGEN] [INFO] Message 207
[SAGEN] [WARN] Warning 207
[SAGEN] [ERROR] Error 207
[SAGEN] [INFO] Message 208
[SAGEN] [WARN] Warning 208
[SAGEN] [ERROR] Error 208
[SAGEN] [INFO] Message 209
[SAGEN] [WARN] Warning 209
[SAGEN] [ERROR] Error 209
[SAGEN] [INFO] Message 210
[SAGEN] [WARN] Warning 210
[SAGEN] [ERROR] Error 210
[SAGEN] [INFO] Message 211
[SAGEN] [WARN] Warning 211
[SAGEN] [ERROR] Error 211
[SAGEN] [INFO] Message 212
[SAGEN] [WARN] Warning 212
[SAGEN] [ERROR] Error 212
[SAGEN] [INFO] Message 213
[SAGEN] [WARN] Warning 213
[SAGEN] [ERROR] Error 213
[SAGEN] [INFO] Message 214
[SAGEN] [WARN] Warning 214
[SAGEN] [ERROR] Error 214
[SAGEN] [INFO] Message 215
[SAGEN] [WARN] Warning 215
[SAGEN] [ERROR] Error 215
[SAGEN] [INFO] Message 216
[SAGEN] [WARN] Warning 216
[SAGEN] [ERROR] Error 216
[SAGEN] [INFO] Message 217
[SAGEN] [WARN] Warning 217
[SAGEN] [ERROR] Error 217
[SAGEN] [INFO] Message 218
[SAGEN] [WARN] Warning 218
[SAGEN] [ERROR] Error 218
[SAGEN] [INFO] Message 219
[SAGEN] [WARN] Warning 219
[SAGEN] [ERROR] Error 219
[SAGEN] [INFO] Message 220
[SAGEN] [WARN] Warning 220
[SAGEN] [ERROR] Error 220
[SAGEN] [INFO] Message 221
[SAGEN] [WARN] Warning 221
[SAGEN] [ERROR] Error 221
[SAGEN] [INFO] Message 222
[SAGEN] [WARN] Warning 222
[SAGEN] [ERROR] Error 222
[SAGEN] [INFO] Message 223
[SAGEN] [WARN] Warning 223
[SAGEN] [ERROR] Error 223
[SAGEN] [INFO] Message 224
[SAGEN] [WARN] Warning 224
[SAGEN] [ERROR] Error 224
[SAGEN] [INFO] Message 225
[SAGEN] [WARN] Warning 225
[SAGEN] [ERROR] Error 225
[SAGEN] [INFO] Message 226
[SAGEN] [WARN] Warning 226
[SAGEN] [ERROR] Error 226
[SAGEN] [INFO] Message 227
[SAGEN] [WARN] Warning 227
[SAGEN] [ERROR] Error 227
[SAGEN] [INFO] Message 228
[SAGEN] [WARN] Warning 228
[SAGEN] [ERROR] Error 228
[SAGEN] [INFO] Message 229
[SAGEN] [WARN] Warning 229
[SAGEN] [ERROR] Error 229
[SAGEN] [INFO] Message 230
[SAGEN] [WARN] Warning 230
[SAGEN] [ERROR] Error 230
[SAGEN] [INFO] Message 231
[SAGEN] [WARN] Warning 231
[SAGEN] [ERROR] Error 231
[SAGEN] [INFO] Message 232
[SAGEN] [WARN] Warning 232
[SAGEN] [ERROR] Error 232
[SAGEN] [INFO] Message 233
[SAGEN] [WARN] Warning 233
[SAGEN] [ERROR] Error 233
[SAGEN] [INFO] Message 234
[SAGEN] [WARN] Warning 234
[SAGEN] [ERROR] Error 234
[SAGEN] [INFO] Message 235
[SAGEN] [WARN] Warning 235
[SAGEN] [ERROR] Error 235
[SAGEN] [INFO] Message 236
[SAGEN] [WARN] Warning 236
[SAGEN] [ERROR] Error 236
[SAGEN] [INFO] Message 237
[SAGEN] [WARN] Warning 237
[SAGEN] [ERROR] Error 237
[SAGEN] [INFO] Message 238
[SAGEN] [WARN] Warning 238
[SAGEN] [ERROR] Error 238
[SAGEN] [INFO] Message 239
[SAGEN] [WARN] Warning 239
[SAGEN] [ERROR] Error 239
[SAGEN] [INFO] Message 240
[SAGEN] [WARN] Warning 240
[SAGEN] [ERROR] Error 240
[SAGEN] [INFO] Message 241
[SAGEN] [WARN] Warning 241
[SAGEN] [ERROR] Error 241
[SAGEN] [INFO] Message 242
[SAGEN] [WARN] Warning 242
[SAGEN] [ERROR] Error 242
[SAGEN] [INFO] Message 243
[SAGEN] [WARN] Warning 243
[SAGEN] [ERROR] Error 243
[SAGEN] [INFO] Message 244
[SAGEN] [WARN] Warning 244
[SAGEN] [ERROR] Error 244
[SAGEN] [INFO] Message 245
[SAGEN] [WARN] Warning 245
[SAGEN] [ERROR] Error 245
[SAGEN] [INFO] Message 246
[SAGEN] [WARN] Warning 246
[SAGEN] [ERROR] Error 246
[SAGEN] [INFO] Message 247
[SAGEN] [WARN] Warning 247
[SAGEN] [ERROR] Error 247
[SAGEN] [INFO] Message 248
[SAGEN] [WARN] Warning 248
[SAGEN] [ERROR] Error 248
[SAGEN] [INFO] Message 249
[SAGEN] [WARN] Warning 249
[SAGEN] [ERROR] Error 249
[SAGEN] [INFO] Message 250
[SAGEN] [WARN] Warning 250
[SAGEN] [ERROR] Error 250
[SAGEN] [INFO] Message 251
[SAGEN] [WARN] Warning 251
[SAGEN] [ERROR] Error 251
[SAGEN] [INFO] Message 252
[SAGEN] [WARN] Warning 252
[SAGEN] [ERROR] Error 252
[SAGEN] [INFO] Message 253
[SAGEN] [WARN] Warning 253
[SAGEN] [ERROR] Error 253
[SAGEN] [INFO] Message 254
[SAGEN] [WARN] Warning 254
[SAGEN] [ERROR] Error 254
[SAGEN] [INFO] Message 255
[SAGEN] [WARN] Warning 255
[SAGEN] [ERROR] Error 255
[SAGEN] [INFO] Message 256
[SAGEN] [WARN] Warning 256
[SAGEN] [ERROR] Error 256
[SAGEN] [INFO] Message 257
[SAGEN] [WARN] Warning 257
[SAGEN] [ERROR] Error 257
[SAGEN] [INFO] Message 258
[SAGEN] [WARN] Warning 258
[SAGEN] [ERROR] Error 258
[SAGEN] [INFO] Message 259
[SAGEN] [WARN] Warning 259
[SAGEN] [ERROR] Error 259
[SAGEN] [INFO] Message 260
[SAGEN] [WARN] Warning 260
[SAGEN] [ERROR] Error 260
[SAGEN] [INFO] Message 261
[SAGEN] [WARN] Warning 261
[SAGEN] [ERROR] Error 261
[SAGEN] [INFO] Message 262
[SAGEN] [WARN] Warning 262
[SAGEN] [ERROR] Error 262
[SAGEN] [INFO] Message 263
[SAGEN] [WARN] Warning 263
[SAGEN] [ERROR] Error 263
[SAGEN] [INFO] Message 264
[SAGEN] [WARN] Warning 264
[SAGEN] [ERROR] Error 264
[SAGEN] [INFO] Message 265
[SAGEN] [WARN] Warning 265
[SAGEN] [ERROR] Error 265
[SAGEN] [INFO] Message 266
[SAGEN] [WARN] Warning 266
[SAGEN] [ERROR] Error 266
[SAGEN] [INFO] Message 267
[SAGEN] [WARN] Warning 267
[SAGEN] [ERROR] Error 267
[SAGEN] [INFO] Message 268
[SAGEN] [WARN] Warning 268
[SAGEN] [ERROR] Error 268
[SAGEN] [INFO] Message 269
[SAGEN] [WARN] Warning 269
[SAGEN] [ERROR] Error 269
[SAGEN] [INFO] Message 270
[SAGEN] [WARN] Warning 270
[SAGEN] [ERROR] Error 270
[SAGEN] [INFO] Message 271
[SAGEN] [WARN] Warning 271
[SAGEN] [ERROR] Error 271
[SAGEN] [INFO] Message 272
[SAGEN] [WARN] Warning 272
[SAGEN] [ERROR] Error 272
[SAGEN] [INFO] Message 273
[SAGEN] [WARN] Warning 273
[SAGEN] [ERROR] Error 273
[SAGEN] [INFO] Message 274
[SAGEN] [WARN] Warning 274
[SAGEN] [ERROR] Error 274
[SAGEN] [INFO] Message 275
[SAGEN] [WARN] Warning 275
[SAGEN] [ERROR] Error 275
[SAGEN] [INFO] Message 276
[SAGEN] [WARN] Warning 276
[SAGEN] [ERROR] Error 276
[SAGEN] [INFO] Message 277
[SAGEN] [WARN] Warning 277
[SAGEN] [ERROR] Error 277
[SAGEN] [INFO] Message 278
[SAGEN] [WARN] Warning 278
[SAGEN] [ERROR] Error 278
[SAGEN] [INFO] Message 279
[SAGEN] [WARN] Warning 279
[SAGEN] [ERROR] Error 279
[SAGEN] [INFO] Message 280
[SAGEN] [WARN] Warning 280
[SAGEN] [ERROR] Error 280
[SAGEN] [INFO] Message 281
[SAGEN] [WARN] Warning 281
[SAGEN] [ERROR] Error 281
[SAGEN] [INFO] Message 282
[SAGEN] [WARN] Warning 282
[SAGEN] [ERROR] Error 282
[SAGEN] [INFO] Message 283
[SAGEN] [WARN] Warning 283
[SAGEN] [ERROR] Error 283
[SAGEN] [INFO] Message 284
[SAGEN] [WARN] Warning 284
[SAGEN] [ERROR] Error 284
[SAGEN] [INFO] Message 285
[SAGEN] [WARN] Warning 285
[SAGEN] [ERROR] Error 285
[SAGEN] [INFO] Message 286
[SAGEN] [WARN] Warning 286
[SAGEN] [ERROR] Error 286
[SAGEN] [INFO] Message 287
[SAGEN] [WARN] Warning 287
[SAGEN] [ERROR] Error 287
[SAGEN] [INFO] Message 288
[SAGEN] [WARN] Warning 288
[SAGEN] [ERROR] Error 288
[SAGEN] [INFO] Message 289
[SAGEN] [WARN] Warning 289
[SAGEN] [ERROR] Error 289
[SAGEN] [INFO] Message 290
[SAGEN] [WARN] Warning 290
[SAGEN] [ERROR] Error 290
[SAGEN] [INFO] Message 291
[SAGEN] [WARN] Warning 291
[SAGEN] [ERROR] Error 291
[SAGEN] [INFO] Message 292
[SAGEN] [WARN] Warning 292
[SAGEN] [ERROR] Error 292
[SAGEN] [INFO] Message 293
[SAGEN] [WARN] Warning 293
[SAGEN] [ERROR] Error 293
[SAGEN] [INFO] Message 294
[SAGEN] [WARN] Warning 294
[SAGEN] [ERROR] Error 294
[SAGEN] [INFO] Message 295
[SAGEN] [WARN] Warning 295
[SAGEN] [ERROR] Error 295
[SAGEN] [INFO] Message 296
[SAGEN] [WARN] Warning 296
[SAGEN] [ERROR] Error 296
[SAGEN] [INFO] Message 297
[SAGEN] [WARN] Warning 297
[SAGEN] [ERROR] Error 297
[SAGEN] [INFO] Message 298
[SAGEN] [WARN] Warning 298
[SAGEN] [ERROR] Error 298
[SAGEN] [INFO] Message 299
[SAGEN] [WARN] Warning 299
[SAGEN] [ERROR] Error 299
[SAGEN] [INFO] Message 300
[SAGEN] [WARN] Warning 300
[SAGEN] [ERROR] Error 300
[SAGEN] [INFO] Message 301
[SAGEN] [WARN] Warning 301
[SAGEN] [ERROR] Error 301
[SAGEN] [INFO] Message 302
[SAGEN] [WARN] Warning 302
[SAGEN] [ERROR] Error 302
[SAGEN] [INFO] Message 303
[SAGEN] [WARN] Warning 303
[SAGEN] [ERROR] Error 303
[SAGEN] [INFO] Message 304
[SAGEN] [WARN] Warning 304
[SAGEN] [ERROR] Error 304
[SAGEN] [INFO] Message 305
[SAGEN] [WARN] Warning 305
[SAGEN] [ERROR] Error 305
[SAGEN] [INFO] Message 306
[SAGEN] [WARN] Warning 306
[SAGEN] [ERROR] Error 306
[SAGEN] [INFO] Message 307
[SAGEN] [WARN] Warning 307
[SAGEN] [ERROR] Error 307
[SAGEN] [INFO] Message 308
[SAGEN] [WARN] Warning 308
[SAGEN] [ERROR] Error 308
[SAGEN] [INFO] Message 309
[SAGEN] [WARN] Warning 309
[SAGEN] [ERROR] Error 309
[SAGEN] [INFO] Message 310
[SAGEN] [WARN] Warning 310
[SAGEN] [ERROR] Error 310
[SAGEN] [INFO] Message 311
[SAGEN] [WARN] Warning 311
[SAGEN] [ERROR] Error 311
[SAGEN] [INFO] Message 312
[SAGEN] [WARN] Warning 312
[SAGEN] [ERROR] Error 312
[SAGEN] [INFO] Message 313
[SAGEN] [WARN] Warning 313
[SAGEN] [ERROR] Error 313
[SAGEN] [INFO] Message 314
[SAGEN] [WARN] Warning 314
[SAGEN] [ERROR] Error 314
[SAGEN] [INFO] Message 315
[SAGEN] [WARN] Warning 315
[SAGEN] [ERROR] Error 315
[SAGEN] [INFO] Message 316
[SAGEN] [WARN] Warning 316
[SAGEN] [ERROR] Error 316
[SAGEN] [INFO] Message 317
[SAGEN] [WARN] Warning 317
[SAGEN] [ERROR] Error 317
[SAGEN] [INFO] Message 318
[SAGEN] [WARN] Warning 318
[SAGEN] [ERROR] Error 318
[SAGEN] [INFO] Message 319
[SAGEN] [WARN] Warning 319
[SAGEN] [ERROR] Error 319
[SAGEN] [INFO] Message 320
[SAGEN] [WARN] Warning 320
[SAGEN] [ERROR] Error 320
[SAGEN] [INFO] Message 321
[SAGEN] [WARN] Warning 321
[SAGEN] [ERROR] Error 321
[SAGEN] [INFO] Message 322
[SAGEN] [WARN] Warning 322
[SAGEN] [ERROR] Error 322
[SAGEN] [INFO] Message 323
[SAGEN] [WARN] Warning 323
[SAGEN] [ERROR] Error 323
[SAGEN] [INFO] Message 324
[SAGEN] [WARN] Warning 324
[SAGEN] [ERROR] Error 324
[SAGEN] [INFO] Message 325
[SAGEN] [WARN] Warning 325
[SAGEN] [ERROR] Error 325
[SAGEN] [INFO] Message 326
[SAGEN] [WARN] Warning 326
[SAGEN] [ERROR] Error 326
[SAGEN] [INFO] Message 327
[SAGEN] [WARN] Warning 327
[SAGEN] [ERROR] Error 327
[SAGEN] [INFO] Message 328
[SAGEN] [WARN] Warning 328
[SAGEN] [ERROR] Error 328
[SAGEN] [INFO] Message 329
[SAGEN] [WARN] Warning 329
[SAGEN] [ERROR] Error 329
[SAGEN] [INFO] Message 330
[SAGEN] [WARN] Warning 330
[SAGEN] [ERROR] Error 330
[SAGEN] [INFO] Message 331
[SAGEN] [WARN] Warning 331
[SAGEN] [ERROR] Error 331
[SAGEN] [INFO] Message 332
[SAGEN] [WARN] Warning 332
[SAGEN] [ERROR] Error 332
[SAGEN] [INFO] Message 333
[SAGEN] [WARN] Warning 333
[SAGEN] [ERROR] Error 333
[SAGEN] [INFO] Message 334
[SAGEN] [WARN] Warning 334
[SAGEN] [ERROR] Error 334
[SAGEN] [INFO] Message 335
[SAGEN] [WARN] Warning 335
[SAGEN] [ERROR] Error 335
[SAGEN] [INFO] Message 336
[SAGEN] [WARN] Warning 336
[SAGEN] [ERROR] Error 336
[SAGEN] [INFO] Message 337
[SAGEN] [WARN] Warning 337
[SAGEN] [ERROR] Error 337
[SAGEN] [INFO] Message 338
[SAGEN] [WARN] Warning 338
[SAGEN] [ERROR] Error 338
[SAGEN] [INFO] Message 339
[SAGEN] [WARN] Warning 339
[SAGEN] [ERROR] Error 339
[SAGEN] [INFO] Message 340
[SAGEN] [WARN] Warning 340
[SAGEN] [ERROR] Error 340
[SAGEN] [INFO] Message 341
[SAGEN] [WARN] Warning 341
[SAGEN] [ERROR] Error 341
[SAGEN] [INFO] Message 342
[SAGEN] [WARN] Warning 342
[SAGEN] [ERROR] Error 342
[SAGEN] [INFO] Message 343
[SAGEN] [WARN] Warning 343
[SAGEN] [ERROR] Error 343
[SAGEN] [INFO] Message 344
[SAGEN] [WARN] Warning 344
[SAGEN] [ERROR] Error 344
[SAGEN] [INFO] Message 345
[SAGEN] [WARN] Warning 345
[SAGEN] [ERROR] Error 345
[SAGEN] [INFO] Message 346
[SAGEN] [WARN] Warning 346
[SAGEN] [ERROR] Error 346
[SAGEN] [INFO] Message 347
[SAGEN] [WARN] Warning 347
[SAGEN] [ERROR] Error 347
[SAGEN] [INFO] Message 348
[SAGEN] [WARN] Warning 348
[SAGEN] [ERROR] Error 348
[SAGEN] [INFO] Message 349
[SAGEN] [WARN] Warning 349
[SAGEN] [ERROR] Error 349
[SAGEN] [INFO] Message 350
[SAGEN] [WARN] Warning 350
[SAGEN] [ERROR] Error 350
[SAGEN] [INFO] Message 351
[SAGEN] [WARN] Warning 351
[SAGEN] [ERROR] Error 351
[SAGEN] [INFO] Message 352
[SAGEN] [WARN] Warning 352
[SAGEN] [ERROR] Error 352
[SAGEN] [INFO] Message 353
[SAGEN] [WARN] Warning 353
[SAGEN] [ERROR] Error 353
[SAGEN] [INFO] Message 354
[SAGEN] [WARN] Warning 354
[SAGEN] [ERROR] Error 354
[SAGEN] [INFO] Message 355
[SAGEN] [WARN] Warning 355
[SAGEN] [ERROR] Error 355
[SAGEN] [INFO] Message 356
[SAGEN] [WARN] Warning 356
[SAGEN] [ERROR] Error 356
[SAGEN] [INFO] Message 357
[SAGEN] [WARN] Warning 357
[SAGEN] [ERROR] Error 357
[SAGEN] [INFO] Message 358
[SAGEN] [WARN] Warning 358
[SAGEN] [ERROR] Error 358
[SAGEN] [INFO] Message 359
[SAGEN] [WARN] Warning 359
[SAGEN] [ERROR] Error 359
[SAGEN] [INFO] Message 360
[SAGEN] [WARN] Warning 360
[SAGEN] [ERROR] Error 360
[SAGEN] [INFO] Message 361
[SAGEN] [WARN] Warning 361
[SAGEN] [ERROR] Error 361
[SAGEN] [INFO] Message 362
[SAGEN] [WARN] Warning 362
[SAGEN] [ERROR] Error 362
[SAGEN] [INFO] Message 363
[SAGEN] [WARN] Warning 363
[SAGEN] [ERROR] Error 363
[SAGEN] [INFO] Message 364
[SAGEN] [WARN] Warning 364
[SAGEN] [ERROR] Error 364
[SAGEN] [INFO] Message 365
[SAGEN] [WARN] Warning 365
[SAGEN] [ERROR] Error 365
[SAGEN] [INFO] Message 366
[SAGEN] [WARN] Warning 366
[SAGEN] [ERROR] Error 366
[SAGEN] [INFO] Message 367
[SAGEN] [WARN] Warning 367
[SAGEN] [ERROR] Error 367
[SAGEN] [INFO] Message 368
[SAGEN] [WARN] Warning 368
[SAGEN] [ERROR] Error 368
[SAGEN] [INFO] Message 369
[SAGEN] [WARN] Warning 369
[SAGEN] [ERROR] Error 369
[SAGEN] [INFO] Message 370
[SAGEN] [WARN] Warning 370
[SAGEN] [ERROR] Error 370
[SAGEN] [INFO] Message 371
[SAGEN] [WARN] Warning 371
[SAGEN] [ERROR] Error 371
[SAGEN] [INFO] Message 372
[SAGEN] [WARN] Warning 372
[SAGEN] [ERROR] Error 372
[SAGEN] [INFO] Message 373
[SAGEN] [WARN] Warning 373
[SAGEN] [ERROR] Error 373
[SAGEN] [INFO] Message 374
[SAGEN] [WARN] Warning 374
01:03 +587 -1: C:/dev/SAGENAPP/test/services/gemini_api_client_test.dart: GeminiApiClient generateStream throws AiException for empty Content list
01:03 +587 -1: C:/dev/SAGENAPP/test/services/load_test.dart: Load Testing - Concurrent Operations AppLogger handles 1000 concurrent writes
[SAGEN] [ERROR] Error 374
[SAGEN] [INFO] Message 375
[SAGEN] [WARN] Warning 375
[SAGEN] [ERROR] Error 375
[SAGEN] [INFO] Message 376
[SAGEN] [WARN] Warning 376
[SAGEN] [ERROR] Error 376
[SAGEN] [INFO] Message 377
[SAGEN] [WARN] Warning 377
[SAGEN] [ERROR] Error 377
[SAGEN] [INFO] Message 378
[SAGEN] [WARN] Warning 378
[SAGEN] [ERROR] Error 378
[SAGEN] [INFO] Message 379
[SAGEN] [WARN] Warning 379
[SAGEN] [ERROR] Error 379
[SAGEN] [INFO] Message 380
[SAGEN] [WARN] Warning 380
[SAGEN] [ERROR] Error 380
[SAGEN] [INFO] Message 381
[SAGEN] [WARN] Warning 381
[SAGEN] [ERROR] Error 381
[SAGEN] [INFO] Message 382
[SAGEN] [WARN] Warning 382
01:03 +588 -1: C:/dev/SAGENAPP/test/services/gemini_api_client_test.dart: GeminiApiClient generateStream throws AiException for empty Content list
01:03 +588 -1: C:/dev/SAGENAPP/test/services/load_test.dart: Load Testing - Concurrent Operations AppLogger handles 1000 concurrent writes
[SAGEN] [ERROR] Error 382
[SAGEN] [INFO] Message 383
[SAGEN] [WARN] Warning 383
01:03 +589 -1: C:/dev/SAGENAPP/test/services/gemini_api_client_test.dart: GeminiApiClient generateStream throws AiException for empty Content list
01:03 +589 -1: C:/dev/SAGENAPP/test/services/load_test.dart: Load Testing - Concurrent Operations AppLogger handles 1000 concurrent writes
[SAGEN] [ERROR] Error 383
[SAGEN] [INFO] Message 384
[SAGEN] [WARN] Warning 384
[SAGEN] [ERROR] Error 384
[SAGEN] [INFO] Message 385
[SAGEN] [WARN] Warning 385
[SAGEN] [ERROR] Error 385
[SAGEN] [INFO] Message 386
[SAGEN] [WARN] Warning 386
[SAGEN] [ERROR] Error 386
[SAGEN] [INFO] Message 387
[SAGEN] [WARN] Warning 387
[SAGEN] [ERROR] Error 387
[SAGEN] [INFO] Message 388
[SAGEN] [WARN] Warning 388
[SAGEN] [ERROR] Error 388
[SAGEN] [INFO] Message 389
[SAGEN] [WARN] Warning 389
01:03 +590 -1: C:/dev/SAGENAPP/test/services/gemini_api_client_test.dart: GeminiApiClient generateStream throws AiException for empty Content list
01:03 +590 -1: C:/dev/SAGENAPP/test/services/load_test.dart: Load Testing - Concurrent Operations AppLogger handles 1000 concurrent writes
[SAGEN] [ERROR] Error 389
[SAGEN] [INFO] Message 390
[SAGEN] [WARN] Warning 390
[SAGEN] [ERROR] Error 390
[SAGEN] [INFO] Message 391
[SAGEN] [WARN] Warning 391
[SAGEN] [ERROR] Error 391
[SAGEN] [INFO] Message 392
[SAGEN] [WARN] Warning 392
[SAGEN] [ERROR] Error 392
[SAGEN] [INFO] Message 393
[SAGEN] [WARN] Warning 393
01:03 +591 -1: C:/dev/SAGENAPP/test/services/gemini_api_client_test.dart: GeminiApiClient generateStream throws AiException for empty Content list
01:03 +591 -1: C:/dev/SAGENAPP/test/services/load_test.dart: Load Testing - Concurrent Operations AppLogger handles 1000 concurrent writes
[SAGEN] [ERROR] Error 393
[SAGEN] [INFO] Message 394
[SAGEN] [WARN] Warning 394
[SAGEN] [ERROR] Error 394
[SAGEN] [INFO] Message 395
[SAGEN] [WARN] Warning 395
[SAGEN] [ERROR] Error 395
[SAGEN] [INFO] Message 396
[SAGEN] [WARN] Warning 396
[SAGEN] [ERROR] Error 396
[SAGEN] [INFO] Message 397
[SAGEN] [WARN] Warning 397
[SAGEN] [ERROR] Error 397
[SAGEN] [INFO] Message 398
[SAGEN] [WARN] Warning 398
01:03 +592 -1: C:/dev/SAGENAPP/test/services/gemini_api_client_test.dart: GeminiApiClient generateStream throws AiException for empty Content list
01:03 +592 -1: C:/dev/SAGENAPP/test/services/load_test.dart: Load Testing - Concurrent Operations AppLogger handles 1000 concurrent writes
[SAGEN] [ERROR] Error 398
[SAGEN] [INFO] Message 399
[SAGEN] [WARN] Warning 399
[SAGEN] [ERROR] Error 399
[SAGEN] [INFO] Message 400
[SAGEN] [WARN] Warning 400
[SAGEN] [ERROR] Error 400
[SAGEN] [INFO] Message 401
[SAGEN] [WARN] Warning 401
[SAGEN] [ERROR] Error 401
[SAGEN] [INFO] Message 402
[SAGEN] [WARN] Warning 402
[SAGEN] [ERROR] Error 402
[SAGEN] [INFO] Message 403
[SAGEN] [WARN] Warning 403
[SAGEN] [ERROR] Error 403
[SAGEN] [INFO] Message 404
[SAGEN] [WARN] Warning 404
[SAGEN] [ERROR] Error 404
[SAGEN] [INFO] Message 405
[SAGEN] [WARN] Warning 405
[SAGEN] [ERROR] Error 405
[SAGEN] [INFO] Message 406
[SAGEN] [WARN] Warning 406
[SAGEN] [ERROR] Error 406
[SAGEN] [INFO] Message 407
[SAGEN] [WARN] Warning 407
[SAGEN] [ERROR] Error 407
[SAGEN] [INFO] Message 408
[SAGEN] [WARN] Warning 408
[SAGEN] [ERROR] Error 408
[SAGEN] [INFO] Message 409
[SAGEN] [WARN] Warning 409
[SAGEN] [ERROR] Error 409
[SAGEN] [INFO] Message 410
[SAGEN] [WARN] Warning 410
[SAGEN] [ERROR] Error 410
[SAGEN] [INFO] Message 411
[SAGEN] [WARN] Warning 411
[SAGEN] [ERROR] Error 411
[SAGEN] [INFO] Message 412
[SAGEN] [WARN] Warning 412
[SAGEN] [ERROR] Error 412
[SAGEN] [INFO] Message 413
[SAGEN] [WARN] Warning 413
[SAGEN] [ERROR] Error 413
[SAGEN] [INFO] Message 414
[SAGEN] [WARN] Warning 414
[SAGEN] [ERROR] Error 414
[SAGEN] [INFO] Message 415
[SAGEN] [WARN] Warning 415
[SAGEN] [ERROR] Error 415
[SAGEN] [INFO] Message 416
[SAGEN] [WARN] Warning 416
[SAGEN] [ERROR] Error 416
[SAGEN] [INFO] Message 417
[SAGEN] [WARN] Warning 417
[SAGEN] [ERROR] Error 417
[SAGEN] [INFO] Message 418
[SAGEN] [WARN] Warning 418
[SAGEN] [ERROR] Error 418
[SAGEN] [INFO] Message 419
[SAGEN] [WARN] Warning 419
[SAGEN] [ERROR] Error 419
[SAGEN] [INFO] Message 420
[SAGEN] [WARN] Warning 420
[SAGEN] [ERROR] Error 420
[SAGEN] [INFO] Message 421
[SAGEN] [WARN] Warning 421
[SAGEN] [ERROR] Error 421
[SAGEN] [INFO] Message 422
[SAGEN] [WARN] Warning 422
[SAGEN] [ERROR] Error 422
[SAGEN] [INFO] Message 423
[SAGEN] [WARN] Warning 423
[SAGEN] [ERROR] Error 423
[SAGEN] [INFO] Message 424
[SAGEN] [WARN] Warning 424
[SAGEN] [ERROR] Error 424
[SAGEN] [INFO] Message 425
[SAGEN] [WARN] Warning 425
[SAGEN] [ERROR] Error 425
[SAGEN] [INFO] Message 426
[SAGEN] [WARN] Warning 426
[SAGEN] [ERROR] Error 426
[SAGEN] [INFO] Message 427
[SAGEN] [WARN] Warning 427
[SAGEN] [ERROR] Error 427
[SAGEN] [INFO] Message 428
[SAGEN] [WARN] Warning 428
[SAGEN] [ERROR] Error 428
[SAGEN] [INFO] Message 429
[SAGEN] [WARN] Warning 429
[SAGEN] [ERROR] Error 429
[SAGEN] [INFO] Message 430
[SAGEN] [WARN] Warning 430
[SAGEN] [ERROR] Error 430
[SAGEN] [INFO] Message 431
[SAGEN] [WARN] Warning 431
[SAGEN] [ERROR] Error 431
[SAGEN] [INFO] Message 432
[SAGEN] [WARN] Warning 432
[SAGEN] [ERROR] Error 432
[SAGEN] [INFO] Message 433
[SAGEN] [WARN] Warning 433
[SAGEN] [ERROR] Error 433
[SAGEN] [INFO] Message 434
[SAGEN] [WARN] Warning 434
[SAGEN] [ERROR] Error 434
[SAGEN] [INFO] Message 435
[SAGEN] [WARN] Warning 435
[SAGEN] [ERROR] Error 435
[SAGEN] [INFO] Message 436
[SAGEN] [WARN] Warning 436
[SAGEN] [ERROR] Error 436
[SAGEN] [INFO] Message 437
[SAGEN] [WARN] Warning 437
[SAGEN] [ERROR] Error 437
[SAGEN] [INFO] Message 438
[SAGEN] [WARN] Warning 438
[SAGEN] [ERROR] Error 438
[SAGEN] [INFO] Message 439
[SAGEN] [WARN] Warning 439
[SAGEN] [ERROR] Error 439
[SAGEN] [INFO] Message 440
[SAGEN] [WARN] Warning 440
[SAGEN] [ERROR] Error 440
[SAGEN] [INFO] Message 441
[SAGEN] [WARN] Warning 441
[SAGEN] [ERROR] Error 441
[SAGEN] [INFO] Message 442
[SAGEN] [WARN] Warning 442
[SAGEN] [ERROR] Error 442
[SAGEN] [INFO] Message 443
[SAGEN] [WARN] Warning 443
[SAGEN] [ERROR] Error 443
[SAGEN] [INFO] Message 444
[SAGEN] [WARN] Warning 444
[SAGEN] [ERROR] Error 444
[SAGEN] [INFO] Message 445
[SAGEN] [WARN] Warning 445
[SAGEN] [ERROR] Error 445
[SAGEN] [INFO] Message 446
[SAGEN] [WARN] Warning 446
[SAGEN] [ERROR] Error 446
[SAGEN] [INFO] Message 447
[SAGEN] [WARN] Warning 447
[SAGEN] [ERROR] Error 447
[SAGEN] [INFO] Message 448
[SAGEN] [WARN] Warning 448
[SAGEN] [ERROR] Error 448
[SAGEN] [INFO] Message 449
[SAGEN] [WARN] Warning 449
[SAGEN] [ERROR] Error 449
[SAGEN] [INFO] Message 450
[SAGEN] [WARN] Warning 450
[SAGEN] [ERROR] Error 450
[SAGEN] [INFO] Message 451
[SAGEN] [WARN] Warning 451
[SAGEN] [ERROR] Error 451
[SAGEN] [INFO] Message 452
[SAGEN] [WARN] Warning 452
[SAGEN] [ERROR] Error 452
[SAGEN] [INFO] Message 453
[SAGEN] [WARN] Warning 453
[SAGEN] [ERROR] Error 453
[SAGEN] [INFO] Message 454
[SAGEN] [WARN] Warning 454
[SAGEN] [ERROR] Error 454
[SAGEN] [INFO] Message 455
[SAGEN] [WARN] Warning 455
[SAGEN] [ERROR] Error 455
[SAGEN] [INFO] Message 456
[SAGEN] [WARN] Warning 456
[SAGEN] [ERROR] Error 456
[SAGEN] [INFO] Message 457
[SAGEN] [WARN] Warning 457
[SAGEN] [ERROR] Error 457
[SAGEN] [INFO] Message 458
[SAGEN] [WARN] Warning 458
[SAGEN] [ERROR] Error 458
[SAGEN] [INFO] Message 459
[SAGEN] [WARN] Warning 459
[SAGEN] [ERROR] Error 459
[SAGEN] [INFO] Message 460
[SAGEN] [WARN] Warning 460
[SAGEN] [ERROR] Error 460
[SAGEN] [INFO] Message 461
[SAGEN] [WARN] Warning 461
[SAGEN] [ERROR] Error 461
[SAGEN] [INFO] Message 462
[SAGEN] [WARN] Warning 462
[SAGEN] [ERROR] Error 462
[SAGEN] [INFO] Message 463
[SAGEN] [WARN] Warning 463
[SAGEN] [ERROR] Error 463
[SAGEN] [INFO] Message 464
[SAGEN] [WARN] Warning 464
[SAGEN] [ERROR] Error 464
[SAGEN] [INFO] Message 465
[SAGEN] [WARN] Warning 465
[SAGEN] [ERROR] Error 465
[SAGEN] [INFO] Message 466
[SAGEN] [WARN] Warning 466
[SAGEN] [ERROR] Error 466
[SAGEN] [INFO] Message 467
[SAGEN] [WARN] Warning 467
[SAGEN] [ERROR] Error 467
[SAGEN] [INFO] Message 468
[SAGEN] [WARN] Warning 468
[SAGEN] [ERROR] Error 468
[SAGEN] [INFO] Message 469
[SAGEN] [WARN] Warning 469
[SAGEN] [ERROR] Error 469
[SAGEN] [INFO] Message 470
[SAGEN] [WARN] Warning 470
[SAGEN] [ERROR] Error 470
[SAGEN] [INFO] Message 471
[SAGEN] [WARN] Warning 471
[SAGEN] [ERROR] Error 471
[SAGEN] [INFO] Message 472
[SAGEN] [WARN] Warning 472
[SAGEN] [ERROR] Error 472
[SAGEN] [INFO] Message 473
[SAGEN] [WARN] Warning 473
[SAGEN] [ERROR] Error 473
[SAGEN] [INFO] Message 474
[SAGEN] [WARN] Warning 474
[SAGEN] [ERROR] Error 474
[SAGEN] [INFO] Message 475
[SAGEN] [WARN] Warning 475
[SAGEN] [ERROR] Error 475
[SAGEN] [INFO] Message 476
[SAGEN] [WARN] Warning 476
[SAGEN] [ERROR] Error 476
[SAGEN] [INFO] Message 477
[SAGEN] [WARN] Warning 477
[SAGEN] [ERROR] Error 477
[SAGEN] [INFO] Message 478
[SAGEN] [WARN] Warning 478
[SAGEN] [ERROR] Error 478
[SAGEN] [INFO] Message 479
[SAGEN] [WARN] Warning 479
[SAGEN] [ERROR] Error 479
[SAGEN] [INFO] Message 480
[SAGEN] [WARN] Warning 480
[SAGEN] [ERROR] Error 480
[SAGEN] [INFO] Message 481
[SAGEN] [WARN] Warning 481
[SAGEN] [ERROR] Error 481
[SAGEN] [INFO] Message 482
[SAGEN] [WARN] Warning 482
[SAGEN] [ERROR] Error 482
[SAGEN] [INFO] Message 483
[SAGEN] [WARN] Warning 483
[SAGEN] [ERROR] Error 483
[SAGEN] [INFO] Message 484
[SAGEN] [WARN] Warning 484
[SAGEN] [ERROR] Error 484
[SAGEN] [INFO] Message 485
[SAGEN] [WARN] Warning 485
[SAGEN] [ERROR] Error 485
[SAGEN] [INFO] Message 486
[SAGEN] [WARN] Warning 486
[SAGEN] [ERROR] Error 486
[SAGEN] [INFO] Message 487
[SAGEN] [WARN] Warning 487
[SAGEN] [ERROR] Error 487
[SAGEN] [INFO] Message 488
[SAGEN] [WARN] Warning 488
[SAGEN] [ERROR] Error 488
[SAGEN] [INFO] Message 489
[SAGEN] [WARN] Warning 489
[SAGEN] [ERROR] Error 489
[SAGEN] [INFO] Message 490
[SAGEN] [WARN] Warning 490
[SAGEN] [ERROR] Error 490
[SAGEN] [INFO] Message 491
[SAGEN] [WARN] Warning 491
[SAGEN] [ERROR] Error 491
[SAGEN] [INFO] Message 492
[SAGEN] [WARN] Warning 492
[SAGEN] [ERROR] Error 492
[SAGEN] [INFO] Message 493
[SAGEN] [WARN] Warning 493
[SAGEN] [ERROR] Error 493
[SAGEN] [INFO] Message 494
[SAGEN] [WARN] Warning 494
[SAGEN] [ERROR] Error 494
[SAGEN] [INFO] Message 495
[SAGEN] [WARN] Warning 495
[SAGEN] [ERROR] Error 495
[SAGEN] [INFO] Message 496
[SAGEN] [WARN] Warning 496
[SAGEN] [ERROR] Error 496
[SAGEN] [INFO] Message 497
[SAGEN] [WARN] Warning 497
[SAGEN] [ERROR] Error 497
[SAGEN] [INFO] Message 498
[SAGEN] [WARN] Warning 498
[SAGEN] [ERROR] Error 498
[SAGEN] [INFO] Message 499
[SAGEN] [WARN] Warning 499
[SAGEN] [ERROR] Error 499
[SAGEN] [INFO] Message 500
[SAGEN] [WARN] Warning 500
[SAGEN] [ERROR] Error 500
[SAGEN] [INFO] Message 501
[SAGEN] [WARN] Warning 501
[SAGEN] [ERROR] Error 501
[SAGEN] [INFO] Message 502
[SAGEN] [WARN] Warning 502
[SAGEN] [ERROR] Error 502
[SAGEN] [INFO] Message 503
[SAGEN] [WARN] Warning 503
[SAGEN] [ERROR] Error 503
[SAGEN] [INFO] Message 504
[SAGEN] [WARN] Warning 504
[SAGEN] [ERROR] Error 504
[SAGEN] [INFO] Message 505
[SAGEN] [WARN] Warning 505
[SAGEN] [ERROR] Error 505
[SAGEN] [INFO] Message 506
[SAGEN] [WARN] Warning 506
[SAGEN] [ERROR] Error 506
[SAGEN] [INFO] Message 507
[SAGEN] [WARN] Warning 507
[SAGEN] [ERROR] Error 507
[SAGEN] [INFO] Message 508
[SAGEN] [WARN] Warning 508
[SAGEN] [ERROR] Error 508
[SAGEN] [INFO] Message 509
[SAGEN] [WARN] Warning 509
[SAGEN] [ERROR] Error 509
[SAGEN] [INFO] Message 510
[SAGEN] [WARN] Warning 510
[SAGEN] [ERROR] Error 510
[SAGEN] [INFO] Message 511
[SAGEN] [WARN] Warning 511
[SAGEN] [ERROR] Error 511
[SAGEN] [INFO] Message 512
[SAGEN] [WARN] Warning 512
[SAGEN] [ERROR] Error 512
[SAGEN] [INFO] Message 513
[SAGEN] [WARN] Warning 513
[SAGEN] [ERROR] Error 513
[SAGEN] [INFO] Message 514
[SAGEN] [WARN] Warning 514
[SAGEN] [ERROR] Error 514
[SAGEN] [INFO] Message 515
[SAGEN] [WARN] Warning 515
[SAGEN] [ERROR] Error 515
[SAGEN] [INFO] Message 516
[SAGEN] [WARN] Warning 516
[SAGEN] [ERROR] Error 516
[SAGEN] [INFO] Message 517
[SAGEN] [WARN] Warning 517
[SAGEN] [ERROR] Error 517
[SAGEN] [INFO] Message 518
[SAGEN] [WARN] Warning 518
[SAGEN] [ERROR] Error 518
[SAGEN] [INFO] Message 519
[SAGEN] [WARN] Warning 519
[SAGEN] [ERROR] Error 519
[SAGEN] [INFO] Message 520
[SAGEN] [WARN] Warning 520
[SAGEN] [ERROR] Error 520
[SAGEN] [INFO] Message 521
[SAGEN] [WARN] Warning 521
[SAGEN] [ERROR] Error 521
[SAGEN] [INFO] Message 522
[SAGEN] [WARN] Warning 522
[SAGEN] [ERROR] Error 522
[SAGEN] [INFO] Message 523
[SAGEN] [WARN] Warning 523
[SAGEN] [ERROR] Error 523
[SAGEN] [INFO] Message 524
[SAGEN] [WARN] Warning 524
[SAGEN] [ERROR] Error 524
[SAGEN] [INFO] Message 525
[SAGEN] [WARN] Warning 525
[SAGEN] [ERROR] Error 525
[SAGEN] [INFO] Message 526
[SAGEN] [WARN] Warning 526
[SAGEN] [ERROR] Error 526
[SAGEN] [INFO] Message 527
[SAGEN] [WARN] Warning 527
[SAGEN] [ERROR] Error 527
[SAGEN] [INFO] Message 528
[SAGEN] [WARN] Warning 528
[SAGEN] [ERROR] Error 528
[SAGEN] [INFO] Message 529
[SAGEN] [WARN] Warning 529
[SAGEN] [ERROR] Error 529
[SAGEN] [INFO] Message 530
[SAGEN] [WARN] Warning 530
[SAGEN] [ERROR] Error 530
[SAGEN] [INFO] Message 531
[SAGEN] [WARN] Warning 531
[SAGEN] [ERROR] Error 531
[SAGEN] [INFO] Message 532
[SAGEN] [WARN] Warning 532
[SAGEN] [ERROR] Error 532
[SAGEN] [INFO] Message 533
[SAGEN] [WARN] Warning 533
[SAGEN] [ERROR] Error 533
[SAGEN] [INFO] Message 534
[SAGEN] [WARN] Warning 534
[SAGEN] [ERROR] Error 534
[SAGEN] [INFO] Message 535
[SAGEN] [WARN] Warning 535
[SAGEN] [ERROR] Error 535
[SAGEN] [INFO] Message 536
[SAGEN] [WARN] Warning 536
[SAGEN] [ERROR] Error 536
[SAGEN] [INFO] Message 537
[SAGEN] [WARN] Warning 537
[SAGEN] [ERROR] Error 537
[SAGEN] [INFO] Message 538
[SAGEN] [WARN] Warning 538
[SAGEN] [ERROR] Error 538
[SAGEN] [INFO] Message 539
[SAGEN] [WARN] Warning 539
[SAGEN] [ERROR] Error 539
[SAGEN] [INFO] Message 540
[SAGEN] [WARN] Warning 540
[SAGEN] [ERROR] Error 540
[SAGEN] [INFO] Message 541
[SAGEN] [WARN] Warning 541
[SAGEN] [ERROR] Error 541
[SAGEN] [INFO] Message 542
[SAGEN] [WARN] Warning 542
[SAGEN] [ERROR] Error 542
[SAGEN] [INFO] Message 543
[SAGEN] [WARN] Warning 543
[SAGEN] [ERROR] Error 543
[SAGEN] [INFO] Message 544
[SAGEN] [WARN] Warning 544
[SAGEN] [ERROR] Error 544
[SAGEN] [INFO] Message 545
[SAGEN] [WARN] Warning 545
[SAGEN] [ERROR] Error 545
[SAGEN] [INFO] Message 546
[SAGEN] [WARN] Warning 546
[SAGEN] [ERROR] Error 546
[SAGEN] [INFO] Message 547
[SAGEN] [WARN] Warning 547
[SAGEN] [ERROR] Error 547
[SAGEN] [INFO] Message 548
[SAGEN] [WARN] Warning 548
[SAGEN] [ERROR] Error 548
[SAGEN] [INFO] Message 549
[SAGEN] [WARN] Warning 549
[SAGEN] [ERROR] Error 549
[SAGEN] [INFO] Message 550
[SAGEN] [WARN] Warning 550
[SAGEN] [ERROR] Error 550
[SAGEN] [INFO] Message 551
[SAGEN] [WARN] Warning 551
[SAGEN] [ERROR] Error 551
[SAGEN] [INFO] Message 552
[SAGEN] [WARN] Warning 552
[SAGEN] [ERROR] Error 552
[SAGEN] [INFO] Message 553
[SAGEN] [WARN] Warning 553
[SAGEN] [ERROR] Error 553
[SAGEN] [INFO] Message 554
[SAGEN] [WARN] Warning 554
[SAGEN] [ERROR] Error 554
[SAGEN] [INFO] Message 555
[SAGEN] [WARN] Warning 555
[SAGEN] [ERROR] Error 555
[SAGEN] [INFO] Message 556
[SAGEN] [WARN] Warning 556
[SAGEN] [ERROR] Error 556
[SAGEN] [INFO] Message 557
[SAGEN] [WARN] Warning 557
[SAGEN] [ERROR] Error 557
[SAGEN] [INFO] Message 558
[SAGEN] [WARN] Warning 558
[SAGEN] [ERROR] Error 558
[SAGEN] [INFO] Message 559
[SAGEN] [WARN] Warning 559
[SAGEN] [ERROR] Error 559
[SAGEN] [INFO] Message 560
[SAGEN] [WARN] Warning 560
[SAGEN] [ERROR] Error 560
[SAGEN] [INFO] Message 561
[SAGEN] [WARN] Warning 561
[SAGEN] [ERROR] Error 561
[SAGEN] [INFO] Message 562
[SAGEN] [WARN] Warning 562
[SAGEN] [ERROR] Error 562
[SAGEN] [INFO] Message 563
[SAGEN] [WARN] Warning 563
[SAGEN] [ERROR] Error 563
[SAGEN] [INFO] Message 564
[SAGEN] [WARN] Warning 564
[SAGEN] [ERROR] Error 564
[SAGEN] [INFO] Message 565
[SAGEN] [WARN] Warning 565
[SAGEN] [ERROR] Error 565
[SAGEN] [INFO] Message 566
[SAGEN] [WARN] Warning 566
[SAGEN] [ERROR] Error 566
[SAGEN] [INFO] Message 567
[SAGEN] [WARN] Warning 567
[SAGEN] [ERROR] Error 567
[SAGEN] [INFO] Message 568
[SAGEN] [WARN] Warning 568
[SAGEN] [ERROR] Error 568
[SAGEN] [INFO] Message 569
[SAGEN] [WARN] Warning 569
[SAGEN] [ERROR] Error 569
[SAGEN] [INFO] Message 570
[SAGEN] [WARN] Warning 570
[SAGEN] [ERROR] Error 570
[SAGEN] [INFO] Message 571
[SAGEN] [WARN] Warning 571
[SAGEN] [ERROR] Error 571
[SAGEN] [INFO] Message 572
[SAGEN] [WARN] Warning 572
[SAGEN] [ERROR] Error 572
[SAGEN] [INFO] Message 573
[SAGEN] [WARN] Warning 573
[SAGEN] [ERROR] Error 573
[SAGEN] [INFO] Message 574
[SAGEN] [WARN] Warning 574
[SAGEN] [ERROR] Error 574
[SAGEN] [INFO] Message 575
[SAGEN] [WARN] Warning 575
[SAGEN] [ERROR] Error 575
[SAGEN] [INFO] Message 576
[SAGEN] [WARN] Warning 576
[SAGEN] [ERROR] Error 576
[SAGEN] [INFO] Message 577
[SAGEN] [WARN] Warning 577
[SAGEN] [ERROR] Error 577
[SAGEN] [INFO] Message 578
[SAGEN] [WARN] Warning 578
[SAGEN] [ERROR] Error 578
[SAGEN] [INFO] Message 579
[SAGEN] [WARN] Warning 579
[SAGEN] [ERROR] Error 579
[SAGEN] [INFO] Message 580
[SAGEN] [WARN] Warning 580
[SAGEN] [ERROR] Error 580
[SAGEN] [INFO] Message 581
[SAGEN] [WARN] Warning 581
[SAGEN] [ERROR] Error 581
[SAGEN] [INFO] Message 582
[SAGEN] [WARN] Warning 582
[SAGEN] [ERROR] Error 582
[SAGEN] [INFO] Message 583
[SAGEN] [WARN] Warning 583
[SAGEN] [ERROR] Error 583
[SAGEN] [INFO] Message 584
[SAGEN] [WARN] Warning 584
[SAGEN] [ERROR] Error 584
[SAGEN] [INFO] Message 585
[SAGEN] [WARN] Warning 585
[SAGEN] [ERROR] Error 585
[SAGEN] [INFO] Message 586
[SAGEN] [WARN] Warning 586
[SAGEN] [ERROR] Error 586
[SAGEN] [INFO] Message 587
[SAGEN] [WARN] Warning 587
[SAGEN] [ERROR] Error 587
[SAGEN] [INFO] Message 588
[SAGEN] [WARN] Warning 588
[SAGEN] [ERROR] Error 588
[SAGEN] [INFO] Message 589
[SAGEN] [WARN] Warning 589
[SAGEN] [ERROR] Error 589
[SAGEN] [INFO] Message 590
[SAGEN] [WARN] Warning 590
[SAGEN] [ERROR] Error 590
[SAGEN] [INFO] Message 591
[SAGEN] [WARN] Warning 591
[SAGEN] [ERROR] Error 591
[SAGEN] [INFO] Message 592
[SAGEN] [WARN] Warning 592
[SAGEN] [ERROR] Error 592
[SAGEN] [INFO] Message 593
[SAGEN] [WARN] Warning 593
[SAGEN] [ERROR] Error 593
[SAGEN] [INFO] Message 594
[SAGEN] [WARN] Warning 594
[SAGEN] [ERROR] Error 594
[SAGEN] [INFO] Message 595
[SAGEN] [WARN] Warning 595
[SAGEN] [ERROR] Error 595
[SAGEN] [INFO] Message 596
[SAGEN] [WARN] Warning 596
[SAGEN] [ERROR] Error 596
[SAGEN] [INFO] Message 597
[SAGEN] [WARN] Warning 597
[SAGEN] [ERROR] Error 597
[SAGEN] [INFO] Message 598
[SAGEN] [WARN] Warning 598
[SAGEN] [ERROR] Error 598
[SAGEN] [INFO] Message 599
[SAGEN] [WARN] Warning 599
[SAGEN] [ERROR] Error 599
[SAGEN] [INFO] Message 600
[SAGEN] [WARN] Warning 600
[SAGEN] [ERROR] Error 600
[SAGEN] [INFO] Message 601
[SAGEN] [WARN] Warning 601
[SAGEN] [ERROR] Error 601
[SAGEN] [INFO] Message 602
[SAGEN] [WARN] Warning 602
[SAGEN] [ERROR] Error 602
[SAGEN] [INFO] Message 603
[SAGEN] [WARN] Warning 603
[SAGEN] [ERROR] Error 603
[SAGEN] [INFO] Message 604
[SAGEN] [WARN] Warning 604
[SAGEN] [ERROR] Error 604
[SAGEN] [INFO] Message 605
[SAGEN] [WARN] Warning 605
[SAGEN] [ERROR] Error 605
[SAGEN] [INFO] Message 606
[SAGEN] [WARN] Warning 606
[SAGEN] [ERROR] Error 606
[SAGEN] [INFO] Message 607
[SAGEN] [WARN] Warning 607
[SAGEN] [ERROR] Error 607
[SAGEN] [INFO] Message 608
[SAGEN] [WARN] Warning 608
[SAGEN] [ERROR] Error 608
[SAGEN] [INFO] Message 609
[SAGEN] [WARN] Warning 609
[SAGEN] [ERROR] Error 609
[SAGEN] [INFO] Message 610
[SAGEN] [WARN] Warning 610
[SAGEN] [ERROR] Error 610
[SAGEN] [INFO] Message 611
[SAGEN] [WARN] Warning 611
[SAGEN] [ERROR] Error 611
[SAGEN] [INFO] Message 612
[SAGEN] [WARN] Warning 612
[SAGEN] [ERROR] Error 612
[SAGEN] [INFO] Message 613
[SAGEN] [WARN] Warning 613
[SAGEN] [ERROR] Error 613
[SAGEN] [INFO] Message 614
[SAGEN] [WARN] Warning 614
[SAGEN] [ERROR] Error 614
[SAGEN] [INFO] Message 615
[SAGEN] [WARN] Warning 615
[SAGEN] [ERROR] Error 615
[SAGEN] [INFO] Message 616
[SAGEN] [WARN] Warning 616
[SAGEN] [ERROR] Error 616
[SAGEN] [INFO] Message 617
[SAGEN] [WARN] Warning 617
[SAGEN] [ERROR] Error 617
[SAGEN] [INFO] Message 618
[SAGEN] [WARN] Warning 618
[SAGEN] [ERROR] Error 618
[SAGEN] [INFO] Message 619
[SAGEN] [WARN] Warning 619
[SAGEN] [ERROR] Error 619
[SAGEN] [INFO] Message 620
[SAGEN] [WARN] Warning 620
[SAGEN] [ERROR] Error 620
[SAGEN] [INFO] Message 621
[SAGEN] [WARN] Warning 621
[SAGEN] [ERROR] Error 621
[SAGEN] [INFO] Message 622
[SAGEN] [WARN] Warning 622
[SAGEN] [ERROR] Error 622
[SAGEN] [INFO] Message 623
[SAGEN] [WARN] Warning 623
[SAGEN] [ERROR] Error 623
[SAGEN] [INFO] Message 624
[SAGEN] [WARN] Warning 624
[SAGEN] [ERROR] Error 624
[SAGEN] [INFO] Message 625
[SAGEN] [WARN] Warning 625
[SAGEN] [ERROR] Error 625
[SAGEN] [INFO] Message 626
[SAGEN] [WARN] Warning 626
[SAGEN] [ERROR] Error 626
[SAGEN] [INFO] Message 627
[SAGEN] [WARN] Warning 627
[SAGEN] [ERROR] Error 627
[SAGEN] [INFO] Message 628
[SAGEN] [WARN] Warning 628
[SAGEN] [ERROR] Error 628
[SAGEN] [INFO] Message 629
[SAGEN] [WARN] Warning 629
[SAGEN] [ERROR] Error 629
[SAGEN] [INFO] Message 630
[SAGEN] [WARN] Warning 630
[SAGEN] [ERROR] Error 630
[SAGEN] [INFO] Message 631
[SAGEN] [WARN] Warning 631
[SAGEN] [ERROR] Error 631
[SAGEN] [INFO] Message 632
[SAGEN] [WARN] Warning 632
[SAGEN] [ERROR] Error 632
[SAGEN] [INFO] Message 633
[SAGEN] [WARN] Warning 633
[SAGEN] [ERROR] Error 633
[SAGEN] [INFO] Message 634
[SAGEN] [WARN] Warning 634
[SAGEN] [ERROR] Error 634
[SAGEN] [INFO] Message 635
[SAGEN] [WARN] Warning 635
[SAGEN] [ERROR] Error 635
[SAGEN] [INFO] Message 636
[SAGEN] [WARN] Warning 636
[SAGEN] [ERROR] Error 636
[SAGEN] [INFO] Message 637
[SAGEN] [WARN] Warning 637
[SAGEN] [ERROR] Error 637
[SAGEN] [INFO] Message 638
[SAGEN] [WARN] Warning 638
[SAGEN] [ERROR] Error 638
[SAGEN] [INFO] Message 639
[SAGEN] [WARN] Warning 639
[SAGEN] [ERROR] Error 639
[SAGEN] [INFO] Message 640
[SAGEN] [WARN] Warning 640
[SAGEN] [ERROR] Error 640
[SAGEN] [INFO] Message 641
[SAGEN] [WARN] Warning 641
[SAGEN] [ERROR] Error 641
[SAGEN] [INFO] Message 642
[SAGEN] [WARN] Warning 642
[SAGEN] [ERROR] Error 642
[SAGEN] [INFO] Message 643
[SAGEN] [WARN] Warning 643
[SAGEN] [ERROR] Error 643
[SAGEN] [INFO] Message 644
[SAGEN] [WARN] Warning 644
[SAGEN] [ERROR] Error 644
[SAGEN] [INFO] Message 645
[SAGEN] [WARN] Warning 645
[SAGEN] [ERROR] Error 645
[SAGEN] [INFO] Message 646
[SAGEN] [WARN] Warning 646
[SAGEN] [ERROR] Error 646
[SAGEN] [INFO] Message 647
[SAGEN] [WARN] Warning 647
[SAGEN] [ERROR] Error 647
[SAGEN] [INFO] Message 648
[SAGEN] [WARN] Warning 648
[SAGEN] [ERROR] Error 648
[SAGEN] [INFO] Message 649
[SAGEN] [WARN] Warning 649
[SAGEN] [ERROR] Error 649
[SAGEN] [INFO] Message 650
[SAGEN] [WARN] Warning 650
[SAGEN] [ERROR] Error 650
[SAGEN] [INFO] Message 651
[SAGEN] [WARN] Warning 651
[SAGEN] [ERROR] Error 651
[SAGEN] [INFO] Message 652
[SAGEN] [WARN] Warning 652
[SAGEN] [ERROR] Error 652
[SAGEN] [INFO] Message 653
[SAGEN] [WARN] Warning 653
[SAGEN] [ERROR] Error 653
[SAGEN] [INFO] Message 654
[SAGEN] [WARN] Warning 654
[SAGEN] [ERROR] Error 654
[SAGEN] [INFO] Message 655
[SAGEN] [WARN] Warning 655
[SAGEN] [ERROR] Error 655
[SAGEN] [INFO] Message 656
[SAGEN] [WARN] Warning 656
[SAGEN] [ERROR] Error 656
[SAGEN] [INFO] Message 657
[SAGEN] [WARN] Warning 657
[SAGEN] [ERROR] Error 657
[SAGEN] [INFO] Message 658
[SAGEN] [WARN] Warning 658
[SAGEN] [ERROR] Error 658
[SAGEN] [INFO] Message 659
[SAGEN] [WARN] Warning 659
[SAGEN] [ERROR] Error 659
[SAGEN] [INFO] Message 660
[SAGEN] [WARN] Warning 660
[SAGEN] [ERROR] Error 660
[SAGEN] [INFO] Message 661
[SAGEN] [WARN] Warning 661
[SAGEN] [ERROR] Error 661
[SAGEN] [INFO] Message 662
[SAGEN] [WARN] Warning 662
[SAGEN] [ERROR] Error 662
[SAGEN] [INFO] Message 663
[SAGEN] [WARN] Warning 663
[SAGEN] [ERROR] Error 663
[SAGEN] [INFO] Message 664
[SAGEN] [WARN] Warning 664
[SAGEN] [ERROR] Error 664
[SAGEN] [INFO] Message 665
[SAGEN] [WARN] Warning 665
[SAGEN] [ERROR] Error 665
[SAGEN] [INFO] Message 666
[SAGEN] [WARN] Warning 666
[SAGEN] [ERROR] Error 666
[SAGEN] [INFO] Message 667
[SAGEN] [WARN] Warning 667
[SAGEN] [ERROR] Error 667
[SAGEN] [INFO] Message 668
[SAGEN] [WARN] Warning 668
[SAGEN] [ERROR] Error 668
[SAGEN] [INFO] Message 669
[SAGEN] [WARN] Warning 669
[SAGEN] [ERROR] Error 669
[SAGEN] [INFO] Message 670
[SAGEN] [WARN] Warning 670
[SAGEN] [ERROR] Error 670
[SAGEN] [INFO] Message 671
[SAGEN] [WARN] Warning 671
[SAGEN] [ERROR] Error 671
[SAGEN] [INFO] Message 672
[SAGEN] [WARN] Warning 672
[SAGEN] [ERROR] Error 672
[SAGEN] [INFO] Message 673
[SAGEN] [WARN] Warning 673
[SAGEN] [ERROR] Error 673
[SAGEN] [INFO] Message 674
[SAGEN] [WARN] Warning 674
[SAGEN] [ERROR] Error 674
[SAGEN] [INFO] Message 675
[SAGEN] [WARN] Warning 675
[SAGEN] [ERROR] Error 675
[SAGEN] [INFO] Message 676
[SAGEN] [WARN] Warning 676
[SAGEN] [ERROR] Error 676
[SAGEN] [INFO] Message 677
[SAGEN] [WARN] Warning 677
[SAGEN] [ERROR] Error 677
[SAGEN] [INFO] Message 678
[SAGEN] [WARN] Warning 678
[SAGEN] [ERROR] Error 678
[SAGEN] [INFO] Message 679
[SAGEN] [WARN] Warning 679
[SAGEN] [ERROR] Error 679
[SAGEN] [INFO] Message 680
[SAGEN] [WARN] Warning 680
[SAGEN] [ERROR] Error 680
[SAGEN] [INFO] Message 681
[SAGEN] [WARN] Warning 681
[SAGEN] [ERROR] Error 681
[SAGEN] [INFO] Message 682
[SAGEN] [WARN] Warning 682
[SAGEN] [ERROR] Error 682
[SAGEN] [INFO] Message 683
[SAGEN] [WARN] Warning 683
[SAGEN] [ERROR] Error 683
[SAGEN] [INFO] Message 684
[SAGEN] [WARN] Warning 684
[SAGEN] [ERROR] Error 684
[SAGEN] [INFO] Message 685
[SAGEN] [WARN] Warning 685
[SAGEN] [ERROR] Error 685
[SAGEN] [INFO] Message 686
[SAGEN] [WARN] Warning 686
[SAGEN] [ERROR] Error 686
[SAGEN] [INFO] Message 687
[SAGEN] [WARN] Warning 687
[SAGEN] [ERROR] Error 687
[SAGEN] [INFO] Message 688
[SAGEN] [WARN] Warning 688
[SAGEN] [ERROR] Error 688
[SAGEN] [INFO] Message 689
[SAGEN] [WARN] Warning 689
[SAGEN] [ERROR] Error 689
[SAGEN] [INFO] Message 690
[SAGEN] [WARN] Warning 690
[SAGEN] [ERROR] Error 690
[SAGEN] [INFO] Message 691
[SAGEN] [WARN] Warning 691
[SAGEN] [ERROR] Error 691
[SAGEN] [INFO] Message 692
[SAGEN] [WARN] Warning 692
[SAGEN] [ERROR] Error 692
[SAGEN] [INFO] Message 693
[SAGEN] [WARN] Warning 693
[SAGEN] [ERROR] Error 693
[SAGEN] [INFO] Message 694
[SAGEN] [WARN] Warning 694
[SAGEN] [ERROR] Error 694
[SAGEN] [INFO] Message 695
[SAGEN] [WARN] Warning 695
[SAGEN] [ERROR] Error 695
[SAGEN] [INFO] Message 696
[SAGEN] [WARN] Warning 696
[SAGEN] [ERROR] Error 696
[SAGEN] [INFO] Message 697
[SAGEN] [WARN] Warning 697
[SAGEN] [ERROR] Error 697
[SAGEN] [INFO] Message 698
[SAGEN] [WARN] Warning 698
[SAGEN] [ERROR] Error 698
[SAGEN] [INFO] Message 699
[SAGEN] [WARN] Warning 699
[SAGEN] [ERROR] Error 699
[SAGEN] [INFO] Message 700
[SAGEN] [WARN] Warning 700
[SAGEN] [ERROR] Error 700
[SAGEN] [INFO] Message 701
[SAGEN] [WARN] Warning 701
[SAGEN] [ERROR] Error 701
[SAGEN] [INFO] Message 702
[SAGEN] [WARN] Warning 702
[SAGEN] [ERROR] Error 702
[SAGEN] [INFO] Message 703
[SAGEN] [WARN] Warning 703
[SAGEN] [ERROR] Error 703
[SAGEN] [INFO] Message 704
[SAGEN] [WARN] Warning 704
[SAGEN] [ERROR] Error 704
[SAGEN] [INFO] Message 705
[SAGEN] [WARN] Warning 705
[SAGEN] [ERROR] Error 705
[SAGEN] [INFO] Message 706
[SAGEN] [WARN] Warning 706
[SAGEN] [ERROR] Error 706
[SAGEN] [INFO] Message 707
[SAGEN] [WARN] Warning 707
[SAGEN] [ERROR] Error 707
[SAGEN] [INFO] Message 708
[SAGEN] [WARN] Warning 708
[SAGEN] [ERROR] Error 708
[SAGEN] [INFO] Message 709
[SAGEN] [WARN] Warning 709
[SAGEN] [ERROR] Error 709
[SAGEN] [INFO] Message 710
[SAGEN] [WARN] Warning 710
[SAGEN] [ERROR] Error 710
[SAGEN] [INFO] Message 711
[SAGEN] [WARN] Warning 711
[SAGEN] [ERROR] Error 711
[SAGEN] [INFO] Message 712
[SAGEN] [WARN] Warning 712
[SAGEN] [ERROR] Error 712
[SAGEN] [INFO] Message 713
[SAGEN] [WARN] Warning 713
[SAGEN] [ERROR] Error 713
[SAGEN] [INFO] Message 714
[SAGEN] [WARN] Warning 714
[SAGEN] [ERROR] Error 714
[SAGEN] [INFO] Message 715
[SAGEN] [WARN] Warning 715
[SAGEN] [ERROR] Error 715
[SAGEN] [INFO] Message 716
[SAGEN] [WARN] Warning 716
[SAGEN] [ERROR] Error 716
[SAGEN] [INFO] Message 717
[SAGEN] [WARN] Warning 717
[SAGEN] [ERROR] Error 717
[SAGEN] [INFO] Message 718
[SAGEN] [WARN] Warning 718
[SAGEN] [ERROR] Error 718
[SAGEN] [INFO] Message 719
[SAGEN] [WARN] Warning 719
[SAGEN] [ERROR] Error 719
[SAGEN] [INFO] Message 720
[SAGEN] [WARN] Warning 720
[SAGEN] [ERROR] Error 720
[SAGEN] [INFO] Message 721
[SAGEN] [WARN] Warning 721
[SAGEN] [ERROR] Error 721
[SAGEN] [INFO] Message 722
[SAGEN] [WARN] Warning 722
[SAGEN] [ERROR] Error 722
[SAGEN] [INFO] Message 723
[SAGEN] [WARN] Warning 723
[SAGEN] [ERROR] Error 723
[SAGEN] [INFO] Message 724
[SAGEN] [WARN] Warning 724
[SAGEN] [ERROR] Error 724
[SAGEN] [INFO] Message 725
[SAGEN] [WARN] Warning 725
[SAGEN] [ERROR] Error 725
[SAGEN] [INFO] Message 726
[SAGEN] [WARN] Warning 726
[SAGEN] [ERROR] Error 726
[SAGEN] [INFO] Message 727
[SAGEN] [WARN] Warning 727
[SAGEN] [ERROR] Error 727
[SAGEN] [INFO] Message 728
[SAGEN] [WARN] Warning 728
[SAGEN] [ERROR] Error 728
[SAGEN] [INFO] Message 729
[SAGEN] [WARN] Warning 729
[SAGEN] [ERROR] Error 729
[SAGEN] [INFO] Message 730
[SAGEN] [WARN] Warning 730
[SAGEN] [ERROR] Error 730
[SAGEN] [INFO] Message 731
[SAGEN] [WARN] Warning 731
[SAGEN] [ERROR] Error 731
[SAGEN] [INFO] Message 732
[SAGEN] [WARN] Warning 732
[SAGEN] [ERROR] Error 732
[SAGEN] [INFO] Message 733
[SAGEN] [WARN] Warning 733
[SAGEN] [ERROR] Error 733
[SAGEN] [INFO] Message 734
[SAGEN] [WARN] Warning 734
[SAGEN] [ERROR] Error 734
[SAGEN] [INFO] Message 735
[SAGEN] [WARN] Warning 735
[SAGEN] [ERROR] Error 735
[SAGEN] [INFO] Message 736
[SAGEN] [WARN] Warning 736
[SAGEN] [ERROR] Error 736
[SAGEN] [INFO] Message 737
[SAGEN] [WARN] Warning 737
[SAGEN] [ERROR] Error 737
[SAGEN] [INFO] Message 738
[SAGEN] [WARN] Warning 738
[SAGEN] [ERROR] Error 738
[SAGEN] [INFO] Message 739
[SAGEN] [WARN] Warning 739
[SAGEN] [ERROR] Error 739
[SAGEN] [INFO] Message 740
[SAGEN] [WARN] Warning 740
[SAGEN] [ERROR] Error 740
[SAGEN] [INFO] Message 741
[SAGEN] [WARN] Warning 741
[SAGEN] [ERROR] Error 741
[SAGEN] [INFO] Message 742
[SAGEN] [WARN] Warning 742
[SAGEN] [ERROR] Error 742
[SAGEN] [INFO] Message 743
[SAGEN] [WARN] Warning 743
[SAGEN] [ERROR] Error 743
[SAGEN] [INFO] Message 744
[SAGEN] [WARN] Warning 744
[SAGEN] [ERROR] Error 744
[SAGEN] [INFO] Message 745
[SAGEN] [WARN] Warning 745
[SAGEN] [ERROR] Error 745
[SAGEN] [INFO] Message 746
[SAGEN] [WARN] Warning 746
[SAGEN] [ERROR] Error 746
[SAGEN] [INFO] Message 747
[SAGEN] [WARN] Warning 747
[SAGEN] [ERROR] Error 747
[SAGEN] [INFO] Message 748
[SAGEN] [WARN] Warning 748
[SAGEN] [ERROR] Error 748
[SAGEN] [INFO] Message 749
[SAGEN] [WARN] Warning 749
[SAGEN] [ERROR] Error 749
[SAGEN] [INFO] Message 750
[SAGEN] [WARN] Warning 750
[SAGEN] [ERROR] Error 750
[SAGEN] [INFO] Message 751
[SAGEN] [WARN] Warning 751
[SAGEN] [ERROR] Error 751
[SAGEN] [INFO] Message 752
[SAGEN] [WARN] Warning 752
[SAGEN] [ERROR] Error 752
[SAGEN] [INFO] Message 753
[SAGEN] [WARN] Warning 753
[SAGEN] [ERROR] Error 753
[SAGEN] [INFO] Message 754
[SAGEN] [WARN] Warning 754
[SAGEN] [ERROR] Error 754
[SAGEN] [INFO] Message 755
[SAGEN] [WARN] Warning 755
[SAGEN] [ERROR] Error 755
[SAGEN] [INFO] Message 756
[SAGEN] [WARN] Warning 756
[SAGEN] [ERROR] Error 756
[SAGEN] [INFO] Message 757
[SAGEN] [WARN] Warning 757
[SAGEN] [ERROR] Error 757
[SAGEN] [INFO] Message 758
[SAGEN] [WARN] Warning 758
[SAGEN] [ERROR] Error 758
[SAGEN] [INFO] Message 759
[SAGEN] [WARN] Warning 759
[SAGEN] [ERROR] Error 759
[SAGEN] [INFO] Message 760
[SAGEN] [WARN] Warning 760
[SAGEN] [ERROR] Error 760
[SAGEN] [INFO] Message 761
[SAGEN] [WARN] Warning 761
[SAGEN] [ERROR] Error 761
[SAGEN] [INFO] Message 762
[SAGEN] [WARN] Warning 762
[SAGEN] [ERROR] Error 762
[SAGEN] [INFO] Message 763
[SAGEN] [WARN] Warning 763
[SAGEN] [ERROR] Error 763
[SAGEN] [INFO] Message 764
[SAGEN] [WARN] Warning 764
[SAGEN] [ERROR] Error 764
[SAGEN] [INFO] Message 765
[SAGEN] [WARN] Warning 765
[SAGEN] [ERROR] Error 765
[SAGEN] [INFO] Message 766
[SAGEN] [WARN] Warning 766
[SAGEN] [ERROR] Error 766
[SAGEN] [INFO] Message 767
[SAGEN] [WARN] Warning 767
[SAGEN] [ERROR] Error 767
[SAGEN] [INFO] Message 768
[SAGEN] [WARN] Warning 768
[SAGEN] [ERROR] Error 768
[SAGEN] [INFO] Message 769
[SAGEN] [WARN] Warning 769
[SAGEN] [ERROR] Error 769
[SAGEN] [INFO] Message 770
[SAGEN] [WARN] Warning 770
[SAGEN] [ERROR] Error 770
[SAGEN] [INFO] Message 771
[SAGEN] [WARN] Warning 771
[SAGEN] [ERROR] Error 771
[SAGEN] [INFO] Message 772
[SAGEN] [WARN] Warning 772
[SAGEN] [ERROR] Error 772
[SAGEN] [INFO] Message 773
[SAGEN] [WARN] Warning 773
[SAGEN] [ERROR] Error 773
[SAGEN] [INFO] Message 774
[SAGEN] [WARN] Warning 774
[SAGEN] [ERROR] Error 774
[SAGEN] [INFO] Message 775
[SAGEN] [WARN] Warning 775
[SAGEN] [ERROR] Error 775
[SAGEN] [INFO] Message 776
[SAGEN] [WARN] Warning 776
[SAGEN] [ERROR] Error 776
[SAGEN] [INFO] Message 777
[SAGEN] [WARN] Warning 777
[SAGEN] [ERROR] Error 777
[SAGEN] [INFO] Message 778
[SAGEN] [WARN] Warning 778
[SAGEN] [ERROR] Error 778
[SAGEN] [INFO] Message 779
[SAGEN] [WARN] Warning 779
[SAGEN] [ERROR] Error 779
[SAGEN] [INFO] Message 780
[SAGEN] [WARN] Warning 780
[SAGEN] [ERROR] Error 780
[SAGEN] [INFO] Message 781
[SAGEN] [WARN] Warning 781
[SAGEN] [ERROR] Error 781
[SAGEN] [INFO] Message 782
[SAGEN] [WARN] Warning 782
[SAGEN] [ERROR] Error 782
[SAGEN] [INFO] Message 783
[SAGEN] [WARN] Warning 783
[SAGEN] [ERROR] Error 783
[SAGEN] [INFO] Message 784
[SAGEN] [WARN] Warning 784
[SAGEN] [ERROR] Error 784
[SAGEN] [INFO] Message 785
[SAGEN] [WARN] Warning 785
[SAGEN] [ERROR] Error 785
[SAGEN] [INFO] Message 786
[SAGEN] [WARN] Warning 786
[SAGEN] [ERROR] Error 786
[SAGEN] [INFO] Message 787
[SAGEN] [WARN] Warning 787
[SAGEN] [ERROR] Error 787
[SAGEN] [INFO] Message 788
[SAGEN] [WARN] Warning 788
[SAGEN] [ERROR] Error 788
[SAGEN] [INFO] Message 789
[SAGEN] [WARN] Warning 789
[SAGEN] [ERROR] Error 789
[SAGEN] [INFO] Message 790
[SAGEN] [WARN] Warning 790
[SAGEN] [ERROR] Error 790
[SAGEN] [INFO] Message 791
[SAGEN] [WARN] Warning 791
[SAGEN] [ERROR] Error 791
[SAGEN] [INFO] Message 792
[SAGEN] [WARN] Warning 792
[SAGEN] [ERROR] Error 792
[SAGEN] [INFO] Message 793
[SAGEN] [WARN] Warning 793
[SAGEN] [ERROR] Error 793
[SAGEN] [INFO] Message 794
[SAGEN] [WARN] Warning 794
[SAGEN] [ERROR] Error 794
[SAGEN] [INFO] Message 795
[SAGEN] [WARN] Warning 795
[SAGEN] [ERROR] Error 795
[SAGEN] [INFO] Message 796
[SAGEN] [WARN] Warning 796
[SAGEN] [ERROR] Error 796
[SAGEN] [INFO] Message 797
[SAGEN] [WARN] Warning 797
[SAGEN] [ERROR] Error 797
[SAGEN] [INFO] Message 798
[SAGEN] [WARN] Warning 798
[SAGEN] [ERROR] Error 798
[SAGEN] [INFO] Message 799
[SAGEN] [WARN] Warning 799
[SAGEN] [ERROR] Error 799
[SAGEN] [INFO] Message 800
[SAGEN] [WARN] Warning 800
[SAGEN] [ERROR] Error 800
[SAGEN] [INFO] Message 801
[SAGEN] [WARN] Warning 801
[SAGEN] [ERROR] Error 801
[SAGEN] [INFO] Message 802
[SAGEN] [WARN] Warning 802
[SAGEN] [ERROR] Error 802
[SAGEN] [INFO] Message 803
[SAGEN] [WARN] Warning 803
[SAGEN] [ERROR] Error 803
[SAGEN] [INFO] Message 804
[SAGEN] [WARN] Warning 804
[SAGEN] [ERROR] Error 804
[SAGEN] [INFO] Message 805
[SAGEN] [WARN] Warning 805
[SAGEN] [ERROR] Error 805
[SAGEN] [INFO] Message 806
[SAGEN] [WARN] Warning 806
[SAGEN] [ERROR] Error 806
[SAGEN] [INFO] Message 807
[SAGEN] [WARN] Warning 807
[SAGEN] [ERROR] Error 807
[SAGEN] [INFO] Message 808
[SAGEN] [WARN] Warning 808
[SAGEN] [ERROR] Error 808
[SAGEN] [INFO] Message 809
[SAGEN] [WARN] Warning 809
[SAGEN] [ERROR] Error 809
[SAGEN] [INFO] Message 810
[SAGEN] [WARN] Warning 810
[SAGEN] [ERROR] Error 810
[SAGEN] [INFO] Message 811
[SAGEN] [WARN] Warning 811
[SAGEN] [ERROR] Error 811
[SAGEN] [INFO] Message 812
[SAGEN] [WARN] Warning 812
[SAGEN] [ERROR] Error 812
[SAGEN] [INFO] Message 813
[SAGEN] [WARN] Warning 813
[SAGEN] [ERROR] Error 813
[SAGEN] [INFO] Message 814
[SAGEN] [WARN] Warning 814
[SAGEN] [ERROR] Error 814
[SAGEN] [INFO] Message 815
[SAGEN] [WARN] Warning 815
[SAGEN] [ERROR] Error 815
[SAGEN] [INFO] Message 816
[SAGEN] [WARN] Warning 816
[SAGEN] [ERROR] Error 816
[SAGEN] [INFO] Message 817
[SAGEN] [WARN] Warning 817
[SAGEN] [ERROR] Error 817
[SAGEN] [INFO] Message 818
[SAGEN] [WARN] Warning 818
[SAGEN] [ERROR] Error 818
[SAGEN] [INFO] Message 819
[SAGEN] [WARN] Warning 819
[SAGEN] [ERROR] Error 819
[SAGEN] [INFO] Message 820
[SAGEN] [WARN] Warning 820
[SAGEN] [ERROR] Error 820
[SAGEN] [INFO] Message 821
[SAGEN] [WARN] Warning 821
[SAGEN] [ERROR] Error 821
[SAGEN] [INFO] Message 822
[SAGEN] [WARN] Warning 822
[SAGEN] [ERROR] Error 822
[SAGEN] [INFO] Message 823
[SAGEN] [WARN] Warning 823
[SAGEN] [ERROR] Error 823
[SAGEN] [INFO] Message 824
[SAGEN] [WARN] Warning 824
[SAGEN] [ERROR] Error 824
[SAGEN] [INFO] Message 825
[SAGEN] [WARN] Warning 825
[SAGEN] [ERROR] Error 825
[SAGEN] [INFO] Message 826
[SAGEN] [WARN] Warning 826
[SAGEN] [ERROR] Error 826
[SAGEN] [INFO] Message 827
[SAGEN] [WARN] Warning 827
[SAGEN] [ERROR] Error 827
[SAGEN] [INFO] Message 828
[SAGEN] [WARN] Warning 828
[SAGEN] [ERROR] Error 828
[SAGEN] [INFO] Message 829
[SAGEN] [WARN] Warning 829
[SAGEN] [ERROR] Error 829
[SAGEN] [INFO] Message 830
[SAGEN] [WARN] Warning 830
[SAGEN] [ERROR] Error 830
[SAGEN] [INFO] Message 831
[SAGEN] [WARN] Warning 831
[SAGEN] [ERROR] Error 831
[SAGEN] [INFO] Message 832
[SAGEN] [WARN] Warning 832
[SAGEN] [ERROR] Error 832
[SAGEN] [INFO] Message 833
[SAGEN] [WARN] Warning 833
[SAGEN] [ERROR] Error 833
[SAGEN] [INFO] Message 834
[SAGEN] [WARN] Warning 834
[SAGEN] [ERROR] Error 834
[SAGEN] [INFO] Message 835
[SAGEN] [WARN] Warning 835
[SAGEN] [ERROR] Error 835
[SAGEN] [INFO] Message 836
[SAGEN] [WARN] Warning 836
[SAGEN] [ERROR] Error 836
[SAGEN] [INFO] Message 837
[SAGEN] [WARN] Warning 837
[SAGEN] [ERROR] Error 837
[SAGEN] [INFO] Message 838
[SAGEN] [WARN] Warning 838
[SAGEN] [ERROR] Error 838
[SAGEN] [INFO] Message 839
[SAGEN] [WARN] Warning 839
[SAGEN] [ERROR] Error 839
[SAGEN] [INFO] Message 840
[SAGEN] [WARN] Warning 840
[SAGEN] [ERROR] Error 840
[SAGEN] [INFO] Message 841
[SAGEN] [WARN] Warning 841
[SAGEN] [ERROR] Error 841
[SAGEN] [INFO] Message 842
[SAGEN] [WARN] Warning 842
[SAGEN] [ERROR] Error 842
[SAGEN] [INFO] Message 843
[SAGEN] [WARN] Warning 843
[SAGEN] [ERROR] Error 843
[SAGEN] [INFO] Message 844
[SAGEN] [WARN] Warning 844
[SAGEN] [ERROR] Error 844
[SAGEN] [INFO] Message 845
[SAGEN] [WARN] Warning 845
[SAGEN] [ERROR] Error 845
[SAGEN] [INFO] Message 846
[SAGEN] [WARN] Warning 846
[SAGEN] [ERROR] Error 846
[SAGEN] [INFO] Message 847
[SAGEN] [WARN] Warning 847
[SAGEN] [ERROR] Error 847
[SAGEN] [INFO] Message 848
[SAGEN] [WARN] Warning 848
[SAGEN] [ERROR] Error 848
[SAGEN] [INFO] Message 849
[SAGEN] [WARN] Warning 849
[SAGEN] [ERROR] Error 849
[SAGEN] [INFO] Message 850
[SAGEN] [WARN] Warning 850
[SAGEN] [ERROR] Error 850
[SAGEN] [INFO] Message 851
[SAGEN] [WARN] Warning 851
[SAGEN] [ERROR] Error 851
[SAGEN] [INFO] Message 852
[SAGEN] [WARN] Warning 852
[SAGEN] [ERROR] Error 852
[SAGEN] [INFO] Message 853
[SAGEN] [WARN] Warning 853
[SAGEN] [ERROR] Error 853
[SAGEN] [INFO] Message 854
[SAGEN] [WARN] Warning 854
[SAGEN] [ERROR] Error 854
[SAGEN] [INFO] Message 855
[SAGEN] [WARN] Warning 855
[SAGEN] [ERROR] Error 855
[SAGEN] [INFO] Message 856
[SAGEN] [WARN] Warning 856
[SAGEN] [ERROR] Error 856
[SAGEN] [INFO] Message 857
[SAGEN] [WARN] Warning 857
[SAGEN] [ERROR] Error 857
[SAGEN] [INFO] Message 858
[SAGEN] [WARN] Warning 858
[SAGEN] [ERROR] Error 858
[SAGEN] [INFO] Message 859
[SAGEN] [WARN] Warning 859
[SAGEN] [ERROR] Error 859
[SAGEN] [INFO] Message 860
[SAGEN] [WARN] Warning 860
[SAGEN] [ERROR] Error 860
[SAGEN] [INFO] Message 861
[SAGEN] [WARN] Warning 861
[SAGEN] [ERROR] Error 861
[SAGEN] [INFO] Message 862
[SAGEN] [WARN] Warning 862
[SAGEN] [ERROR] Error 862
[SAGEN] [INFO] Message 863
[SAGEN] [WARN] Warning 863
[SAGEN] [ERROR] Error 863
[SAGEN] [INFO] Message 864
[SAGEN] [WARN] Warning 864
[SAGEN] [ERROR] Error 864
[SAGEN] [INFO] Message 865
[SAGEN] [WARN] Warning 865
[SAGEN] [ERROR] Error 865
[SAGEN] [INFO] Message 866
[SAGEN] [WARN] Warning 866
[SAGEN] [ERROR] Error 866
[SAGEN] [INFO] Message 867
[SAGEN] [WARN] Warning 867
[SAGEN] [ERROR] Error 867
[SAGEN] [INFO] Message 868
[SAGEN] [WARN] Warning 868
[SAGEN] [ERROR] Error 868
[SAGEN] [INFO] Message 869
[SAGEN] [WARN] Warning 869
[SAGEN] [ERROR] Error 869
[SAGEN] [INFO] Message 870
[SAGEN] [WARN] Warning 870
[SAGEN] [ERROR] Error 870
[SAGEN] [INFO] Message 871
[SAGEN] [WARN] Warning 871
[SAGEN] [ERROR] Error 871
[SAGEN] [INFO] Message 872
[SAGEN] [WARN] Warning 872
[SAGEN] [ERROR] Error 872
[SAGEN] [INFO] Message 873
[SAGEN] [WARN] Warning 873
[SAGEN] [ERROR] Error 873
[SAGEN] [INFO] Message 874
[SAGEN] [WARN] Warning 874
[SAGEN] [ERROR] Error 874
[SAGEN] [INFO] Message 875
[SAGEN] [WARN] Warning 875
[SAGEN] [ERROR] Error 875
[SAGEN] [INFO] Message 876
[SAGEN] [WARN] Warning 876
[SAGEN] [ERROR] Error 876
[SAGEN] [INFO] Message 877
[SAGEN] [WARN] Warning 877
[SAGEN] [ERROR] Error 877
[SAGEN] [INFO] Message 878
[SAGEN] [WARN] Warning 878
[SAGEN] [ERROR] Error 878
[SAGEN] [INFO] Message 879
[SAGEN] [WARN] Warning 879
[SAGEN] [ERROR] Error 879
[SAGEN] [INFO] Message 880
[SAGEN] [WARN] Warning 880
[SAGEN] [ERROR] Error 880
[SAGEN] [INFO] Message 881
[SAGEN] [WARN] Warning 881
[SAGEN] [ERROR] Error 881
[SAGEN] [INFO] Message 882
[SAGEN] [WARN] Warning 882
[SAGEN] [ERROR] Error 882
[SAGEN] [INFO] Message 883
[SAGEN] [WARN] Warning 883
[SAGEN] [ERROR] Error 883
[SAGEN] [INFO] Message 884
[SAGEN] [WARN] Warning 884
[SAGEN] [ERROR] Error 884
[SAGEN] [INFO] Message 885
[SAGEN] [WARN] Warning 885
[SAGEN] [ERROR] Error 885
[SAGEN] [INFO] Message 886
[SAGEN] [WARN] Warning 886
[SAGEN] [ERROR] Error 886
[SAGEN] [INFO] Message 887
[SAGEN] [WARN] Warning 887
[SAGEN] [ERROR] Error 887
[SAGEN] [INFO] Message 888
[SAGEN] [WARN] Warning 888
[SAGEN] [ERROR] Error 888
[SAGEN] [INFO] Message 889
[SAGEN] [WARN] Warning 889
[SAGEN] [ERROR] Error 889
[SAGEN] [INFO] Message 890
[SAGEN] [WARN] Warning 890
[SAGEN] [ERROR] Error 890
[SAGEN] [INFO] Message 891
[SAGEN] [WARN] Warning 891
[SAGEN] [ERROR] Error 891
[SAGEN] [INFO] Message 892
[SAGEN] [WARN] Warning 892
[SAGEN] [ERROR] Error 892
[SAGEN] [INFO] Message 893
[SAGEN] [WARN] Warning 893
[SAGEN] [ERROR] Error 893
[SAGEN] [INFO] Message 894
[SAGEN] [WARN] Warning 894
[SAGEN] [ERROR] Error 894
[SAGEN] [INFO] Message 895
[SAGEN] [WARN] Warning 895
[SAGEN] [ERROR] Error 895
[SAGEN] [INFO] Message 896
[SAGEN] [WARN] Warning 896
[SAGEN] [ERROR] Error 896
[SAGEN] [INFO] Message 897
[SAGEN] [WARN] Warning 897
[SAGEN] [ERROR] Error 897
[SAGEN] [INFO] Message 898
[SAGEN] [WARN] Warning 898
[SAGEN] [ERROR] Error 898
[SAGEN] [INFO] Message 899
[SAGEN] [WARN] Warning 899
[SAGEN] [ERROR] Error 899
[SAGEN] [INFO] Message 900
[SAGEN] [WARN] Warning 900
[SAGEN] [ERROR] Error 900
[SAGEN] [INFO] Message 901
[SAGEN] [WARN] Warning 901
[SAGEN] [ERROR] Error 901
[SAGEN] [INFO] Message 902
[SAGEN] [WARN] Warning 902
[SAGEN] [ERROR] Error 902
[SAGEN] [INFO] Message 903
[SAGEN] [WARN] Warning 903
[SAGEN] [ERROR] Error 903
[SAGEN] [INFO] Message 904
[SAGEN] [WARN] Warning 904
[SAGEN] [ERROR] Error 904
[SAGEN] [INFO] Message 905
[SAGEN] [WARN] Warning 905
[SAGEN] [ERROR] Error 905
[SAGEN] [INFO] Message 906
[SAGEN] [WARN] Warning 906
[SAGEN] [ERROR] Error 906
[SAGEN] [INFO] Message 907
[SAGEN] [WARN] Warning 907
[SAGEN] [ERROR] Error 907
[SAGEN] [INFO] Message 908
[SAGEN] [WARN] Warning 908
[SAGEN] [ERROR] Error 908
[SAGEN] [INFO] Message 909
[SAGEN] [WARN] Warning 909
[SAGEN] [ERROR] Error 909
[SAGEN] [INFO] Message 910
[SAGEN] [WARN] Warning 910
[SAGEN] [ERROR] Error 910
[SAGEN] [INFO] Message 911
[SAGEN] [WARN] Warning 911
[SAGEN] [ERROR] Error 911
[SAGEN] [INFO] Message 912
[SAGEN] [WARN] Warning 912
[SAGEN] [ERROR] Error 912
[SAGEN] [INFO] Message 913
[SAGEN] [WARN] Warning 913
[SAGEN] [ERROR] Error 913
[SAGEN] [INFO] Message 914
[SAGEN] [WARN] Warning 914
[SAGEN] [ERROR] Error 914
[SAGEN] [INFO] Message 915
[SAGEN] [WARN] Warning 915
[SAGEN] [ERROR] Error 915
[SAGEN] [INFO] Message 916
[SAGEN] [WARN] Warning 916
[SAGEN] [ERROR] Error 916
[SAGEN] [INFO] Message 917
[SAGEN] [WARN] Warning 917
[SAGEN] [ERROR] Error 917
[SAGEN] [INFO] Message 918
[SAGEN] [WARN] Warning 918
[SAGEN] [ERROR] Error 918
[SAGEN] [INFO] Message 919
[SAGEN] [WARN] Warning 919
[SAGEN] [ERROR] Error 919
01:05 +593 -1: C:/dev/SAGENAPP/test/services/gemini_api_client_test.dart: GeminiApiClient generateStream throws AiException for empty Content list
01:05 +593 -1: C:/dev/SAGENAPP/test/services/load_test.dart: Load Testing - Concurrent Operations AppLogger handles 1000 concurrent writes
[SAGEN] [INFO] Message 920
[SAGEN] [WARN] Warning 920
[SAGEN] [ERROR] Error 920
[SAGEN] [INFO] Message 921
[SAGEN] [WARN] Warning 921
[SAGEN] [ERROR] Error 921
[SAGEN] [INFO] Message 922
[SAGEN] [WARN] Warning 922
[SAGEN] [ERROR] Error 922
[SAGEN] [INFO] Message 923
[SAGEN] [WARN] Warning 923
[SAGEN] [ERROR] Error 923
[SAGEN] [INFO] Message 924
[SAGEN] [WARN] Warning 924
[SAGEN] [ERROR] Error 924
[SAGEN] [INFO] Message 925
[SAGEN] [WARN] Warning 925
[SAGEN] [ERROR] Error 925
[SAGEN] [INFO] Message 926
[SAGEN] [WARN] Warning 926
[SAGEN] [ERROR] Error 926
[SAGEN] [INFO] Message 927
[SAGEN] [WARN] Warning 927
[SAGEN] [ERROR] Error 927
[SAGEN] [INFO] Message 928
[SAGEN] [WARN] Warning 928
[SAGEN] [ERROR] Error 928
[SAGEN] [INFO] Message 929
[SAGEN] [WARN] Warning 929
[SAGEN] [ERROR] Error 929
[SAGEN] [INFO] Message 930
[SAGEN] [WARN] Warning 930
[SAGEN] [ERROR] Error 930
[SAGEN] [INFO] Message 931
[SAGEN] [WARN] Warning 931
[SAGEN] [ERROR] Error 931
[SAGEN] [INFO] Message 932
[SAGEN] [WARN] Warning 932
[SAGEN] [ERROR] Error 932
[SAGEN] [INFO] Message 933
[SAGEN] [WARN] Warning 933
[SAGEN] [ERROR] Error 933
[SAGEN] [INFO] Message 934
[SAGEN] [WARN] Warning 934
[SAGEN] [ERROR] Error 934
[SAGEN] [INFO] Message 935
[SAGEN] [WARN] Warning 935
[SAGEN] [ERROR] Error 935
[SAGEN] [INFO] Message 936
[SAGEN] [WARN] Warning 936
[SAGEN] [ERROR] Error 936
[SAGEN] [INFO] Message 937
[SAGEN] [WARN] Warning 937
[SAGEN] [ERROR] Error 937
[SAGEN] [INFO] Message 938
[SAGEN] [WARN] Warning 938
[SAGEN] [ERROR] Error 938
[SAGEN] [INFO] Message 939
[SAGEN] [WARN] Warning 939
[SAGEN] [ERROR] Error 939
[SAGEN] [INFO] Message 940
[SAGEN] [WARN] Warning 940
[SAGEN] [ERROR] Error 940
[SAGEN] [INFO] Message 941
[SAGEN] [WARN] Warning 941
[SAGEN] [ERROR] Error 941
[SAGEN] [INFO] Message 942
[SAGEN] [WARN] Warning 942
[SAGEN] [ERROR] Error 942
[SAGEN] [INFO] Message 943
[SAGEN] [WARN] Warning 943
[SAGEN] [ERROR] Error 943
[SAGEN] [INFO] Message 944
[SAGEN] [WARN] Warning 944
[SAGEN] [ERROR] Error 944
[SAGEN] [INFO] Message 945
[SAGEN] [WARN] Warning 945
[SAGEN] [ERROR] Error 945
[SAGEN] [INFO] Message 946
[SAGEN] [WARN] Warning 946
[SAGEN] [ERROR] Error 946
[SAGEN] [INFO] Message 947
[SAGEN] [WARN] Warning 947
[SAGEN] [ERROR] Error 947
[SAGEN] [INFO] Message 948
[SAGEN] [WARN] Warning 948
[SAGEN] [ERROR] Error 948
[SAGEN] [INFO] Message 949
[SAGEN] [WARN] Warning 949
[SAGEN] [ERROR] Error 949
[SAGEN] [INFO] Message 950
[SAGEN] [WARN] Warning 950
[SAGEN] [ERROR] Error 950
[SAGEN] [INFO] Message 951
[SAGEN] [WARN] Warning 951
[SAGEN] [ERROR] Error 951
[SAGEN] [INFO] Message 952
[SAGEN] [WARN] Warning 952
[SAGEN] [ERROR] Error 952
[SAGEN] [INFO] Message 953
[SAGEN] [WARN] Warning 953
[SAGEN] [ERROR] Error 953
[SAGEN] [INFO] Message 954
[SAGEN] [WARN] Warning 954
[SAGEN] [ERROR] Error 954
[SAGEN] [INFO] Message 955
[SAGEN] [WARN] Warning 955
[SAGEN] [ERROR] Error 955
[SAGEN] [INFO] Message 956
[SAGEN] [WARN] Warning 956
[SAGEN] [ERROR] Error 956
[SAGEN] [INFO] Message 957
[SAGEN] [WARN] Warning 957
[SAGEN] [ERROR] Error 957
[SAGEN] [INFO] Message 958
[SAGEN] [WARN] Warning 958
[SAGEN] [ERROR] Error 958
[SAGEN] [INFO] Message 959
[SAGEN] [WARN] Warning 959
[SAGEN] [ERROR] Error 959
[SAGEN] [INFO] Message 960
[SAGEN] [WARN] Warning 960
[SAGEN] [ERROR] Error 960
[SAGEN] [INFO] Message 961
[SAGEN] [WARN] Warning 961
[SAGEN] [ERROR] Error 961
[SAGEN] [INFO] Message 962
[SAGEN] [WARN] Warning 962
[SAGEN] [ERROR] Error 962
[SAGEN] [INFO] Message 963
[SAGEN] [WARN] Warning 963
[SAGEN] [ERROR] Error 963
[SAGEN] [INFO] Message 964
[SAGEN] [WARN] Warning 964
[SAGEN] [ERROR] Error 964
[SAGEN] [INFO] Message 965
[SAGEN] [WARN] Warning 965
[SAGEN] [ERROR] Error 965
[SAGEN] [INFO] Message 966
[SAGEN] [WARN] Warning 966
[SAGEN] [ERROR] Error 966
[SAGEN] [INFO] Message 967
[SAGEN] [WARN] Warning 967
[SAGEN] [ERROR] Error 967
[SAGEN] [INFO] Message 968
[SAGEN] [WARN] Warning 968
[SAGEN] [ERROR] Error 968
[SAGEN] [INFO] Message 969
[SAGEN] [WARN] Warning 969
[SAGEN] [ERROR] Error 969
[SAGEN] [INFO] Message 970
[SAGEN] [WARN] Warning 970
[SAGEN] [ERROR] Error 970
[SAGEN] [INFO] Message 971
[SAGEN] [WARN] Warning 971
[SAGEN] [ERROR] Error 971
[SAGEN] [INFO] Message 972
[SAGEN] [WARN] Warning 972
[SAGEN] [ERROR] Error 972
[SAGEN] [INFO] Message 973
[SAGEN] [WARN] Warning 973
[SAGEN] [ERROR] Error 973
[SAGEN] [INFO] Message 974
[SAGEN] [WARN] Warning 974
[SAGEN] [ERROR] Error 974
[SAGEN] [INFO] Message 975
[SAGEN] [WARN] Warning 975
[SAGEN] [ERROR] Error 975
[SAGEN] [INFO] Message 976
[SAGEN] [WARN] Warning 976
[SAGEN] [ERROR] Error 976
[SAGEN] [INFO] Message 977
[SAGEN] [WARN] Warning 977
[SAGEN] [ERROR] Error 977
[SAGEN] [INFO] Message 978
[SAGEN] [WARN] Warning 978
[SAGEN] [ERROR] Error 978
[SAGEN] [INFO] Message 979
[SAGEN] [WARN] Warning 979
[SAGEN] [ERROR] Error 979
[SAGEN] [INFO] Message 980
[SAGEN] [WARN] Warning 980
[SAGEN] [ERROR] Error 980
01:05 +594 -1: C:/dev/SAGENAPP/test/services/gemini_api_client_test.dart: GeminiApiClient generateStream throws AiException for empty Content list
01:05 +594 -1: C:/dev/SAGENAPP/test/services/load_test.dart: Load Testing - Concurrent Operations AppLogger handles 1000 concurrent writes
[SAGEN] [INFO] Message 981
[SAGEN] [WARN] Warning 981
[SAGEN] [ERROR] Error 981
[SAGEN] [INFO] Message 982
[SAGEN] [WARN] Warning 982
[SAGEN] [ERROR] Error 982
[SAGEN] [INFO] Message 983
[SAGEN] [WARN] Warning 983
[SAGEN] [ERROR] Error 983
[SAGEN] [INFO] Message 984
[SAGEN] [WARN] Warning 984
[SAGEN] [ERROR] Error 984
[SAGEN] [INFO] Message 985
[SAGEN] [WARN] Warning 985
[SAGEN] [ERROR] Error 985
[SAGEN] [INFO] Message 986
[SAGEN] [WARN] Warning 986
[SAGEN] [ERROR] Error 986
[SAGEN] [INFO] Message 987
[SAGEN] [WARN] Warning 987
[SAGEN] [ERROR] Error 987
[SAGEN] [INFO] Message 988
[SAGEN] [WARN] Warning 988
[SAGEN] [ERROR] Error 988
[SAGEN] [INFO] Message 989
[SAGEN] [WARN] Warning 989
[SAGEN] [ERROR] Error 989
[SAGEN] [INFO] Message 990
[SAGEN] [WARN] Warning 990
[SAGEN] [ERROR] Error 990
[SAGEN] [INFO] Message 991
[SAGEN] [WARN] Warning 991
[SAGEN] [ERROR] Error 991
[SAGEN] [INFO] Message 992
[SAGEN] [WARN] Warning 992
[SAGEN] [ERROR] Error 992
[SAGEN] [INFO] Message 993
[SAGEN] [WARN] Warning 993
[SAGEN] [ERROR] Error 993
[SAGEN] [INFO] Message 994
[SAGEN] [WARN] Warning 994
[SAGEN] [ERROR] Error 994
[SAGEN] [INFO] Message 995
[SAGEN] [WARN] Warning 995
[SAGEN] [ERROR] Error 995
[SAGEN] [INFO] Message 996
[SAGEN] [WARN] Warning 996
[SAGEN] [ERROR] Error 996
[SAGEN] [INFO] Message 997
[SAGEN] [WARN] Warning 997
[SAGEN] [ERROR] Error 997
[SAGEN] [INFO] Message 998
[SAGEN] [WARN] Warning 998
[SAGEN] [ERROR] Error 998
[SAGEN] [INFO] Message 999
[SAGEN] [WARN] Warning 999
[SAGEN] [ERROR] Error 999
01:05 +595 -1: C:/dev/SAGENAPP/test/services/gemini_api_client_test.dart: GeminiApiClient generateStream throws AiException for empty Content list
01:05 +595 -1: C:/dev/SAGENAPP/test/services/load_test.dart: Load Testing - Concurrent Operations Multiple AppLogger instances share state correctly
[SAGEN] [INFO] from logger1
[SAGEN] [INFO] from logger2
01:05 +596 -1: C:/dev/SAGENAPP/test/services/gemini_api_client_test.dart: GeminiApiClient generateStream throws AiException for empty Content list
01:05 +596 -1: C:/dev/SAGENAPP/test/services/load_test.dart: Load Testing - Concurrent Operations Rapid init/dispose cycles do not leak
[SAGEN] [INFO] cycle 0
[SAGEN] [ERROR] error 0
[SAGEN] [INFO] cycle 1
[SAGEN] [ERROR] error 1
[SAGEN] [INFO] cycle 2
[SAGEN] [ERROR] error 2
[SAGEN] [INFO] cycle 3
[SAGEN] [ERROR] error 3
[SAGEN] [INFO] cycle 4
[SAGEN] [ERROR] error 4
[SAGEN] [INFO] cycle 5
[SAGEN] [ERROR] error 5
[SAGEN] [INFO] cycle 6
[SAGEN] [ERROR] error 6
[SAGEN] [INFO] cycle 7
[SAGEN] [ERROR] error 7
[SAGEN] [INFO] cycle 8
[SAGEN] [ERROR] error 8
[SAGEN] [INFO] cycle 9
[SAGEN] [ERROR] error 9
[SAGEN] [INFO] cycle 10
[SAGEN] [ERROR] error 10
[SAGEN] [INFO] cycle 11
[SAGEN] [ERROR] error 11
[SAGEN] [INFO] cycle 12
[SAGEN] [ERROR] error 12
[SAGEN] [INFO] cycle 13
[SAGEN] [ERROR] error 13
[SAGEN] [INFO] cycle 14
[SAGEN] [ERROR] error 14
[SAGEN] [INFO] cycle 15
[SAGEN] [ERROR] error 15
[SAGEN] [INFO] cycle 16
[SAGEN] [ERROR] error 16
[SAGEN] [INFO] cycle 17
[SAGEN] [ERROR] error 17
[SAGEN] [INFO] cycle 18
[SAGEN] [ERROR] error 18
[SAGEN] [INFO] cycle 19
[SAGEN] [ERROR] error 19
01:05 +597 -1: C:/dev/SAGENAPP/test/services/gemini_api_client_test.dart: GeminiApiClient generateStream throws AiException for empty Content list
01:05 +597 -1: C:/dev/SAGENAPP/test/services/load_test.dart: Load Testing - Concurrent Operations Rapid init/dispose cycles do not leak
[SAGEN] [INFO] cycle 20
[SAGEN] [ERROR] error 20
[SAGEN] [INFO] cycle 21
[SAGEN] [ERROR] error 21
[SAGEN] [INFO] cycle 22
[SAGEN] [ERROR] error 22
[SAGEN] [INFO] cycle 23
[SAGEN] [ERROR] error 23
[SAGEN] [INFO] cycle 24
[SAGEN] [ERROR] error 24
[SAGEN] [INFO] cycle 25
[SAGEN] [ERROR] error 25
[SAGEN] [INFO] cycle 26
[SAGEN] [ERROR] error 26
[SAGEN] [INFO] cycle 27
[SAGEN] [ERROR] error 27
[SAGEN] [INFO] cycle 28
[SAGEN] [ERROR] error 28
[SAGEN] [INFO] cycle 29
[SAGEN] [ERROR] error 29
[SAGEN] [INFO] cycle 30
[SAGEN] [ERROR] error 30
[SAGEN] [INFO] cycle 31
[SAGEN] [ERROR] error 31
[SAGEN] [INFO] cycle 32
[SAGEN] [ERROR] error 32
[SAGEN] [INFO] cycle 33
[SAGEN] [ERROR] error 33
[SAGEN] [INFO] cycle 34
[SAGEN] [ERROR] error 34
[SAGEN] [INFO] cycle 35
[SAGEN] [ERROR] error 35
[SAGEN] [INFO] cycle 36
[SAGEN] [ERROR] error 36
[SAGEN] [INFO] cycle 37
[SAGEN] [ERROR] error 37
[SAGEN] [INFO] cycle 38
[SAGEN] [ERROR] error 38
[SAGEN] [INFO] cycle 39
[SAGEN] [ERROR] error 39
[SAGEN] [INFO] cycle 40
[SAGEN] [ERROR] error 40
[SAGEN] [INFO] cycle 41
[SAGEN] [ERROR] error 41
[SAGEN] [INFO] cycle 42
[SAGEN] [ERROR] error 42
[SAGEN] [INFO] cycle 43
[SAGEN] [ERROR] error 43
[SAGEN] [INFO] cycle 44
[SAGEN] [ERROR] error 44
[SAGEN] [INFO] cycle 45
[SAGEN] [ERROR] error 45
[SAGEN] [INFO] cycle 46
[SAGEN] [ERROR] error 46
[SAGEN] [INFO] cycle 47
[SAGEN] [ERROR] error 47
[SAGEN] [INFO] cycle 48
[SAGEN] [ERROR] error 48
[SAGEN] [INFO] cycle 49
[SAGEN] [ERROR] error 49
[SAGEN] [INFO] cycle 50
[SAGEN] [ERROR] error 50
[SAGEN] [INFO] cycle 51
[SAGEN] [ERROR] error 51
[SAGEN] [INFO] cycle 52
[SAGEN] [ERROR] error 52
[SAGEN] [INFO] cycle 53
[SAGEN] [ERROR] error 53
[SAGEN] [INFO] cycle 54
[SAGEN] [ERROR] error 54
[SAGEN] [INFO] cycle 55
[SAGEN] [ERROR] error 55
[SAGEN] [INFO] cycle 56
[SAGEN] [ERROR] error 56
[SAGEN] [INFO] cycle 57
[SAGEN] [ERROR] error 57
[SAGEN] [INFO] cycle 58
[SAGEN] [ERROR] error 58
[SAGEN] [INFO] cycle 59
[SAGEN] [ERROR] error 59
[SAGEN] [INFO] cycle 60
[SAGEN] [ERROR] error 60
[SAGEN] [INFO] cycle 61
[SAGEN] [ERROR] error 61
[SAGEN] [INFO] cycle 62
[SAGEN] [ERROR] error 62
[SAGEN] [INFO] cycle 63
[SAGEN] [ERROR] error 63
[SAGEN] [INFO] cycle 64
[SAGEN] [ERROR] error 64
[SAGEN] [INFO] cycle 65
[SAGEN] [ERROR] error 65
[SAGEN] [INFO] cycle 66
[SAGEN] [ERROR] error 66
[SAGEN] [INFO] cycle 67
[SAGEN] [ERROR] error 67
[SAGEN] [INFO] cycle 68
[SAGEN] [ERROR] error 68
[SAGEN] [INFO] cycle 69
[SAGEN] [ERROR] error 69
[SAGEN] [INFO] cycle 70
[SAGEN] [ERROR] error 70
[SAGEN] [INFO] cycle 71
[SAGEN] [ERROR] error 71
[SAGEN] [INFO] cycle 72
[SAGEN] [ERROR] error 72
[SAGEN] [INFO] cycle 73
[SAGEN] [ERROR] error 73
[SAGEN] [INFO] cycle 74
01:05 +598 -1: C:/dev/SAGENAPP/test/services/gemini_api_client_test.dart: GeminiApiClient generateStream throws AiException for empty Content list
01:05 +598 -1: C:/dev/SAGENAPP/test/services/load_test.dart: Load Testing - Concurrent Operations Rapid init/dispose cycles do not leak
[SAGEN] [ERROR] error 74
[SAGEN] [INFO] cycle 75
[SAGEN] [ERROR] error 75
[SAGEN] [INFO] cycle 76
[SAGEN] [ERROR] error 76
[SAGEN] [INFO] cycle 77
[SAGEN] [ERROR] error 77
[SAGEN] [INFO] cycle 78
[SAGEN] [ERROR] error 78
[SAGEN] [INFO] cycle 79
[SAGEN] [ERROR] error 79
[SAGEN] [INFO] cycle 80
[SAGEN] [ERROR] error 80
[SAGEN] [INFO] cycle 81
[SAGEN] [ERROR] error 81
[SAGEN] [INFO] cycle 82
[SAGEN] [ERROR] error 82
[SAGEN] [INFO] cycle 83
[SAGEN] [ERROR] error 83
[SAGEN] [INFO] cycle 84
[SAGEN] [ERROR] error 84
[SAGEN] [INFO] cycle 85
[SAGEN] [ERROR] error 85
[SAGEN] [INFO] cycle 86
[SAGEN] [ERROR] error 86
[SAGEN] [INFO] cycle 87
[SAGEN] [ERROR] error 87
[SAGEN] [INFO] cycle 88
01:05 +599 -1: C:/dev/SAGENAPP/test/services/gemini_api_client_test.dart: GeminiApiClient generateStream throws AiException for empty Content list
01:05 +599 -1: C:/dev/SAGENAPP/test/services/load_test.dart: Load Testing - Concurrent Operations Rapid init/dispose cycles do not leak
[SAGEN] [ERROR] error 88
[SAGEN] [INFO] cycle 89
[SAGEN] [ERROR] error 89
[SAGEN] [INFO] cycle 90
[SAGEN] [ERROR] error 90
[SAGEN] [INFO] cycle 91
[SAGEN] [ERROR] error 91
[SAGEN] [INFO] cycle 92
[SAGEN] [ERROR] error 92
[SAGEN] [INFO] cycle 93
[SAGEN] [ERROR] error 93
[SAGEN] [INFO] cycle 94
[SAGEN] [ERROR] error 94
[SAGEN] [INFO] cycle 95
[SAGEN] [ERROR] error 95
[SAGEN] [INFO] cycle 96
[SAGEN] [ERROR] error 96
[SAGEN] [INFO] cycle 97
[SAGEN] [ERROR] error 97
[SAGEN] [INFO] cycle 98
[SAGEN] [ERROR] error 98
[SAGEN] [INFO] cycle 99
[SAGEN] [ERROR] error 99
01:05 +600 -1: C:/dev/SAGENAPP/test/services/gemini_api_client_test.dart: GeminiApiClient generateStream throws AiException for empty Content list
01:05 +601 -1: C:/dev/SAGENAPP/test/services/gemini_api_client_test.dart: GeminiApiClient generateStream throws AiException for empty Content list
01:06 +602 -1: C:/dev/SAGENAPP/test/services/gemini_api_client_test.dart: GeminiApiClient generateStream throws AiException for empty Content list
01:06 +603 -1: C:/dev/SAGENAPP/test/services/gemini_api_client_test.dart: GeminiApiClient generateStream throws AiException for empty Content list
01:06 +604 -1: C:/dev/SAGENAPP/test/services/gemini_api_client_test.dart: GeminiApiClient generateStream throws AiException for empty Content list
01:07 +605 -1: C:/dev/SAGENAPP/test/services/gemini_api_client_test.dart: GeminiApiClient generateStream throws AiException for empty Content list
01:07 +606 -1: C:/dev/SAGENAPP/test/services/gemini_api_client_test.dart: GeminiApiClient generateStream throws AiException for empty Content list
01:07 +607 -1: C:/dev/SAGENAPP/test/services/gemini_api_client_test.dart: GeminiApiClient generateStream throws AiException for empty Content list
01:07 +608 -1: C:/dev/SAGENAPP/test/services/gemini_api_client_test.dart: GeminiApiClient generateStream throws AiException for empty Content list
01:07 +609 -1: C:/dev/SAGENAPP/test/services/gemini_api_client_test.dart: GeminiApiClient generateStream throws AiException for empty Content list
01:07 +610 -1: C:/dev/SAGENAPP/test/services/gemini_api_client_test.dart: GeminiApiClient generateStream throws AiException for empty Content list
01:07 +611 -1: C:/dev/SAGENAPP/test/services/gemini_api_client_test.dart: GeminiApiClient generateStream throws AiException for empty Content list
01:08 +612 -1: C:/dev/SAGENAPP/test/services/gemini_api_client_test.dart: GeminiApiClient generateStream throws AiException for empty Content list
01:08 +613 -1: C:/dev/SAGENAPP/test/services/gemini_api_client_test.dart: GeminiApiClient generateStream throws AiException for empty Content list
01:08 +614 -1: C:/dev/SAGENAPP/test/services/gemini_api_client_test.dart: GeminiApiClient generateStream throws AiException for empty Content list
01:08 +615 -1: C:/dev/SAGENAPP/test/services/gemini_api_client_test.dart: GeminiApiClient generateStream throws AiException for empty Content list
01:08 +616 -1: C:/dev/SAGENAPP/test/services/gemini_api_client_test.dart: GeminiApiClient generateStream throws AiException for empty Content list
01:08 +617 -1: C:/dev/SAGENAPP/test/services/gemini_api_client_test.dart: GeminiApiClient generateStream throws AiException for empty Content list
01:08 +618 -1: C:/dev/SAGENAPP/test/services/gemini_api_client_test.dart: GeminiApiClient generateStream throws AiException for empty Content list
01:08 +619 -1: C:/dev/SAGENAPP/test/services/gemini_api_client_test.dart: GeminiApiClient generateStream throws AiException for empty Content list
01:08 +620 -1: C:/dev/SAGENAPP/test/services/gemini_api_client_test.dart: GeminiApiClient generateStream throws AiException for empty Content list
01:08 +621 -1: C:/dev/SAGENAPP/test/services/gemini_api_client_test.dart: GeminiApiClient generateStream throws AiException for empty Content list
01:09 +622 -1: C:/dev/SAGENAPP/test/services/gemini_api_client_test.dart: GeminiApiClient generateStream throws AiException for empty Content list
01:09 +623 -1: C:/dev/SAGENAPP/test/services/gemini_api_client_test.dart: GeminiApiClient generateStream throws AiException for empty Content list
01:09 +624 -1: C:/dev/SAGENAPP/test/services/gemini_api_client_test.dart: GeminiApiClient generateStream throws AiException for empty Content list
01:09 +625 -1: C:/dev/SAGENAPP/test/services/gemini_api_client_test.dart: GeminiApiClient generateStream throws AiException for empty Content list
01:09 +626 -1: C:/dev/SAGENAPP/test/services/gemini_api_client_test.dart: GeminiApiClient generateStream throws AiException for empty Content list
01:09 +627 -1: C:/dev/SAGENAPP/test/services/gemini_api_client_test.dart: GeminiApiClient generateStream throws AiException for empty Content list
01:09 +628 -1: C:/dev/SAGENAPP/test/services/gemini_api_client_test.dart: GeminiApiClient generateStream throws AiException for empty Content list
01:09 +629 -1: C:/dev/SAGENAPP/test/services/gemini_api_client_test.dart: GeminiApiClient generateStream throws AiException for empty Content list
01:09 +630 -1: C:/dev/SAGENAPP/test/services/gemini_api_client_test.dart: GeminiApiClient generateStream throws AiException for empty Content list
01:09 +631 -1: C:/dev/SAGENAPP/test/services/gemini_api_client_test.dart: GeminiApiClient generateStream throws AiException for empty Content list
01:09 +631 -1: C:/dev/SAGENAPP/test/services/payment_test.dart: createPreference throws MercadoPagoException on invalid JSON
[ApiClient] jsonMap error: FormatException: Unexpected character (at character 1)
not json
^

[SAGEN] [ERROR] MP createPreference: invalid JSON
01:09 +632 -1: C:/dev/SAGENAPP/test/services/gemini_api_client_test.dart: GeminiApiClient generateStream throws AiException for empty Content list
01:09 +632 -1: C:/dev/SAGENAPP/test/services/payment_test.dart: createPreference throws MercadoPagoException when result is missing
[SAGEN] [ERROR] MP createPreference: no result
  Exception: {other: data}
01:09 +633 -1: C:/dev/SAGENAPP/test/services/gemini_api_client_test.dart: GeminiApiClient generateStream throws AiException for empty Content list
01:09 +633 -1: C:/dev/SAGENAPP/test/services/payment_test.dart: createPreference wraps ApiException into MercadoPagoException
[SAGEN] [ERROR] MP createPreference API error
  Exception: ApiException(ApiErrorType.network): Connection refused
01:09 +634 -1: C:/dev/SAGENAPP/test/services/gemini_api_client_test.dart: GeminiApiClient generateStream throws AiException for empty Content list
01:09 +634 -1: C:/dev/SAGENAPP/test/services/payment_test.dart: createPreference wraps generic exceptions into MercadoPagoException
[SAGEN] [ERROR] MP createPreference error
  Exception: Exception: unexpected
01:09 +635 -1: C:/dev/SAGENAPP/test/services/gemini_api_client_test.dart: GeminiApiClient generateStream throws AiException for empty Content list
01:09 +636 -1: C:/dev/SAGENAPP/test/services/gemini_api_client_test.dart: GeminiApiClient generateStream throws AiException for empty Content list
01:09 +637 -1: C:/dev/SAGENAPP/test/services/gemini_api_client_test.dart: GeminiApiClient generateStream throws AiException for empty Content list
01:09 +637 -1: C:/dev/SAGENAPP/test/services/payment_test.dart: checkHealth returns false on exception
[MercadoPagoService] checkHealth error: Exception: timeout
01:09 +638 -1: C:/dev/SAGENAPP/test/services/gemini_api_client_test.dart: GeminiApiClient generateStream throws AiException for empty Content list
01:09 +639 -1: C:/dev/SAGENAPP/test/services/gemini_api_client_test.dart: GeminiApiClient generateStream throws AiException for empty Content list
01:09 +640 -1: C:/dev/SAGENAPP/test/services/gemini_api_client_test.dart: GeminiApiClient generateStream throws AiException for empty Content list
01:09 +640 -1: C:/dev/SAGENAPP/test/services/payment_test.dart: validatePurchase propagates ApiException
[SAGEN] [ERROR] validatePurchase API error
  Exception: ApiException(ApiErrorType.server): Server error
01:09 +641 -1: C:/dev/SAGENAPP/test/services/gemini_api_client_test.dart: GeminiApiClient generateStream throws AiException for empty Content list
01:09 +642 -1: C:/dev/SAGENAPP/test/services/gemini_api_client_test.dart: GeminiApiClient generateStream throws AiException for empty Content list
01:09 +642 -1: C:/dev/SAGENAPP/test/services/payment_test.dart: registerPendingPayment propagates ApiException
[SAGEN] [ERROR] registerPendingPayment API error
  Exception: ApiException(ApiErrorType.network): No connection
01:09 +643 -1: C:/dev/SAGENAPP/test/services/gemini_api_client_test.dart: GeminiApiClient generateStream throws AiException for empty Content list
01:10 +644 -1: C:/dev/SAGENAPP/test/services/gemini_api_client_test.dart: GeminiApiClient generateStream throws AiException for empty Content list
01:10 +644 -1: C:/dev/SAGENAPP/test/services/performance_service_test.dart: PerformanceService init does not throw when Firebase unavailable
[SAGEN] [WARN] PerformanceService.init failed: [core/no-app] No Firebase App '[DEFAULT]' has been created - call Firebase.initializeApp()
01:10 +645 -1: C:/dev/SAGENAPP/test/services/gemini_api_client_test.dart: GeminiApiClient generateStream throws AiException for empty Content list
01:10 +646 -1: C:/dev/SAGENAPP/test/services/gemini_api_client_test.dart: GeminiApiClient generateStream throws AiException for empty Content list
01:10 +647 -1: C:/dev/SAGENAPP/test/services/gemini_api_client_test.dart: GeminiApiClient generateStream throws AiException for empty Content list
01:11 +648 -1: C:/dev/SAGENAPP/test/services/gemini_api_client_test.dart: GeminiApiClient generateStream throws AiException for empty Content list
01:11 +649 -1: C:/dev/SAGENAPP/test/services/gemini_api_client_test.dart: GeminiApiClient generateStream throws AiException for empty Content list
01:11 +650 -1: C:/dev/SAGENAPP/test/services/gemini_api_client_test.dart: GeminiApiClient generateStream throws AiException for empty Content list
01:11 +651 -1: C:/dev/SAGENAPP/test/services/gemini_api_client_test.dart: GeminiApiClient generateStream throws AiException for empty Content list
01:11 +652 -1: C:/dev/SAGENAPP/test/services/gemini_api_client_test.dart: GeminiApiClient generateStream throws AiException for empty Content list
01:11 +653 -1: C:/dev/SAGENAPP/test/services/gemini_api_client_test.dart: GeminiApiClient generateStream throws AiException for empty Content list
01:11 +654 -1: C:/dev/SAGENAPP/test/services/gemini_api_client_test.dart: GeminiApiClient generateStream throws AiException for empty Content list
01:11 +655 -1: C:/dev/SAGENAPP/test/services/gemini_api_client_test.dart: GeminiApiClient generateStream throws AiException for empty Content list
01:11 +656 -1: C:/dev/SAGENAPP/test/services/gemini_api_client_test.dart: GeminiApiClient generateStream throws AiException for empty Content list
01:11 +657 -1: C:/dev/SAGENAPP/test/services/gemini_api_client_test.dart: GeminiApiClient generateStream throws AiException for empty Content list
01:11 +658 -1: C:/dev/SAGENAPP/test/services/gemini_api_client_test.dart: GeminiApiClient generateStream throws AiException for empty Content list
01:11 +659 -1: C:/dev/SAGENAPP/test/services/gemini_api_client_test.dart: GeminiApiClient generateStream throws AiException for empty Content list
01:11 +660 -1: C:/dev/SAGENAPP/test/services/gemini_api_client_test.dart: GeminiApiClient generateStream throws AiException for empty Content list
01:12 +660 -1: C:/dev/SAGENAPP/test/services/question_bank_test.dart: QuestionBank getQuestionsForLesson returns empty list when no DB data (no hardcoded fallback)
[SAGEN] [ERROR] Failed to seed stage unknown_stage
  Exception: Unable to load asset: "assets/content/questions_unknown_stage.json".
The asset does not exist or has empty data.
[SAGEN] [WARN] QuestionBank: no questions found for unknown_stage/unknown_lesson
01:12 +661 -1: C:/dev/SAGENAPP/test/services/gemini_api_client_test.dart: GeminiApiClient generateStream throws AiException for empty Content list
01:12 +662 -1: C:/dev/SAGENAPP/test/services/gemini_api_client_test.dart: GeminiApiClient generateStream throws AiException for empty Content list
01:12 +663 -1: C:/dev/SAGENAPP/test/services/gemini_api_client_test.dart: GeminiApiClient generateStream throws AiException for empty Content list
01:12 +664 -1: C:/dev/SAGENAPP/test/services/gemini_api_client_test.dart: GeminiApiClient generateStream throws AiException for empty Content list
01:12 +665 -1: C:/dev/SAGENAPP/test/services/gemini_api_client_test.dart: GeminiApiClient generateStream throws AiException for empty Content list
01:12 +666 -1: C:/dev/SAGENAPP/test/services/gemini_api_client_test.dart: GeminiApiClient generateStream throws AiException for empty Content list
01:12 +667 -1: C:/dev/SAGENAPP/test/services/gemini_api_client_test.dart: GeminiApiClient generateStream throws AiException for empty Content list
01:12 +668 -1: C:/dev/SAGENAPP/test/services/gemini_api_client_test.dart: GeminiApiClient generateStream throws AiException for empty Content list
01:12 +669 -1: C:/dev/SAGENAPP/test/services/gemini_api_client_test.dart: GeminiApiClient generateStream throws AiException for empty Content list
01:12 +670 -1: C:/dev/SAGENAPP/test/services/gemini_api_client_test.dart: GeminiApiClient generateStream throws AiException for empty Content list
01:12 +671 -1: C:/dev/SAGENAPP/test/services/gemini_api_client_test.dart: GeminiApiClient generateStream throws AiException for empty Content list
01:12 +672 -1: C:/dev/SAGENAPP/test/services/gemini_api_client_test.dart: GeminiApiClient generateStream throws AiException for empty Content list
01:12 +673 -1: C:/dev/SAGENAPP/test/services/gemini_api_client_test.dart: GeminiApiClient generateStream throws AiException for empty Content list
01:12 +674 -1: C:/dev/SAGENAPP/test/services/gemini_api_client_test.dart: GeminiApiClient generateStream throws AiException for empty Content list
01:12 +675 -1: C:/dev/SAGENAPP/test/services/gemini_api_client_test.dart: GeminiApiClient generateStream throws AiException for empty Content list
01:12 +676 -1: C:/dev/SAGENAPP/test/services/gemini_api_client_test.dart: GeminiApiClient generateStream throws AiException for empty Content list
01:12 +677 -1: C:/dev/SAGENAPP/test/services/gemini_api_client_test.dart: GeminiApiClient generateStream throws AiException for empty Content list
01:12 +678 -1: C:/dev/SAGENAPP/test/services/gemini_api_client_test.dart: GeminiApiClient generateStream throws AiException for empty Content list
01:13 +679 -1: C:/dev/SAGENAPP/test/services/gemini_api_client_test.dart: GeminiApiClient generateStream throws AiException for empty Content list
01:13 +680 -1: C:/dev/SAGENAPP/test/services/gemini_api_client_test.dart: GeminiApiClient generateStream throws AiException for empty Content list
01:13 +681 -1: C:/dev/SAGENAPP/test/services/gemini_api_client_test.dart: GeminiApiClient generateStream throws AiException for empty Content list
01:13 +682 -1: C:/dev/SAGENAPP/test/services/gemini_api_client_test.dart: GeminiApiClient generateStream throws AiException for empty Content list
01:13 +683 -1: C:/dev/SAGENAPP/test/services/gemini_api_client_test.dart: GeminiApiClient generateStream throws AiException for empty Content list
01:14 +683 -1: C:/dev/SAGENAPP/test/services/security_accessibility_test.dart: AppLogger debug does not throw
[SAGEN] test message
01:14 +684 -1: C:/dev/SAGENAPP/test/services/gemini_api_client_test.dart: GeminiApiClient generateStream throws AiException for empty Content list
01:14 +684 -1: C:/dev/SAGENAPP/test/services/security_accessibility_test.dart: AppLogger info does not throw
[SAGEN] [INFO] test info
01:14 +685 -1: C:/dev/SAGENAPP/test/services/gemini_api_client_test.dart: GeminiApiClient generateStream throws AiException for empty Content list
01:14 +685 -1: C:/dev/SAGENAPP/test/services/security_accessibility_test.dart: AppLogger warning does not throw
[SAGEN] [WARN] test warning
01:14 +686 -1: C:/dev/SAGENAPP/test/services/gemini_api_client_test.dart: GeminiApiClient generateStream throws AiException for empty Content list
01:14 +686 -1: C:/dev/SAGENAPP/test/services/security_accessibility_test.dart: AppLogger error records recent errors
[SAGEN] [ERROR] test error
  Exception: Exception: bad
  Stack: #0      main.<anonymous closure>.<anonymous closure> (file:///C:/dev/SAGENAPP/test/services/security_accessibility_test.dart:26:63)
#1      Declarer.test.<anonymous closure>.<anonymous closure> (package:test_api/src/backend/declarer.dart:253:25)
<asynchronous suspension>
#2      Declarer.test.<anonymous closure> (package:test_api/src/backend/declarer.dart:250:11)
<asynchronous suspension>
#3      Invoker._waitForOutstandingCallbacks.<anonymous closure> (package:test_api/src/backend/invoker.dart:318:9)
<asynchronous suspension>

01:14 +687 -1: C:/dev/SAGENAPP/test/services/gemini_api_client_test.dart: GeminiApiClient generateStream throws AiException for empty Content list
01:14 +687 -1: C:/dev/SAGENAPP/test/services/security_accessibility_test.dart: AppLogger recentErrors caps at 50
[SAGEN] [ERROR] error 0
[SAGEN] [ERROR] error 1
[SAGEN] [ERROR] error 2
[SAGEN] [ERROR] error 3
[SAGEN] [ERROR] error 4
[SAGEN] [ERROR] error 5
[SAGEN] [ERROR] error 6
[SAGEN] [ERROR] error 7
[SAGEN] [ERROR] error 8
[SAGEN] [ERROR] error 9
[SAGEN] [ERROR] error 10
[SAGEN] [ERROR] error 11
[SAGEN] [ERROR] error 12
[SAGEN] [ERROR] error 13
[SAGEN] [ERROR] error 14
[SAGEN] [ERROR] error 15
[SAGEN] [ERROR] error 16
[SAGEN] [ERROR] error 17
[SAGEN] [ERROR] error 18
[SAGEN] [ERROR] error 19
[SAGEN] [ERROR] error 20
[SAGEN] [ERROR] error 21
[SAGEN] [ERROR] error 22
[SAGEN] [ERROR] error 23
[SAGEN] [ERROR] error 24
[SAGEN] [ERROR] error 25
[SAGEN] [ERROR] error 26
[SAGEN] [ERROR] error 27
[SAGEN] [ERROR] error 28
[SAGEN] [ERROR] error 29
[SAGEN] [ERROR] error 30
[SAGEN] [ERROR] error 31
[SAGEN] [ERROR] error 32
[SAGEN] [ERROR] error 33
[SAGEN] [ERROR] error 34
[SAGEN] [ERROR] error 35
[SAGEN] [ERROR] error 36
[SAGEN] [ERROR] error 37
[SAGEN] [ERROR] error 38
[SAGEN] [ERROR] error 39
[SAGEN] [ERROR] error 40
[SAGEN] [ERROR] error 41
[SAGEN] [ERROR] error 42
[SAGEN] [ERROR] error 43
[SAGEN] [ERROR] error 44
[SAGEN] [ERROR] error 45
[SAGEN] [ERROR] error 46
[SAGEN] [ERROR] error 47
[SAGEN] [ERROR] error 48
[SAGEN] [ERROR] error 49
[SAGEN] [ERROR] error 50
[SAGEN] [ERROR] error 51
[SAGEN] [ERROR] error 52
[SAGEN] [ERROR] error 53
[SAGEN] [ERROR] error 54
[SAGEN] [ERROR] error 55
[SAGEN] [ERROR] error 56
[SAGEN] [ERROR] error 57
[SAGEN] [ERROR] error 58
[SAGEN] [ERROR] error 59
01:14 +688 -1: C:/dev/SAGENAPP/test/services/gemini_api_client_test.dart: GeminiApiClient generateStream throws AiException for empty Content list
01:14 +688 -1: C:/dev/SAGENAPP/test/services/security_accessibility_test.dart: AppLogger log dispatches to correct level
[SAGEN] [INFO] via log method
[SAGEN] debug
[SAGEN] [WARN] warn
01:14 +689 -1: C:/dev/SAGENAPP/test/services/gemini_api_client_test.dart: GeminiApiClient generateStream throws AiException for empty Content list
01:15 +690 -1: C:/dev/SAGENAPP/test/services/gemini_api_client_test.dart: GeminiApiClient generateStream throws AiException for empty Content list
01:15 +691 -1: C:/dev/SAGENAPP/test/services/gemini_api_client_test.dart: GeminiApiClient generateStream throws AiException for empty Content list
01:15 +692 -1: C:/dev/SAGENAPP/test/services/gemini_api_client_test.dart: GeminiApiClient generateStream throws AiException for empty Content list
01:15 +693 -1: C:/dev/SAGENAPP/test/services/gemini_api_client_test.dart: GeminiApiClient generateStream throws AiException for empty Content list
01:15 +694 -1: C:/dev/SAGENAPP/test/services/gemini_api_client_test.dart: GeminiApiClient generateStream throws AiException for empty Content list
01:15 +695 -1: C:/dev/SAGENAPP/test/services/gemini_api_client_test.dart: GeminiApiClient generateStream throws AiException for empty Content list
01:15 +696 -1: C:/dev/SAGENAPP/test/services/gemini_api_client_test.dart: GeminiApiClient generateStream throws AiException for empty Content list
01:15 +697 -1: C:/dev/SAGENAPP/test/services/gemini_api_client_test.dart: GeminiApiClient generateStream throws AiException for empty Content list
01:15 +698 -1: C:/dev/SAGENAPP/test/services/gemini_api_client_test.dart: GeminiApiClient generateStream throws AiException for empty Content list
01:15 +699 -1: C:/dev/SAGENAPP/test/services/security_accessibility_test.dart: Accessibility - Semantic Labels Icon buttons have tooltips for screen readers
01:16 +700 -1: C:/dev/SAGENAPP/test/services/security_accessibility_test.dart: Accessibility - Semantic Labels Icon buttons have tooltips for screen readers
01:16 +700 -1: C:/dev/SAGENAPP/test/services/share_service_test.dart: ShareService shareImage returns false when platform unavailable
[SAGEN] [ERROR] Share failed
  Exception: MissingPluginException(No implementation found for method getTemporaryDirectory on channel plugins.flutter.io/path_provider)
01:16 +701 -1: C:/dev/SAGENAPP/test/services/security_accessibility_test.dart: Accessibility - Semantic Labels Icon buttons have tooltips for screen readers
01:16 +702 -1: C:/dev/SAGENAPP/test/services/security_accessibility_test.dart: Accessibility - Semantic Labels Text fields have semantic labels
01:17 +703 -1: C:/dev/SAGENAPP/test/services/security_accessibility_test.dart: Accessibility - Semantic Labels Buttons have semantic descriptions
01:17 +704 -1: C:/dev/SAGENAPP/test/services/security_accessibility_test.dart: Performance - Animation Timing Shimmer animation completes within expected time
01:18 +705 -1: C:/dev/SAGENAPP/test/services/smart_cache_test.dart: CacheEntry isExpired returns false when within TTL
01:18 +706 -1: C:/dev/SAGENAPP/test/services/smart_cache_test.dart: CacheEntry isExpired returns true when past TTL
01:19 +707 -1: C:/dev/SAGENAPP/test/services/smart_cache_test.dart: CacheEntry isExpired returns true for zero TTL
01:19 +708 -1: C:/dev/SAGENAPP/test/services/smart_cache_test.dart: CacheEntry toJson produces correct structure
01:19 +709 -1: C:/dev/SAGENAPP/test/services/smart_cache_test.dart: CacheEntry toJson handles non-string data
01:19 +710 -1: C:/dev/SAGENAPP/test/services/smart_cache_test.dart: CacheEntry fromJson restores string data correctly
01:19 +711 -1: C:/dev/SAGENAPP/test/services/smart_cache_test.dart: CacheEntry fromJson defaults ttlMs to 300000 when missing
01:19 +712 -1: C:/dev/SAGENAPP/test/services/smart_cache_test.dart: SmartCache ÔÇö NoOp behavior instance returns no-op cache when not initialized
01:19 +713 -1: C:/dev/SAGENAPP/test/services/smart_cache_test.dart: SmartCache ÔÇö NoOp behavior set is no-op when not initialized
01:19 +714 -1: C:/dev/SAGENAPP/test/services/smart_cache_test.dart: SmartCache ÔÇö NoOp behavior invalidate is no-op when not initialized
01:19 +715 -1: C:/dev/SAGENAPP/test/services/smart_cache_test.dart: SmartCache ÔÇö NoOp behavior invalidateAll is no-op when not initialized
01:19 +716 -1: C:/dev/SAGENAPP/test/services/smart_cache_test.dart: SmartCache ÔÇö Initialized stores and retrieves string values
01:19 +717 -1: C:/dev/SAGENAPP/test/services/smart_cache_test.dart: SmartCache ÔÇö Initialized returns null for missing keys
01:19 +718 -1: C:/dev/SAGENAPP/test/services/smart_cache_test.dart: SmartCache ÔÇö Initialized respects TTL expiration
01:19 +719 -1: C:/dev/SAGENAPP/test/services/smart_cache_test.dart: SmartCache ÔÇö Initialized invalidates single key
01:19 +720 -1: C:/dev/SAGENAPP/test/services/smart_cache_test.dart: SmartCache ÔÇö Initialized invalidates all keys
01:19 +721 -1: C:/dev/SAGENAPP/test/services/smart_cache_test.dart: SmartCache ÔÇö Initialized stores and retrieves int values
01:19 +722 -1: C:/dev/SAGENAPP/test/services/smart_cache_test.dart: SmartCache ÔÇö Initialized persists in SharedPreferences
01:19 +723 -1: C:/dev/SAGENAPP/test/services/smart_cache_test.dart: SmartCache ÔÇö Initialized respects maxMemoryEntries limit
01:20 +724 -1: C:/dev/SAGENAPP/test/services/streak_service_test.dart: StreakService load returns zero streak when no stored data
01:20 +725 -1: C:/dev/SAGENAPP/test/services/streak_service_test.dart: StreakService load loads saved streak values
01:20 +726 -1: C:/dev/SAGENAPP/test/services/streak_service_test.dart: StreakService load resets streak after 2+ days without freezes
01:20 +727 -1: C:/dev/SAGENAPP/test/services/streak_service_test.dart: StreakService load uses freeze for 2-day gap via checkIn
01:20 +728 -1: C:/dev/SAGENAPP/test/services/streak_service_test.dart: StreakService checkIn starts streak at 1 on first check-in
01:20 +729 -1: C:/dev/SAGENAPP/test/services/streak_service_test.dart: StreakService checkIn increments streak for consecutive day check-in
01:20 +730 -1: C:/dev/SAGENAPP/test/services/streak_service_test.dart: StreakService checkIn returns same streak for same-day check-in
01:20 +731 -1: C:/dev/SAGENAPP/test/services/streak_service_test.dart: StreakService checkIn resets streak after gap without freezes
01:20 +732 -1: C:/dev/SAGENAPP/test/services/streak_service_test.dart: StreakService checkIn limits freezes to 7
01:20 +733 -1: C:/dev/SAGENAPP/test/services/streak_service_test.dart: StreakService tier returns inactive for streak 0
01:20 +734 -1: C:/dev/SAGENAPP/test/services/streak_service_test.dart: StreakService tier returns basic for streak 1-6
01:20 +735 -1: C:/dev/SAGENAPP/test/services/streak_service_test.dart: StreakService tier returns glow for streak 7-13
01:20 +736 -1: C:/dev/SAGENAPP/test/services/streak_service_test.dart: StreakService tier returns particles for streak 14-29
01:20 +737 -1: C:/dev/SAGENAPP/test/services/streak_service_test.dart: StreakService tier returns crystal for streak 30-99
01:20 +738 -1: C:/dev/SAGENAPP/test/services/streak_service_test.dart: StreakService tier returns legendary for streak 100+
01:20 +739 -1: C:/dev/SAGENAPP/test/services/streak_service_test.dart: StreakService shouldSendReminder returns false when no streak
01:20 +740 -1: C:/dev/SAGENAPP/test/services/streak_service_test.dart: StreakService shouldSendReminder returns false when not at risk
01:20 +741 -1: C:/dev/SAGENAPP/test/services/streak_service_test.dart: StreakService shouldSendReminder returns true within 4 hours of midnight
01:20 +742 -1: C:/dev/SAGENAPP/test/services/streak_service_test.dart: StreakService StreakStatus timeUntilMidnight is positive
01:20 +743 -1: C:/dev/SAGENAPP/test/services/streak_service_test.dart: StreakService mocktail verification checkIn calls repo getters and saveAll
01:20 +744 -1: C:/dev/SAGENAPP/test/services/streak_service_test.dart: StreakService mocktail verification load calls repo getters without saving
01:21 +745 -1: C:/dev/SAGENAPP/test/services/sync_queue_test.dart: SyncQueueService queue is empty on init
01:21 +746 -1: C:/dev/SAGENAPP/test/services/sync_queue_test.dart: SyncQueueService enqueues operations
[SAGEN] SyncQueue: enqueued profileUpdate (1 pending)
01:21 +747 -1: C:/dev/SAGENAPP/test/services/sync_queue_test.dart: SyncQueueService removes operation by id
[SAGEN] SyncQueue: enqueued profileUpdate (1 pending)
[SAGEN] SyncQueue: enqueued profileUpdate (2 pending)
[SAGEN] SyncQueue: enqueued profileUpdate (3 pending)
01:21 +748 -1: C:/dev/SAGENAPP/test/services/sync_queue_test.dart: SyncQueueService processes queue successfully
[SAGEN] SyncQueue: enqueued profileUpdate (1 pending)
[SAGEN] SyncQueue: completed profileUpdate_1785768261727_0
01:21 +749 -1: C:/dev/SAGENAPP/test/services/sync_queue_test.dart: SyncQueueService retries failed operations
[SAGEN] SyncQueue: enqueued profileUpdate (1 pending)
[SAGEN] [WARN] SyncQueue: failed profileUpdate_1785768261763_0, retry 1/5
01:21 +750 -1: C:/dev/SAGENAPP/test/services/sync_queue_test.dart: SyncQueueService drops operations after max retries
[SAGEN] SyncQueue: enqueued profileUpdate (1 pending)
[SAGEN] [WARN] SyncQueue: failed profileUpdate_1785768261782_0, retry 1/5
[SAGEN] [WARN] SyncQueue: failed profileUpdate_1785768261782_0, retry 2/5
[SAGEN] [WARN] SyncQueue: failed profileUpdate_1785768261782_0, retry 3/5
[SAGEN] [WARN] SyncQueue: failed profileUpdate_1785768261782_0, retry 4/5
[SAGEN] [WARN] SyncQueue: failed profileUpdate_1785768261782_0, retry 5/5
[SAGEN] [WARN] SyncQueue: dropping operation profileUpdate_1785768261782_0 after 5 retries
01:21 +751 -1: C:/dev/SAGENAPP/test/services/sync_queue_test.dart: SyncQueueService persists across service resets
[SAGEN] SyncQueue: enqueued profileUpdate (1 pending)
[SAGEN] SyncQueue: loaded 0 pending operations
[SAGEN] SyncQueue: enqueued profileUpdate (1 pending)
01:21 +752 -1: C:/dev/SAGENAPP/test/services/sync_queue_test.dart: SyncQueueService handles multiple operation types
[SAGEN] SyncQueue: enqueued profileUpdate (1 pending)
[SAGEN] SyncQueue: enqueued missionComplete (2 pending)
[SAGEN] SyncQueue: enqueued addXp (3 pending)
01:21 +753 -1: C:/dev/SAGENAPP/test/services/sync_queue_test.dart: SyncQueueService clears all operations
[SAGEN] SyncQueue: enqueued profileUpdate (1 pending)
01:21 +754 -1: C:/dev/SAGENAPP/test/services/sync_queue_test.dart: SyncQueueService isProcessing is false when not processing
01:22 +755 -1: C:/dev/SAGENAPP/test/ui/auth/verify_email_screen_test.dart: VerifyEmailScreen renders verification email icon
01:27 +756 -1: C:/dev/SAGENAPP/test/ui/dashboard/lessons_screen_test.dart: LessonsScreen renders screen title
01:28 +757 -1: C:/dev/SAGENAPP/test/ui/dashboard/lessons_screen_test.dart: LessonsScreen renders screen title
01:28 +758 -1: C:/dev/SAGENAPP/test/ui/dashboard/lessons_screen_test.dart: LessonsScreen renders screen title
01:28 +759 -1: C:/dev/SAGENAPP/test/ui/dashboard/lessons_screen_test.dart: LessonsScreen renders screen title
01:29 +760 -1: C:/dev/SAGENAPP/test/ui/dashboard/lessons_screen_test.dart: LessonsScreen renders screen title
01:29 +761 -1: C:/dev/SAGENAPP/test/ui/dashboard/lessons_screen_test.dart: LessonsScreen renders screen title
01:30 +762 -1: C:/dev/SAGENAPP/test/ui/dashboard/ranking_screen_test.dart: RankingScreen renders ranking title and subtitle
01:30 +763 -1: C:/dev/SAGENAPP/test/ui/dashboard/ranking_screen_test.dart: RankingScreen renders ranking title and subtitle
01:30 +764 -1: C:/dev/SAGENAPP/test/ui/dashboard/ranking_screen_test.dart: RankingScreen renders ranking title and subtitle
01:30 +765 -1: C:/dev/SAGENAPP/test/ui/dashboard/ranking_screen_test.dart: RankingScreen renders ranking title and subtitle
01:31 +766 -1: C:/dev/SAGENAPP/test/ui/dashboard/ranking_screen_test.dart: RankingScreen renders ranking title and subtitle
01:31 +767 -1: C:/dev/SAGENAPP/test/ui/dashboard/ranking_screen_test.dart: RankingScreen renders ranking title and subtitle
01:32 +768 -1: C:/dev/SAGENAPP/test/ui/dashboard/ranking_screen_test.dart: RankingScreen renders ranking title and subtitle
01:32 +769 -1: C:/dev/SAGENAPP/test/ui/dashboard/store_screen_test.dart: StoreScreen layout renders top section titles
01:33 +770 -1: C:/dev/SAGENAPP/test/ui/dashboard/store_screen_test.dart: StoreScreen layout renders top section titles
01:33 +771 -1: C:/dev/SAGENAPP/test/ui/dashboard/store_screen_test.dart: StoreScreen layout renders top section titles
01:34 +772 -1: C:/dev/SAGENAPP/test/ui/dashboard/ranking_screen_test.dart: RankingScreen renders remaining entries in scrollable list
01:34 +773 -1: C:/dev/SAGENAPP/test/ui/dashboard/store_screen_test.dart: StoreScreen layout renders Personalizaci├│n section when scrolled
01:35 +774 -1: C:/dev/SAGENAPP/test/ui/dashboard/store_screen_test.dart: StoreScreen layout renders Personalizaci├│n section when scrolled
01:35 +775 -1: C:/dev/SAGENAPP/test/ui/dashboard/store_screen_test.dart: StoreScreen layout renders shop items when scrolled
01:36 +776 -1: C:/dev/SAGENAPP/test/ui/dashboard/store_screen_test.dart: StoreScreen layout shows gem count from learning provider
01:37 +777 -1: C:/dev/SAGENAPP/test/ui/lesson/first_lesson_screen_test.dart: FirstLessonScreen renders shimmer when questions are empty
01:37 +778 -1: C:/dev/SAGENAPP/test/ui/lesson/first_lesson_screen_test.dart: FirstLessonScreen renders shimmer when questions are empty
01:41 +779 -1: C:/dev/SAGENAPP/test/ui/registration/profile_success_screen_test.dart: ProfileSuccessScreen renders success check icon
01:42 +780 -1: C:/dev/SAGENAPP/test/ui/registration/profile_success_screen_test.dart: ProfileSuccessScreen renders success check icon
01:42 +781 -1: C:/dev/SAGENAPP/test/ui/registration/profile_success_screen_test.dart: ProfileSuccessScreen renders success check icon
01:43 +782 -1: C:/dev/SAGENAPP/test/ui/registration/profile_success_screen_test.dart: ProfileSuccessScreen renders success check icon
01:44 +783 -1: C:/dev/SAGENAPP/test/ui/registration/profile_success_screen_test.dart: ProfileSuccessScreen renders success check icon
01:44 +784 -1: C:/dev/SAGENAPP/test/ui/widgets/home/learning_track_tile_test.dart: renders track name and subtitle
01:45 +785 -1: C:/dev/SAGENAPP/test/ui/widgets/home/learning_track_tile_test.dart: renders track name and subtitle
01:45 +786 -1: C:/dev/SAGENAPP/test/ui/widgets/home/learning_track_tile_test.dart: renders track name and subtitle
01:45 +787 -1: C:/dev/SAGENAPP/test/ui/widgets/learning/quiz_progress_header_test.dart: renders title text
01:45 +788 -1: C:/dev/SAGENAPP/test/ui/widgets/learning/quiz_progress_header_test.dart: renders title text
01:45 +789 -1: C:/dev/SAGENAPP/test/ui/widgets/learning/quiz_progress_header_test.dart: renders title text
01:45 +790 -1: C:/dev/SAGENAPP/test/ui/widgets/learning/quiz_progress_header_test.dart: renders title text
01:46 +791 -1: C:/dev/SAGENAPP/test/ui/widgets/learning/quiz_progress_header_test.dart: renders title text
01:46 +792 -1: C:/dev/SAGENAPP/test/ui/widgets/learning/quiz_progress_header_test.dart: renders title text
01:47 +793 -1: C:/dev/SAGENAPP/test/ui/widgets/learning/quiz_progress_header_test.dart: renders title text
01:47 +794 -1: C:/dev/SAGENAPP/test/ui/widgets/learning/quiz_progress_header_test.dart: renders title text
01:47 +795 -1: C:/dev/SAGENAPP/test/ui/widgets/learning/quiz_progress_header_test.dart: renders title text
01:47 +796 -1: C:/dev/SAGENAPP/test/ui/widgets/learning/quiz_progress_header_test.dart: renders title text
01:47 +797 -1: C:/dev/SAGENAPP/test/ui/widgets/learning/quiz_progress_header_test.dart: renders question count as current / total
01:47 +798 -1: C:/dev/SAGENAPP/test/ui/widgets/learning/quiz_progress_header_test.dart: renders LinearProgressIndicator
01:48 +799 -1: C:/dev/SAGENAPP/test/ui/widgets/learning/quiz_progress_header_test.dart: renders close button
01:48 +800 -1: C:/dev/SAGENAPP/test/ui/widgets/learning/quiz_progress_header_test.dart: close button triggers Navigator.pop
01:49 +801 -1: C:/dev/SAGENAPP/test/ui/widgets/profile/settings_sheet_test.dart: SettingsSheet renders settings title
01:49 +802 -1: C:/dev/SAGENAPP/test/ui/widgets/profile/settings_sheet_test.dart: SettingsSheet renders settings title
01:49 +803 -1: C:/dev/SAGENAPP/test/ui/widgets/profile/settings_sheet_test.dart: SettingsSheet renders settings title
01:49 +804 -1: C:/dev/SAGENAPP/test/ui/widgets/profile/settings_sheet_test.dart: SettingsSheet renders settings title
01:49 +805 -1: C:/dev/SAGENAPP/test/ui/widgets/profile/settings_sheet_test.dart: SettingsSheet renders settings title
01:50 +806 -1: C:/dev/SAGENAPP/test/ui/widgets/profile/settings_sheet_test.dart: SettingsSheet renders settings title
01:50 +807 -1: C:/dev/SAGENAPP/test/ui/widgets/profile/settings_sheet_test.dart: SettingsSheet renders settings title
01:50 +808 -1: C:/dev/SAGENAPP/test/ui/widgets/profile/settings_sheet_test.dart: SettingsSheet renders settings title
01:50 +809 -1: C:/dev/SAGENAPP/test/ui/widgets/profile/settings_sheet_test.dart: SettingsSheet renders settings title
01:50 +810 -1: C:/dev/SAGENAPP/test/ui/widgets/profile/settings_sheet_test.dart: SettingsSheet renders settings title
01:50 +811 -1: C:/dev/SAGENAPP/test/ui/widgets/profile/settings_sheet_test.dart: SettingsSheet renders settings title
01:50 +812 -1: C:/dev/SAGENAPP/test/ui/widgets/profile/settings_sheet_test.dart: SettingsSheet renders settings title
01:50 +813 -1: C:/dev/SAGENAPP/test/ui/widgets/profile/settings_sheet_test.dart: SettingsSheet renders settings title
01:50 +814 -1: C:/dev/SAGENAPP/test/ui/widgets/profile/settings_sheet_test.dart: SettingsSheet renders settings title
01:50 +815 -1: C:/dev/SAGENAPP/test/ui/widgets/profile/settings_sheet_test.dart: SettingsSheet renders settings title
01:50 +816 -1: C:/dev/SAGENAPP/test/ui/widgets/profile/settings_sheet_test.dart: SettingsSheet renders settings title
01:50 +817 -1: C:/dev/SAGENAPP/test/ui/widgets/profile/settings_sheet_test.dart: SettingsSheet renders settings title
01:50 +818 -1: C:/dev/SAGENAPP/test/ui/widgets/profile/settings_sheet_test.dart: SettingsSheet renders settings title
01:50 +819 -1: C:/dev/SAGENAPP/test/ui/widgets/profile/settings_sheet_test.dart: SettingsSheet renders settings title
01:50 +820 -1: C:/dev/SAGENAPP/test/ui/widgets/profile/settings_sheet_test.dart: SettingsSheet renders settings title
01:51 +821 -1: C:/dev/SAGENAPP/test/ui/widgets/profile/settings_sheet_test.dart: SettingsSheet renders settings title
01:51 +822 -1: C:/dev/SAGENAPP/test/ui/widgets/profile/settings_sheet_test.dart: SettingsSheet renders settings title
01:51 +823 -1: C:/dev/SAGENAPP/test/ui/widgets/profile/settings_sheet_test.dart: SettingsSheet renders settings title
01:51 +824 -1: C:/dev/SAGENAPP/test/ui/widgets/profile/settings_sheet_test.dart: SettingsSheet renders settings title
01:51 +825 -1: C:/dev/SAGENAPP/test/ui/widgets/profile/settings_sheet_test.dart: SettingsSheet renders settings title
01:51 +826 -1: C:/dev/SAGENAPP/test/ui/widgets/profile/settings_sheet_test.dart: SettingsSheet renders settings title
01:51 +827 -1: C:/dev/SAGENAPP/test/ui/widgets/profile/settings_sheet_test.dart: SettingsSheet renders settings title
01:51 +828 -1: C:/dev/SAGENAPP/test/utils/retry_test.dart: retry succeeds after transient failure
01:51 +829 -1: C:/dev/SAGENAPP/test/utils/retry_test.dart: retry succeeds after transient failure
01:51 +830 -1: C:/dev/SAGENAPP/test/utils/retry_test.dart: retry succeeds after transient failure
01:51 +831 -1: C:/dev/SAGENAPP/test/utils/retry_test.dart: retry succeeds after transient failure
01:51 +832 -1: C:/dev/SAGENAPP/test/utils/retry_test.dart: retry succeeds after transient failure
01:51 +833 -1: C:/dev/SAGENAPP/test/utils/retry_test.dart: retry succeeds after transient failure
01:54 +834 -1: C:/dev/SAGENAPP/test/utils/retry_test.dart: retry throws after maxRetries exceeded
01:57 +835 -1: C:/dev/SAGENAPP/test/utils/retry_test.dart: retry respects shouldRetry returning false
01:57 +836 -1: C:/dev/SAGENAPP/test/utils/retry_test.dart: retry fixed delay policy retries correct number of times
01:57 +837 -1: C:/dev/SAGENAPP/test/utils/retry_test.dart: retry linearBackoff retries correct number of times
01:57 +838 -1: C:/dev/SAGENAPP/test/utils/retry_test.dart: retry exponentialBackoff retries correct number of times
01:57 +839 -1: C:/dev/SAGENAPP/test/utils/retry_test.dart: retry default config has maxRetries=3
01:57 +840 -1: Some tests failed.
